Archive member included because of file (symbol)

startup/libea_startup_thumb.a(consol.o)
                              main.o (simplePrintf)
startup/libea_startup_thumb.a(framework.o)
                              main.o (eaInit)
startup/libea_startup_thumb.a(startup.o)
                              (_startup)
pre_emptive_os/pre_emptive_os.a(kernel.o)
                              main.o (osInit)
pre_emptive_os/pre_emptive_os.a(prioqueue.o)
                              pre_emptive_os/pre_emptive_os.a(kernel.o) (initPrioQueue)
pre_emptive_os/pre_emptive_os.a(timer.o)
                              pre_emptive_os/pre_emptive_os.a(kernel.o) (timerTick)
pre_emptive_os/pre_emptive_os.a(stack_usage.o)
                              pre_emptive_os/pre_emptive_os.a(kernel.o) (createStackPattern)
pre_emptive_os/pre_emptive_os.a(a7hal.o)
                              pre_emptive_os/pre_emptive_os.a(kernel.o) (stkFrameInit_oshal)
pre_emptive_os/pre_emptive_os.a(a7hal_a.o)
                              pre_emptive_os/pre_emptive_os.a(kernel.o) (startHighProc_oshal)
pre_emptive_os/pre_emptive_os.a(count_sem.o)
                              pre_emptive_os/pre_emptive_os.a(timer.o) (osSemInit)
pre_emptive_os/pre_emptive_os.a(event.o)
                              pre_emptive_os/pre_emptive_os.a(count_sem.o) (eventInit)
/cygdrive/c/Embedded/GNUARM/bin/../lib/gcc/arm-elf/4.1.1/interwork/libgcc.a(_udivsi3.o)
                              startup/libea_startup_thumb.a(consol.o) (__udivsi3)
/cygdrive/c/Embedded/GNUARM/bin/../lib/gcc/arm-elf/4.1.1/interwork/libgcc.a(_divsi3.o)
                              snake.o (__divsi3)
/cygdrive/c/Embedded/GNUARM/bin/../lib/gcc/arm-elf/4.1.1/interwork/libgcc.a(_umodsi3.o)
                              startup/libea_startup_thumb.a(consol.o) (__umodsi3)
/cygdrive/c/Embedded/GNUARM/bin/../lib/gcc/arm-elf/4.1.1/interwork/libgcc.a(_modsi3.o)
                              snake.o (__modsi3)
/cygdrive/c/Embedded/GNUARM/bin/../lib/gcc/arm-elf/4.1.1/interwork/libgcc.a(_dvmd_tls.o)
                              /cygdrive/c/Embedded/GNUARM/bin/../lib/gcc/arm-elf/4.1.1/interwork/libgcc.a(_udivsi3.o) (__div0)
/cygdrive/c/Embedded/GNUARM/bin/../lib/gcc/arm-elf/4.1.1/interwork/libgcc.a(_call_via_rX.o)
                              pre_emptive_os/pre_emptive_os.a(timer.o) (_call_via_r4)
/cygdrive/c/Embedded/GNUARM/bin/../lib/gcc/arm-elf/4.1.1/../../../../arm-elf/lib/interwork/libc.a(atoi.o)
                              startup/libea_startup_thumb.a(consol.o) (atoi)
/cygdrive/c/Embedded/GNUARM/bin/../lib/gcc/arm-elf/4.1.1/../../../../arm-elf/lib/interwork/libc.a(memcpy.o)
                              pca9532.o (memcpy)
/cygdrive/c/Embedded/GNUARM/bin/../lib/gcc/arm-elf/4.1.1/../../../../arm-elf/lib/interwork/libc.a(rand.o)
                              snake.o (srand)
/cygdrive/c/Embedded/GNUARM/bin/../lib/gcc/arm-elf/4.1.1/../../../../arm-elf/lib/interwork/libc.a(strlen.o)
                              startup/libea_startup_thumb.a(consol.o) (strlen)
/cygdrive/c/Embedded/GNUARM/bin/../lib/gcc/arm-elf/4.1.1/../../../../arm-elf/lib/interwork/libc.a(strtol.o)
                              /cygdrive/c/Embedded/GNUARM/bin/../lib/gcc/arm-elf/4.1.1/../../../../arm-elf/lib/interwork/libc.a(atoi.o) (_strtol_r)
/cygdrive/c/Embedded/GNUARM/bin/../lib/gcc/arm-elf/4.1.1/../../../../arm-elf/lib/interwork/libc.a(ctype_.o)
                              /cygdrive/c/Embedded/GNUARM/bin/../lib/gcc/arm-elf/4.1.1/../../../../arm-elf/lib/interwork/libc.a(strtol.o) (__ctype_ptr)
/cygdrive/c/Embedded/GNUARM/bin/../lib/gcc/arm-elf/4.1.1/../../../../arm-elf/lib/interwork/libc.a(impure.o)
                              /cygdrive/c/Embedded/GNUARM/bin/../lib/gcc/arm-elf/4.1.1/../../../../arm-elf/lib/interwork/libc.a(rand.o) (_impure_ptr)

Allocating common symbols
Common symbol       size              file

snake               0x320             snake.o
ms                  0x4               main.o
pHeapEnd            0x4               startup/libea_startup_thumb.a(framework.o)
pHeapStart          0x4               startup/libea_startup_thumb.a(framework.o)
processControlBlocks
                    0xf0              pre_emptive_os/pre_emptive_os.a(kernel.o)

Discarded input sections

 .stabstr       0x00000000        0x0 startup/libea_startup_thumb.a(startup.o)
 .stabstr       0x00000000        0x0 pre_emptive_os/pre_emptive_os.a(a7hal_a.o)

Memory Configuration

Name             Origin             Length             Attributes
FLASH            0x00000000         0x00008000         xr
RAM              0x40000000         0x00002000         rw
*default*        0x00000000         0xffffffff

Linker script and memory map

LOAD main.o
LOAD eeprom.o
LOAD i2c/i2c.o
LOAD adc/adc.o
LOAD pca9532.o
LOAD lcd/lcd.o
LOAD lcd/lcd_hw.o
LOAD snake.o
LOAD key.o
LOAD select.o
LOAD startup/libea_startup_thumb.a
LOAD pre_emptive_os/pre_emptive_os.a
START GROUP
LOAD /cygdrive/c/Embedded/GNUARM/bin/../lib/gcc/arm-elf/4.1.1/interwork/libgcc.a
LOAD /cygdrive/c/Embedded/GNUARM/bin/../lib/gcc/arm-elf/4.1.1/../../../../arm-elf/lib/interwork/libc.a
END GROUP

.text           0x00000000     0x3c50
 *startup.o(.text)
 .text          0x00000000      0x1d8 startup/libea_startup_thumb.a(startup.o)
                0x00000000                _startup
 *(.text)
 .text          0x000001d8      0x3e8 main.o
                0x000001d8                appTick
                0x000001e8                main
 .text          0x000005c0      0x2b4 eeprom.o
                0x00000658                pca9532
                0x00000744                eepromWrite
                0x00000828                eepromPoll
                0x000007b0                eepromPageRead
                0x000005c0                eepromStartRead
 .text          0x00000874      0x39c i2c/i2c.o
                0x0000088c                i2cInit
                0x00000ad0                i2cRead
                0x000009fc                i2cWriteWithWait
                0x000008d8                i2cStart
                0x00000924                i2cStop
                0x00000874                i2cCheckStatus
                0x00000978                i2cGetChar
                0x00000a84                i2cRepeatStart
                0x00000b70                i2cWrite
                0x000009d0                i2cWaitTransmit
                0x00000a2c                i2cMyWrite
                0x0000094c                i2cPutChar
 .text          0x00000c10       0xc0 adc/adc.o
                0x00000c10                getAnalogueInput
                0x00000c48                initAdc
 .text          0x00000cd0       0xec pca9532.o
                0x00000cf8                setPca9532Pin
                0x00000cd0                getPca9532Pin
                0x00000d84                pca9532Init
 .text          0x00000dbc      0x570 lcd/lcd.o
                0x00000dbc                lcdColor
                0x00000f88                lcdWindow
                0x000011c8                lcdClrscr
                0x00001090                lcdRectBrd
                0x00000f0c                lcdPutchar
                0x000011a4                lcdContrast
                0x0000121c                lcdOff
                0x00001238                lcdInit
                0x00000fe0                lcdIcon
                0x00000e44                lcdData
                0x00000dd0                lcdWrdata
                0x00001140                lcdRect
                0x00000de0                lcdWrcmd
                0x00000f70                lcdPuts
                0x00000fb8                lcdGotoxy
 .text          0x0000132c       0xd8 lcd/lcd_hw.o
                0x0000132c                sendToLCD
                0x000013c8                initSpiForLcd
                0x000013a8                selectLCD
 .text          0x00001404      0x528 snake.o
                0x000016e4                playSnake
 .text          0x0000192c      0x240 key.o
                0x0000198c                checkKey2
                0x00001998                sampleKey
                0x00001b0c                initKeyProc
                0x0000197c                checkKey
                0x0000192c                getKeys
 .text          0x00001b6c      0x160 select.o
                0x00001bdc                drawMenu
 .text          0x00001ccc      0x67c startup/libea_startup_thumb.a(consol.o)
                0x00002184                consolGetIntNum
                0x00001dc0                consolSendCh
                0x00001f8c                consolGetString
                0x00001e30                consolSendNumber
                0x00001f48                consolGetCh
                0x00001da0                consolSendChar
                0x00002004                simplePrintf
                0x00001e04                consolSendString
                0x00002264                consolScanf
                0x00001f68                consolGetChar
                0x00001d50                consolInit
 .text          0x00002348      0x2bc startup/libea_startup_thumb.a(framework.o)
                0x00002470                eaInit
                0x000023c0                lowLevelInit
                0x00002348                exceptionHandlerInit
 .text          0x00002604      0x4f8 pre_emptive_os/pre_emptive_os.a(kernel.o)
                0x00002980                osTick
                0x00002a44                rmvFromRdyList
                0x000027a0                osGetHighPrioProc
                0x00002a60                osSuspend
                0x000026b4                osInit
                0x00002a94                osDeleteProcess
                0x000026e0                osISREnter
                0x000027bc                schedule
                0x00002704                osCreateProcess
                0x00002900                addToRdyList
                0x00002650                addToTimeList
                0x00002914                osResume
                0x00002604                osPid
                0x00002ac4                osSleep
                0x00002828                osISRExit
                0x00002890                osStart
                0x000028bc                rmvFromTimeList
                0x000029dc                osStartProcess
 .text          0x00002afc      0x124 pre_emptive_os/pre_emptive_os.a(prioqueue.o)
                0x00002afc                initPrioQueue
                0x00002b64                rmvFromPrioQueue
                0x00002b1c                addToPrioQueue
                0x00002c00                isEmptyPrioQueue
                0x00002bc8                getHighPrioQueue
 .text          0x00002c20      0x218 pre_emptive_os/pre_emptive_os.a(timer.o)
                0x00002c20                timerTick
                0x00002d94                osInitTimers
                0x00002d30                osDeleteTimer
                0x00002d04                osCreateTimer
 .text          0x00002e38       0xa4 pre_emptive_os/pre_emptive_os.a(stack_usage.o)
                0x00002e38                osStackUsage
                0x00002e7c                createStackPattern
                0x00002e9c                checkStackLimit
 .text          0x00002edc      0x1ec pre_emptive_os/pre_emptive_os.a(a7hal.o)
                0x00002f14                stkFrameInit_oshal
                0x00002edc                timerIsr_oshal
                0x00002ff4                halRestoreInterrupts_oshal
                0x00002ffc                initTimer_oshal
                0x00002fe4                halEnableInterrupts_oshal
                0x00003094                handleIRQs_oshal
                0x00002fc4                halDisableInterrupts_oshal
 .text          0x000030c8       0xc4 pre_emptive_os/pre_emptive_os.a(a7hal_a.o)
                0x000030d4                startHighProc_oshal
                0x000030fc                ctxSwitchIsr_oshal
                0x000030dc                ctxSwitch_oshal
                0x0000311c                generalIRQ_oshal
 .text          0x0000318c      0x144 pre_emptive_os/pre_emptive_os.a(count_sem.o)
                0x0000322c                osSemGive
                0x00003290                osSemTryTake
                0x0000318c                osSemInit
                0x000031a0                osSemTake
 .text          0x000032d0       0xd8 pre_emptive_os/pre_emptive_os.a(event.o)
                0x000032e0                eventWait
                0x000032d0                eventInit
                0x00003348                eventIsEmpty
                0x00003318                eventWaitReturn
                0x00003358                eventSignal
 .text          0x000033a8      0x114 /cygdrive/c/Embedded/GNUARM/bin/../lib/gcc/arm-elf/4.1.1/interwork/libgcc.a(_udivsi3.o)
                0x000033a8                __udivsi3
                0x000033a8                __aeabi_uidiv
                0x000034a4                __aeabi_uidivmod
 .text          0x000034bc      0x144 /cygdrive/c/Embedded/GNUARM/bin/../lib/gcc/arm-elf/4.1.1/interwork/libgcc.a(_divsi3.o)
                0x000034bc                __aeabi_idiv
                0x000034bc                __divsi3
                0x000035e8                __aeabi_idivmod
 .text          0x00003600       0xd0 /cygdrive/c/Embedded/GNUARM/bin/../lib/gcc/arm-elf/4.1.1/interwork/libgcc.a(_umodsi3.o)
                0x00003600                __umodsi3
 .text          0x000036d0       0xe8 /cygdrive/c/Embedded/GNUARM/bin/../lib/gcc/arm-elf/4.1.1/interwork/libgcc.a(_modsi3.o)
                0x000036d0                __modsi3
 .text          0x000037b8        0x4 /cygdrive/c/Embedded/GNUARM/bin/../lib/gcc/arm-elf/4.1.1/interwork/libgcc.a(_dvmd_tls.o)
                0x000037b8                __aeabi_ldiv0
                0x000037b8                __div0
                0x000037b8                __aeabi_idiv0
 .text          0x000037bc       0x3c /cygdrive/c/Embedded/GNUARM/bin/../lib/gcc/arm-elf/4.1.1/interwork/libgcc.a(_call_via_rX.o)
                0x000037c4                _call_via_r2
                0x000037d4                _call_via_r6
                0x000037d0                _call_via_r5
                0x000037c8                _call_via_r3
                0x000037e8                _call_via_fp
                0x000037dc                _call_via_r8
                0x000037d8                _call_via_r7
                0x000037bc                _call_via_r0
                0x000037e4                _call_via_sl
                0x000037f0                _call_via_sp
                0x000037e0                _call_via_r9
                0x000037cc                _call_via_r4
                0x000037c0                _call_via_r1
                0x000037ec                _call_via_ip
                0x000037f4                _call_via_lr
 .text          0x000037f8       0x30 /cygdrive/c/Embedded/GNUARM/bin/../lib/gcc/arm-elf/4.1.1/../../../../arm-elf/lib/interwork/libc.a(atoi.o)
                0x000037f8                _atoi_r
                0x00003810                atoi
 .text          0x00003828       0x9c /cygdrive/c/Embedded/GNUARM/bin/../lib/gcc/arm-elf/4.1.1/../../../../arm-elf/lib/interwork/libc.a(memcpy.o)
                0x00003828                memcpy
 .text          0x000038c4       0x7c /cygdrive/c/Embedded/GNUARM/bin/../lib/gcc/arm-elf/4.1.1/../../../../arm-elf/lib/interwork/libc.a(rand.o)
                0x000038e0                rand
                0x000038c4                srand
 .text          0x00003940       0x90 /cygdrive/c/Embedded/GNUARM/bin/../lib/gcc/arm-elf/4.1.1/../../../../arm-elf/lib/interwork/libc.a(strlen.o)
                0x00003940                strlen
 .text          0x000039d0      0x1f0 /cygdrive/c/Embedded/GNUARM/bin/../lib/gcc/arm-elf/4.1.1/../../../../arm-elf/lib/interwork/libc.a(strtol.o)
                0x00003b94                strtol
                0x000039d0                _strtol_r
 .text          0x00003bc0        0x0 /cygdrive/c/Embedded/GNUARM/bin/../lib/gcc/arm-elf/4.1.1/../../../../arm-elf/lib/interwork/libc.a(ctype_.o)
 .text          0x00003bc0        0x0 /cygdrive/c/Embedded/GNUARM/bin/../lib/gcc/arm-elf/4.1.1/../../../../arm-elf/lib/interwork/libc.a(impure.o)
 *(.glue_7)
 .glue_7        0x00003bc0        0x0 main.o
 .glue_7        0x00003bc0        0x0 eeprom.o
 .glue_7        0x00003bc0        0x0 i2c/i2c.o
 .glue_7        0x00003bc0        0x0 adc/adc.o
 .glue_7        0x00003bc0        0x0 pca9532.o
 .glue_7        0x00003bc0        0x0 lcd/lcd.o
 .glue_7        0x00003bc0        0x0 lcd/lcd_hw.o
 .glue_7        0x00003bc0        0x0 snake.o
 .glue_7        0x00003bc0        0x0 key.o
 .glue_7        0x00003bc0        0x0 select.o
 .glue_7        0x00003bc0        0x0 startup/libea_startup_thumb.a(consol.o)
 .glue_7        0x00003bc0        0x0 startup/libea_startup_thumb.a(framework.o)
 .glue_7        0x00003bc0        0x0 startup/libea_startup_thumb.a(startup.o)
 .glue_7        0x00003bc0        0x0 pre_emptive_os/pre_emptive_os.a(kernel.o)
 .glue_7        0x00003bc0        0x0 pre_emptive_os/pre_emptive_os.a(prioqueue.o)
 .glue_7        0x00003bc0        0x0 pre_emptive_os/pre_emptive_os.a(timer.o)
 .glue_7        0x00003bc0        0x0 pre_emptive_os/pre_emptive_os.a(stack_usage.o)
 .glue_7        0x00003bc0        0x0 pre_emptive_os/pre_emptive_os.a(a7hal.o)
 .glue_7        0x00003bc0        0x0 pre_emptive_os/pre_emptive_os.a(a7hal_a.o)
 .glue_7        0x00003bc0        0x0 pre_emptive_os/pre_emptive_os.a(count_sem.o)
 .glue_7        0x00003bc0        0x0 pre_emptive_os/pre_emptive_os.a(event.o)
 .glue_7        0x00003bc0        0x0 /cygdrive/c/Embedded/GNUARM/bin/../lib/gcc/arm-elf/4.1.1/interwork/libgcc.a(_udivsi3.o)
 .glue_7        0x00003bc0        0x0 /cygdrive/c/Embedded/GNUARM/bin/../lib/gcc/arm-elf/4.1.1/interwork/libgcc.a(_divsi3.o)
 .glue_7        0x00003bc0        0x0 /cygdrive/c/Embedded/GNUARM/bin/../lib/gcc/arm-elf/4.1.1/interwork/libgcc.a(_umodsi3.o)
 .glue_7        0x00003bc0        0x0 /cygdrive/c/Embedded/GNUARM/bin/../lib/gcc/arm-elf/4.1.1/interwork/libgcc.a(_modsi3.o)
 .glue_7        0x00003bc0        0x0 /cygdrive/c/Embedded/GNUARM/bin/../lib/gcc/arm-elf/4.1.1/interwork/libgcc.a(_dvmd_tls.o)
 .glue_7        0x00003bc0        0x0 /cygdrive/c/Embedded/GNUARM/bin/../lib/gcc/arm-elf/4.1.1/interwork/libgcc.a(_call_via_rX.o)
 .glue_7        0x00003bc0        0x0 /cygdrive/c/Embedded/GNUARM/bin/../lib/gcc/arm-elf/4.1.1/../../../../arm-elf/lib/interwork/libc.a(atoi.o)
 .glue_7        0x00003bc0        0x0 /cygdrive/c/Embedded/GNUARM/bin/../lib/gcc/arm-elf/4.1.1/../../../../arm-elf/lib/interwork/libc.a(memcpy.o)
 .glue_7        0x00003bc0        0x0 /cygdrive/c/Embedded/GNUARM/bin/../lib/gcc/arm-elf/4.1.1/../../../../arm-elf/lib/interwork/libc.a(rand.o)
 .glue_7        0x00003bc0        0x0 /cygdrive/c/Embedded/GNUARM/bin/../lib/gcc/arm-elf/4.1.1/../../../../arm-elf/lib/interwork/libc.a(strlen.o)
 .glue_7        0x00003bc0        0x0 /cygdrive/c/Embedded/GNUARM/bin/../lib/gcc/arm-elf/4.1.1/../../../../arm-elf/lib/interwork/libc.a(strtol.o)
 .glue_7        0x00003bc0        0x0 /cygdrive/c/Embedded/GNUARM/bin/../lib/gcc/arm-elf/4.1.1/../../../../arm-elf/lib/interwork/libc.a(ctype_.o)
 .glue_7        0x00003bc0       0x18 /cygdrive/c/Embedded/GNUARM/bin/../lib/gcc/arm-elf/4.1.1/../../../../arm-elf/lib/interwork/libc.a(impure.o)
                0x00003bcc                __osISRExit_from_arm
                0x00003bc0                __osTick_from_arm
 *(.glue_7t)
 .glue_7t       0x00003bd8        0x0 main.o
 .glue_7t       0x00003bd8        0x0 eeprom.o
 .glue_7t       0x00003bd8        0x0 i2c/i2c.o
 .glue_7t       0x00003bd8        0x0 adc/adc.o
 .glue_7t       0x00003bd8        0x0 pca9532.o
 .glue_7t       0x00003bd8        0x0 lcd/lcd.o
 .glue_7t       0x00003bd8        0x0 lcd/lcd_hw.o
 .glue_7t       0x00003bd8        0x0 snake.o
 .glue_7t       0x00003bd8        0x0 key.o
 .glue_7t       0x00003bd8        0x0 select.o
 .glue_7t       0x00003bd8        0x0 startup/libea_startup_thumb.a(consol.o)
 .glue_7t       0x00003bd8        0x0 startup/libea_startup_thumb.a(framework.o)
 .glue_7t       0x00003bd8        0x0 startup/libea_startup_thumb.a(startup.o)
 .glue_7t       0x00003bd8        0x0 pre_emptive_os/pre_emptive_os.a(kernel.o)
 .glue_7t       0x00003bd8        0x0 pre_emptive_os/pre_emptive_os.a(prioqueue.o)
 .glue_7t       0x00003bd8        0x0 pre_emptive_os/pre_emptive_os.a(timer.o)
 .glue_7t       0x00003bd8        0x0 pre_emptive_os/pre_emptive_os.a(stack_usage.o)
 .glue_7t       0x00003bd8        0x0 pre_emptive_os/pre_emptive_os.a(a7hal.o)
 .glue_7t       0x00003bd8        0x0 pre_emptive_os/pre_emptive_os.a(a7hal_a.o)
 .glue_7t       0x00003bd8        0x0 pre_emptive_os/pre_emptive_os.a(count_sem.o)
 .glue_7t       0x00003bd8        0x0 pre_emptive_os/pre_emptive_os.a(event.o)
 .glue_7t       0x00003bd8        0x0 /cygdrive/c/Embedded/GNUARM/bin/../lib/gcc/arm-elf/4.1.1/interwork/libgcc.a(_udivsi3.o)
 .glue_7t       0x00003bd8        0x0 /cygdrive/c/Embedded/GNUARM/bin/../lib/gcc/arm-elf/4.1.1/interwork/libgcc.a(_divsi3.o)
 .glue_7t       0x00003bd8        0x0 /cygdrive/c/Embedded/GNUARM/bin/../lib/gcc/arm-elf/4.1.1/interwork/libgcc.a(_umodsi3.o)
 .glue_7t       0x00003bd8        0x0 /cygdrive/c/Embedded/GNUARM/bin/../lib/gcc/arm-elf/4.1.1/interwork/libgcc.a(_modsi3.o)
 .glue_7t       0x00003bd8        0x0 /cygdrive/c/Embedded/GNUARM/bin/../lib/gcc/arm-elf/4.1.1/interwork/libgcc.a(_dvmd_tls.o)
 .glue_7t       0x00003bd8        0x0 /cygdrive/c/Embedded/GNUARM/bin/../lib/gcc/arm-elf/4.1.1/interwork/libgcc.a(_call_via_rX.o)
 .glue_7t       0x00003bd8        0x0 /cygdrive/c/Embedded/GNUARM/bin/../lib/gcc/arm-elf/4.1.1/../../../../arm-elf/lib/interwork/libc.a(atoi.o)
 .glue_7t       0x00003bd8        0x0 /cygdrive/c/Embedded/GNUARM/bin/../lib/gcc/arm-elf/4.1.1/../../../../arm-elf/lib/interwork/libc.a(memcpy.o)
 .glue_7t       0x00003bd8        0x0 /cygdrive/c/Embedded/GNUARM/bin/../lib/gcc/arm-elf/4.1.1/../../../../arm-elf/lib/interwork/libc.a(rand.o)
 .glue_7t       0x00003bd8        0x0 /cygdrive/c/Embedded/GNUARM/bin/../lib/gcc/arm-elf/4.1.1/../../../../arm-elf/lib/interwork/libc.a(strlen.o)
 .glue_7t       0x00003bd8        0x0 /cygdrive/c/Embedded/GNUARM/bin/../lib/gcc/arm-elf/4.1.1/../../../../arm-elf/lib/interwork/libc.a(strtol.o)
 .glue_7t       0x00003bd8        0x0 /cygdrive/c/Embedded/GNUARM/bin/../lib/gcc/arm-elf/4.1.1/../../../../arm-elf/lib/interwork/libc.a(ctype_.o)
 .glue_7t       0x00003bd8       0x78 /cygdrive/c/Embedded/GNUARM/bin/../lib/gcc/arm-elf/4.1.1/../../../../arm-elf/lib/interwork/libc.a(impure.o)
                0x00003bfc                ____modsi3_change_to_arm
                0x00003c18                __halRestoreInterrupts_oshal_from_thumb
                0x00003be8                __memcpy_from_thumb
                0x00003c28                __ctxSwitch_oshal_from_thumb
                0x00003c24                __stkFrameInit_oshal_change_to_arm
                0x00003c08                __srand_from_thumb
                0x00003c3c                __initTimer_oshal_change_to_arm
                0x00003c40                __startHighProc_oshal_from_thumb
                0x00003bf8                ____modsi3_from_thumb
                0x00003c4c                ____udivsi3_change_to_arm
                0x00003c44                __startHighProc_oshal_change_to_arm
                0x00003c30                __ctxSwitchIsr_oshal_from_thumb
                0x00003c1c                __halRestoreInterrupts_oshal_change_to_arm
                0x00003be4                __simplePrintf_change_to_arm
                0x00003c0c                __srand_change_to_arm
                0x00003bf0                ____divsi3_from_thumb
                0x00003c2c                __ctxSwitch_oshal_change_to_arm
                0x00003c20                __stkFrameInit_oshal_from_thumb
                0x00003c48                ____udivsi3_from_thumb
                0x00003bd8                __eaInit_from_thumb
                0x00003be0                __simplePrintf_from_thumb
                0x00003c38                __initTimer_oshal_from_thumb
                0x00003bdc                __eaInit_change_to_arm
                0x00003c34                __ctxSwitchIsr_oshal_change_to_arm
                0x00003c00                __rand_from_thumb
                0x00003c14                __halDisableInterrupts_oshal_change_to_arm
                0x00003c10                __halDisableInterrupts_oshal_from_thumb
                0x00003bec                __memcpy_change_to_arm
                0x00003bf4                ____divsi3_change_to_arm
                0x00003c04                __rand_change_to_arm
                0x00003c50                . = ALIGN (0x4)

.rodata         0x00003c50     0x34ac
 *(.rodata)
 .rodata        0x00003c50     0x2b4c main.o
                0x00004d6c                _fire_2_100x40c
                0x0000448a                _fire_1_100x40c
                0x00005680                _fire_3_100x40c
                0x00003c64                _fire_0_100x40c
                0x00005f28                _fire_4_100x40c
 .rodata        0x0000679c        0xb pca9532.o
 .rodata        0x000067a7      0x55c lcd/lcd.o
                0x000067a7                charMap
 *fill*         0x00006d03        0x1 00
 .rodata        0x00006d04       0x10 startup/libea_startup_thumb.a(consol.o)
 .rodata        0x00006d14      0x101 /cygdrive/c/Embedded/GNUARM/bin/../lib/gcc/arm-elf/4.1.1/../../../../arm-elf/lib/interwork/libc.a(ctype_.o)
                0x00006d14                _ctype_
 *fill*         0x00006e15        0x3 00
 .rodata        0x00006e18        0x4 /cygdrive/c/Embedded/GNUARM/bin/../lib/gcc/arm-elf/4.1.1/../../../../arm-elf/lib/interwork/libc.a(impure.o)
                0x00006e18                _global_impure_ptr
 *(.rodata*)
 .rodata.str1.4
                0x00006e1c      0x1b9 main.o
                                0x1bc (size before relaxing)
 *fill*         0x00006fd5        0x3 00
 .rodata.str1.4
                0x00006fd8       0x2d snake.o
                                 0x30 (size before relaxing)
 *fill*         0x00007005        0x3 00
 .rodata.str1.4
                0x00007008       0x18 startup/libea_startup_thumb.a(consol.o)
 .rodata.str1.4
                0x00007020       0xd8 startup/libea_startup_thumb.a(framework.o)
 .rodata.str1.4
                0x000070f8        0x4 /cygdrive/c/Embedded/GNUARM/bin/../lib/gcc/arm-elf/4.1.1/../../../../arm-elf/lib/interwork/libc.a(impure.o)
                0x000070fc                . = ALIGN (0x4)
                0x000070fc                _etext = .
                0x000070fc                PROVIDE (etext, .)

.data           0x40000080      0x410 load address 0x000070fc
                0x40000080                _data = .
 *(.data)
 .data          0x40000080        0x1 main.o
 .data          0x40000081        0x0 eeprom.o
 .data          0x40000081        0x0 i2c/i2c.o
 .data          0x40000081        0x0 adc/adc.o
 .data          0x40000081        0x0 pca9532.o
 .data          0x40000081        0x0 lcd/lcd.o
 .data          0x40000081        0x0 lcd/lcd_hw.o
 .data          0x40000081        0x1 snake.o
 .data          0x40000082        0x5 key.o
 .data          0x40000087        0x0 select.o
 .data          0x40000087        0x0 startup/libea_startup_thumb.a(consol.o)
 .data          0x40000087        0x0 startup/libea_startup_thumb.a(framework.o)
 .data          0x40000087        0x0 startup/libea_startup_thumb.a(startup.o)
 .data          0x40000087        0x0 pre_emptive_os/pre_emptive_os.a(kernel.o)
 .data          0x40000087        0x0 pre_emptive_os/pre_emptive_os.a(prioqueue.o)
 .data          0x40000087        0x0 pre_emptive_os/pre_emptive_os.a(timer.o)
 .data          0x40000087        0x0 pre_emptive_os/pre_emptive_os.a(stack_usage.o)
 .data          0x40000087        0x0 pre_emptive_os/pre_emptive_os.a(a7hal.o)
 .data          0x40000087        0x0 pre_emptive_os/pre_emptive_os.a(a7hal_a.o)
 .data          0x40000087        0x0 pre_emptive_os/pre_emptive_os.a(count_sem.o)
 .data          0x40000087        0x0 pre_emptive_os/pre_emptive_os.a(event.o)
 .data          0x40000087        0x0 /cygdrive/c/Embedded/GNUARM/bin/../lib/gcc/arm-elf/4.1.1/interwork/libgcc.a(_udivsi3.o)
 .data          0x40000087        0x0 /cygdrive/c/Embedded/GNUARM/bin/../lib/gcc/arm-elf/4.1.1/interwork/libgcc.a(_divsi3.o)
 .data          0x40000087        0x0 /cygdrive/c/Embedded/GNUARM/bin/../lib/gcc/arm-elf/4.1.1/interwork/libgcc.a(_umodsi3.o)
 .data          0x40000087        0x0 /cygdrive/c/Embedded/GNUARM/bin/../lib/gcc/arm-elf/4.1.1/interwork/libgcc.a(_modsi3.o)
 .data          0x40000087        0x0 /cygdrive/c/Embedded/GNUARM/bin/../lib/gcc/arm-elf/4.1.1/interwork/libgcc.a(_dvmd_tls.o)
 .data          0x40000087        0x0 /cygdrive/c/Embedded/GNUARM/bin/../lib/gcc/arm-elf/4.1.1/interwork/libgcc.a(_call_via_rX.o)
 .data          0x40000087        0x0 /cygdrive/c/Embedded/GNUARM/bin/../lib/gcc/arm-elf/4.1.1/../../../../arm-elf/lib/interwork/libc.a(atoi.o)
 .data          0x40000087        0x0 /cygdrive/c/Embedded/GNUARM/bin/../lib/gcc/arm-elf/4.1.1/../../../../arm-elf/lib/interwork/libc.a(memcpy.o)
 .data          0x40000087        0x0 /cygdrive/c/Embedded/GNUARM/bin/../lib/gcc/arm-elf/4.1.1/../../../../arm-elf/lib/interwork/libc.a(rand.o)
 .data          0x40000087        0x0 /cygdrive/c/Embedded/GNUARM/bin/../lib/gcc/arm-elf/4.1.1/../../../../arm-elf/lib/interwork/libc.a(strlen.o)
 .data          0x40000087        0x0 /cygdrive/c/Embedded/GNUARM/bin/../lib/gcc/arm-elf/4.1.1/../../../../arm-elf/lib/interwork/libc.a(strtol.o)
 *fill*         0x40000087        0x1 00
 .data          0x40000088        0x4 /cygdrive/c/Embedded/GNUARM/bin/../lib/gcc/arm-elf/4.1.1/../../../../arm-elf/lib/interwork/libc.a(ctype_.o)
                0x40000088                __ctype_ptr
 .data          0x4000008c      0x404 /cygdrive/c/Embedded/GNUARM/bin/../lib/gcc/arm-elf/4.1.1/../../../../arm-elf/lib/interwork/libc.a(impure.o)
                0x4000008c                _impure_ptr
                0x40000490                . = ALIGN (0x4)
                0x40000490                _edata = .
                0x40000490                PROVIDE (edata, .)

.bss            0x40000490     0x12f8
                0x40000490                _bss = .
                0x40000490                __bss_start = .
                0x40000490                __bss_start__ = .
 *(.bss)
 .bss           0x40000490      0x772 main.o
 .bss           0x40000c02        0x0 eeprom.o
 .bss           0x40000c02        0x0 i2c/i2c.o
 .bss           0x40000c02        0x0 adc/adc.o
 .bss           0x40000c02        0x0 pca9532.o
 .bss           0x40000c02        0x5 lcd/lcd.o
 .bss           0x40000c07        0x0 lcd/lcd_hw.o
 *fill*         0x40000c07        0x1 00
 .bss           0x40000c08      0x288 snake.o
 .bss           0x40000e90      0x134 key.o
 .bss           0x40000fc4       0x34 select.o
 .bss           0x40000ff8        0x0 startup/libea_startup_thumb.a(consol.o)
 .bss           0x40000ff8        0x0 startup/libea_startup_thumb.a(framework.o)
 .bss           0x40000ff8        0x0 startup/libea_startup_thumb.a(startup.o)
 .bss           0x40000ff8       0x2c pre_emptive_os/pre_emptive_os.a(kernel.o)
                0x40000ff8                osLockNesting
                0x40000ffc                pNxtToRun
                0x40001000                pRunProc
                0x40000ff9                isrNesting
 .bss           0x40001024        0x0 pre_emptive_os/pre_emptive_os.a(prioqueue.o)
 .bss           0x40001024      0x348 pre_emptive_os/pre_emptive_os.a(timer.o)
 .bss           0x4000136c        0x0 pre_emptive_os/pre_emptive_os.a(stack_usage.o)
 .bss           0x4000136c        0x0 pre_emptive_os/pre_emptive_os.a(a7hal.o)
 .bss           0x4000136c        0x0 pre_emptive_os/pre_emptive_os.a(a7hal_a.o)
 .bss           0x4000136c        0x0 pre_emptive_os/pre_emptive_os.a(count_sem.o)
 .bss           0x4000136c        0x0 pre_emptive_os/pre_emptive_os.a(event.o)
 .bss           0x4000136c        0x0 /cygdrive/c/Embedded/GNUARM/bin/../lib/gcc/arm-elf/4.1.1/interwork/libgcc.a(_udivsi3.o)
 .bss           0x4000136c        0x0 /cygdrive/c/Embedded/GNUARM/bin/../lib/gcc/arm-elf/4.1.1/interwork/libgcc.a(_divsi3.o)
 .bss           0x4000136c        0x0 /cygdrive/c/Embedded/GNUARM/bin/../lib/gcc/arm-elf/4.1.1/interwork/libgcc.a(_umodsi3.o)
 .bss           0x4000136c        0x0 /cygdrive/c/Embedded/GNUARM/bin/../lib/gcc/arm-elf/4.1.1/interwork/libgcc.a(_modsi3.o)
 .bss           0x4000136c        0x0 /cygdrive/c/Embedded/GNUARM/bin/../lib/gcc/arm-elf/4.1.1/interwork/libgcc.a(_dvmd_tls.o)
 .bss           0x4000136c        0x0 /cygdrive/c/Embedded/GNUARM/bin/../lib/gcc/arm-elf/4.1.1/interwork/libgcc.a(_call_via_rX.o)
 .bss           0x4000136c        0x0 /cygdrive/c/Embedded/GNUARM/bin/../lib/gcc/arm-elf/4.1.1/../../../../arm-elf/lib/interwork/libc.a(atoi.o)
 .bss           0x4000136c        0x0 /cygdrive/c/Embedded/GNUARM/bin/../lib/gcc/arm-elf/4.1.1/../../../../arm-elf/lib/interwork/libc.a(memcpy.o)
 .bss           0x4000136c        0x0 /cygdrive/c/Embedded/GNUARM/bin/../lib/gcc/arm-elf/4.1.1/../../../../arm-elf/lib/interwork/libc.a(rand.o)
 .bss           0x4000136c        0x0 /cygdrive/c/Embedded/GNUARM/bin/../lib/gcc/arm-elf/4.1.1/../../../../arm-elf/lib/interwork/libc.a(strlen.o)
 .bss           0x4000136c        0x0 /cygdrive/c/Embedded/GNUARM/bin/../lib/gcc/arm-elf/4.1.1/../../../../arm-elf/lib/interwork/libc.a(strtol.o)
 .bss           0x4000136c        0x0 /cygdrive/c/Embedded/GNUARM/bin/../lib/gcc/arm-elf/4.1.1/../../../../arm-elf/lib/interwork/libc.a(ctype_.o)
 .bss           0x4000136c        0x0 /cygdrive/c/Embedded/GNUARM/bin/../lib/gcc/arm-elf/4.1.1/../../../../arm-elf/lib/interwork/libc.a(impure.o)
 *(COMMON)
 COMMON         0x4000136c        0x4 main.o
                0x4000136c                ms
 COMMON         0x40001370      0x320 snake.o
                0x40001370                snake
 COMMON         0x40001690        0x8 startup/libea_startup_thumb.a(framework.o)
                0x40001690                pHeapEnd
                0x40001694                pHeapStart
 COMMON         0x40001698       0xf0 pre_emptive_os/pre_emptive_os.a(kernel.o)
                0x40001698                processControlBlocks
                0x40001788                . = ALIGN (0x4)
                0x40001788                . = ALIGN (0x4)
                0x40001788                __bss_end = .
                0x40001788                __bss_end__ = .
                0x40001788                _end = .
                0x40001788                PROVIDE (end, .)

.stab           0x00000000      0x600
 *(.stab)
 .stab          0x00000000      0x3c0 startup/libea_startup_thumb.a(startup.o)
 .stab          0x000003c0      0x240 pre_emptive_os/pre_emptive_os.a(a7hal_a.o)
                                0x24c (size before relaxing)

.stabstr        0x00000000       0x99
 *(.stabstr)
 .stabstr       0x00000000       0x99 startup/libea_startup_thumb.a(startup.o)

.stab.excl
 *(.stab.excl)

.stab.exclstr
 *(.stab.exclstr)

.stab.index
 *(.stab.index)

.stab.indexstr
 *(.stab.indexstr)

.comment        0x00000000      0x1d4
 *(.comment)
 .comment       0x00000000       0x12 main.o
 .comment       0x00000012       0x12 eeprom.o
 .comment       0x00000024       0x12 i2c/i2c.o
 .comment       0x00000036       0x12 adc/adc.o
 .comment       0x00000048       0x12 pca9532.o
 .comment       0x0000005a       0x12 lcd/lcd.o
 .comment       0x0000006c       0x12 lcd/lcd_hw.o
 .comment       0x0000007e       0x12 snake.o
 .comment       0x00000090       0x12 key.o
 .comment       0x000000a2       0x12 select.o
 .comment       0x000000b4       0x12 startup/libea_startup_thumb.a(consol.o)
 .comment       0x000000c6       0x12 startup/libea_startup_thumb.a(framework.o)
 .comment       0x000000d8       0x12 pre_emptive_os/pre_emptive_os.a(kernel.o)
 .comment       0x000000ea       0x12 pre_emptive_os/pre_emptive_os.a(prioqueue.o)
 .comment       0x000000fc       0x12 pre_emptive_os/pre_emptive_os.a(timer.o)
 .comment       0x0000010e       0x12 pre_emptive_os/pre_emptive_os.a(stack_usage.o)
 .comment       0x00000120       0x12 pre_emptive_os/pre_emptive_os.a(a7hal.o)
 .comment       0x00000132       0x12 pre_emptive_os/pre_emptive_os.a(count_sem.o)
 .comment       0x00000144       0x12 pre_emptive_os/pre_emptive_os.a(event.o)
 .comment       0x00000156       0x12 /cygdrive/c/Embedded/GNUARM/bin/../lib/gcc/arm-elf/4.1.1/../../../../arm-elf/lib/interwork/libc.a(atoi.o)
 .comment       0x00000168       0x12 /cygdrive/c/Embedded/GNUARM/bin/../lib/gcc/arm-elf/4.1.1/../../../../arm-elf/lib/interwork/libc.a(memcpy.o)
 .comment       0x0000017a       0x12 /cygdrive/c/Embedded/GNUARM/bin/../lib/gcc/arm-elf/4.1.1/../../../../arm-elf/lib/interwork/libc.a(rand.o)
 .comment       0x0000018c       0x12 /cygdrive/c/Embedded/GNUARM/bin/../lib/gcc/arm-elf/4.1.1/../../../../arm-elf/lib/interwork/libc.a(strlen.o)
 .comment       0x0000019e       0x12 /cygdrive/c/Embedded/GNUARM/bin/../lib/gcc/arm-elf/4.1.1/../../../../arm-elf/lib/interwork/libc.a(strtol.o)
 .comment       0x000001b0       0x12 /cygdrive/c/Embedded/GNUARM/bin/../lib/gcc/arm-elf/4.1.1/../../../../arm-elf/lib/interwork/libc.a(ctype_.o)
 .comment       0x000001c2       0x12 /cygdrive/c/Embedded/GNUARM/bin/../lib/gcc/arm-elf/4.1.1/../../../../arm-elf/lib/interwork/libc.a(impure.o)

.debug
 *(.debug)

.line
 *(.line)

.debug_srcinfo
 *(.debug_srcinfo)

.debug_sfnames
 *(.debug_sfnames)

.debug_aranges  0x00000000      0x3c0
 *(.debug_aranges)
 .debug_aranges
                0x00000000       0x20 main.o
 .debug_aranges
                0x00000020       0x20 eeprom.o
 .debug_aranges
                0x00000040       0x20 i2c/i2c.o
 .debug_aranges
                0x00000060       0x20 adc/adc.o
 .debug_aranges
                0x00000080       0x20 pca9532.o
 .debug_aranges
                0x000000a0       0x20 lcd/lcd.o
 .debug_aranges
                0x000000c0       0x20 lcd/lcd_hw.o
 .debug_aranges
                0x000000e0       0x20 snake.o
 .debug_aranges
                0x00000100       0x20 key.o
 .debug_aranges
                0x00000120       0x20 select.o
 .debug_aranges
                0x00000140       0x20 startup/libea_startup_thumb.a(consol.o)
 .debug_aranges
                0x00000160       0x20 startup/libea_startup_thumb.a(framework.o)
 .debug_aranges
                0x00000180       0x20 pre_emptive_os/pre_emptive_os.a(kernel.o)
 .debug_aranges
                0x000001a0       0x20 pre_emptive_os/pre_emptive_os.a(prioqueue.o)
 .debug_aranges
                0x000001c0       0x20 pre_emptive_os/pre_emptive_os.a(timer.o)
 .debug_aranges
                0x000001e0       0x20 pre_emptive_os/pre_emptive_os.a(stack_usage.o)
 .debug_aranges
                0x00000200       0x20 pre_emptive_os/pre_emptive_os.a(a7hal.o)
 .debug_aranges
                0x00000220       0x20 pre_emptive_os/pre_emptive_os.a(count_sem.o)
 .debug_aranges
                0x00000240       0x20 pre_emptive_os/pre_emptive_os.a(event.o)
 .debug_aranges
                0x00000260       0x20 /cygdrive/c/Embedded/GNUARM/bin/../lib/gcc/arm-elf/4.1.1/interwork/libgcc.a(_udivsi3.o)
 .debug_aranges
                0x00000280       0x20 /cygdrive/c/Embedded/GNUARM/bin/../lib/gcc/arm-elf/4.1.1/interwork/libgcc.a(_divsi3.o)
 .debug_aranges
                0x000002a0       0x20 /cygdrive/c/Embedded/GNUARM/bin/../lib/gcc/arm-elf/4.1.1/interwork/libgcc.a(_umodsi3.o)
 .debug_aranges
                0x000002c0       0x20 /cygdrive/c/Embedded/GNUARM/bin/../lib/gcc/arm-elf/4.1.1/interwork/libgcc.a(_modsi3.o)
 .debug_aranges
                0x000002e0       0x20 /cygdrive/c/Embedded/GNUARM/bin/../lib/gcc/arm-elf/4.1.1/interwork/libgcc.a(_dvmd_tls.o)
 .debug_aranges
                0x00000300       0x20 /cygdrive/c/Embedded/GNUARM/bin/../lib/gcc/arm-elf/4.1.1/interwork/libgcc.a(_call_via_rX.o)
 .debug_aranges
                0x00000320       0x20 /cygdrive/c/Embedded/GNUARM/bin/../lib/gcc/arm-elf/4.1.1/../../../../arm-elf/lib/interwork/libc.a(atoi.o)
 .debug_aranges
                0x00000340       0x20 /cygdrive/c/Embedded/GNUARM/bin/../lib/gcc/arm-elf/4.1.1/../../../../arm-elf/lib/interwork/libc.a(memcpy.o)
 .debug_aranges
                0x00000360       0x20 /cygdrive/c/Embedded/GNUARM/bin/../lib/gcc/arm-elf/4.1.1/../../../../arm-elf/lib/interwork/libc.a(rand.o)
 .debug_aranges
                0x00000380       0x20 /cygdrive/c/Embedded/GNUARM/bin/../lib/gcc/arm-elf/4.1.1/../../../../arm-elf/lib/interwork/libc.a(strlen.o)
 .debug_aranges
                0x000003a0       0x20 /cygdrive/c/Embedded/GNUARM/bin/../lib/gcc/arm-elf/4.1.1/../../../../arm-elf/lib/interwork/libc.a(strtol.o)

.debug_pubnames
                0x00000000      0xa5e
 *(.debug_pubnames)
 .debug_pubnames
                0x00000000       0x92 main.o
 .debug_pubnames
                0x00000092       0x64 eeprom.o
 .debug_pubnames
                0x000000f6       0xcc i2c/i2c.o
 .debug_pubnames
                0x000001c2       0x33 adc/adc.o
 .debug_pubnames
                0x000001f5       0x46 pca9532.o
 .debug_pubnames
                0x0000023b       0xe5 lcd/lcd.o
 .debug_pubnames
                0x00000320       0x40 lcd/lcd_hw.o
 .debug_pubnames
                0x00000360       0x2a snake.o
 .debug_pubnames
                0x0000038a       0x57 key.o
 .debug_pubnames
                0x000003e1       0x1f select.o
 .debug_pubnames
                0x00000400       0xda startup/libea_startup_thumb.a(consol.o)
 .debug_pubnames
                0x000004da       0x63 startup/libea_startup_thumb.a(framework.o)
 .debug_pubnames
                0x0000053d      0x17f pre_emptive_os/pre_emptive_os.a(kernel.o)
 .debug_pubnames
                0x000006bc       0x76 pre_emptive_os/pre_emptive_os.a(prioqueue.o)
 .debug_pubnames
                0x00000732       0x55 pre_emptive_os/pre_emptive_os.a(timer.o)
 .debug_pubnames
                0x00000787       0x4e pre_emptive_os/pre_emptive_os.a(stack_usage.o)
 .debug_pubnames
                0x000007d5       0xc1 pre_emptive_os/pre_emptive_os.a(a7hal.o)
 .debug_pubnames
                0x00000896       0x4d pre_emptive_os/pre_emptive_os.a(count_sem.o)
 .debug_pubnames
                0x000008e3       0x63 pre_emptive_os/pre_emptive_os.a(event.o)
 .debug_pubnames
                0x00000946       0x27 /cygdrive/c/Embedded/GNUARM/bin/../lib/gcc/arm-elf/4.1.1/../../../../arm-elf/lib/interwork/libc.a(atoi.o)
 .debug_pubnames
                0x0000096d       0x1d /cygdrive/c/Embedded/GNUARM/bin/../lib/gcc/arm-elf/4.1.1/../../../../arm-elf/lib/interwork/libc.a(memcpy.o)
 .debug_pubnames
                0x0000098a       0x25 /cygdrive/c/Embedded/GNUARM/bin/../lib/gcc/arm-elf/4.1.1/../../../../arm-elf/lib/interwork/libc.a(rand.o)
 .debug_pubnames
                0x000009af       0x1d /cygdrive/c/Embedded/GNUARM/bin/../lib/gcc/arm-elf/4.1.1/../../../../arm-elf/lib/interwork/libc.a(strlen.o)
 .debug_pubnames
                0x000009cc       0x2b /cygdrive/c/Embedded/GNUARM/bin/../lib/gcc/arm-elf/4.1.1/../../../../arm-elf/lib/interwork/libc.a(strtol.o)
 .debug_pubnames
                0x000009f7       0x2e /cygdrive/c/Embedded/GNUARM/bin/../lib/gcc/arm-elf/4.1.1/../../../../arm-elf/lib/interwork/libc.a(ctype_.o)
 .debug_pubnames
                0x00000a25       0x39 /cygdrive/c/Embedded/GNUARM/bin/../lib/gcc/arm-elf/4.1.1/../../../../arm-elf/lib/interwork/libc.a(impure.o)

.debug_info     0x00000000     0x6555
 *(.debug_info .gnu.linkonce.wi.*)
 .debug_info    0x00000000      0x32a main.o
 .debug_info    0x0000032a      0x29a eeprom.o
 .debug_info    0x000005c4      0x465 i2c/i2c.o
 .debug_info    0x00000a29       0xdd adc/adc.o
 .debug_info    0x00000b06      0x179 pca9532.o
 .debug_info    0x00000c7f      0x596 lcd/lcd.o
 .debug_info    0x00001215      0x105 lcd/lcd_hw.o
 .debug_info    0x0000131a      0x3e5 snake.o
 .debug_info    0x000016ff      0x266 key.o
 .debug_info    0x00001965      0x203 select.o
 .debug_info    0x00001b68      0x584 startup/libea_startup_thumb.a(consol.o)
 .debug_info    0x000020ec      0x1e5 startup/libea_startup_thumb.a(framework.o)
 .debug_info    0x000022d1      0x5fe pre_emptive_os/pre_emptive_os.a(kernel.o)
 .debug_info    0x000028cf      0x2e8 pre_emptive_os/pre_emptive_os.a(prioqueue.o)
 .debug_info    0x00002bb7      0x4b8 pre_emptive_os/pre_emptive_os.a(timer.o)
 .debug_info    0x0000306f      0x2cf pre_emptive_os/pre_emptive_os.a(stack_usage.o)
 .debug_info    0x0000333e      0x189 pre_emptive_os/pre_emptive_os.a(a7hal.o)
 .debug_info    0x000034c7      0x32b pre_emptive_os/pre_emptive_os.a(count_sem.o)
 .debug_info    0x000037f2      0x2ee pre_emptive_os/pre_emptive_os.a(event.o)
 .debug_info    0x00003ae0       0x68 /cygdrive/c/Embedded/GNUARM/bin/../lib/gcc/arm-elf/4.1.1/interwork/libgcc.a(_udivsi3.o)
 .debug_info    0x00003b48       0x68 /cygdrive/c/Embedded/GNUARM/bin/../lib/gcc/arm-elf/4.1.1/interwork/libgcc.a(_divsi3.o)
 .debug_info    0x00003bb0       0x68 /cygdrive/c/Embedded/GNUARM/bin/../lib/gcc/arm-elf/4.1.1/interwork/libgcc.a(_umodsi3.o)
 .debug_info    0x00003c18       0x68 /cygdrive/c/Embedded/GNUARM/bin/../lib/gcc/arm-elf/4.1.1/interwork/libgcc.a(_modsi3.o)
 .debug_info    0x00003c80       0x68 /cygdrive/c/Embedded/GNUARM/bin/../lib/gcc/arm-elf/4.1.1/interwork/libgcc.a(_dvmd_tls.o)
 .debug_info    0x00003ce8       0x68 /cygdrive/c/Embedded/GNUARM/bin/../lib/gcc/arm-elf/4.1.1/interwork/libgcc.a(_call_via_rX.o)
 .debug_info    0x00003d50      0x949 /cygdrive/c/Embedded/GNUARM/bin/../lib/gcc/arm-elf/4.1.1/../../../../arm-elf/lib/interwork/libc.a(atoi.o)
 .debug_info    0x00004699      0x10a /cygdrive/c/Embedded/GNUARM/bin/../lib/gcc/arm-elf/4.1.1/../../../../arm-elf/lib/interwork/libc.a(memcpy.o)
 .debug_info    0x000047a3      0x934 /cygdrive/c/Embedded/GNUARM/bin/../lib/gcc/arm-elf/4.1.1/../../../../arm-elf/lib/interwork/libc.a(rand.o)
 .debug_info    0x000050d7       0xd4 /cygdrive/c/Embedded/GNUARM/bin/../lib/gcc/arm-elf/4.1.1/../../../../arm-elf/lib/interwork/libc.a(strlen.o)
 .debug_info    0x000051ab      0xa0f /cygdrive/c/Embedded/GNUARM/bin/../lib/gcc/arm-elf/4.1.1/../../../../arm-elf/lib/interwork/libc.a(strtol.o)
 .debug_info    0x00005bba       0x79 /cygdrive/c/Embedded/GNUARM/bin/../lib/gcc/arm-elf/4.1.1/../../../../arm-elf/lib/interwork/libc.a(ctype_.o)
 .debug_info    0x00005c33      0x922 /cygdrive/c/Embedded/GNUARM/bin/../lib/gcc/arm-elf/4.1.1/../../../../arm-elf/lib/interwork/libc.a(impure.o)

.debug_abbrev   0x00000000     0x1fce
 *(.debug_abbrev)
 .debug_abbrev  0x00000000      0x16e main.o
 .debug_abbrev  0x0000016e      0x117 eeprom.o
 .debug_abbrev  0x00000285      0x1ac i2c/i2c.o
 .debug_abbrev  0x00000431       0xa6 adc/adc.o
 .debug_abbrev  0x000004d7       0xb8 pca9532.o
 .debug_abbrev  0x0000058f      0x1bf lcd/lcd.o
 .debug_abbrev  0x0000074e       0xcd lcd/lcd_hw.o
 .debug_abbrev  0x0000081b      0x1a0 snake.o
 .debug_abbrev  0x000009bb      0x120 key.o
 .debug_abbrev  0x00000adb       0xe5 select.o
 .debug_abbrev  0x00000bc0      0x2a4 startup/libea_startup_thumb.a(consol.o)
 .debug_abbrev  0x00000e64       0xd0 startup/libea_startup_thumb.a(framework.o)
 .debug_abbrev  0x00000f34      0x1b8 pre_emptive_os/pre_emptive_os.a(kernel.o)
 .debug_abbrev  0x000010ec      0x11e pre_emptive_os/pre_emptive_os.a(prioqueue.o)
 .debug_abbrev  0x0000120a      0x154 pre_emptive_os/pre_emptive_os.a(timer.o)
 .debug_abbrev  0x0000135e      0x170 pre_emptive_os/pre_emptive_os.a(stack_usage.o)
 .debug_abbrev  0x000014ce       0xf2 pre_emptive_os/pre_emptive_os.a(a7hal.o)
 .debug_abbrev  0x000015c0      0x101 pre_emptive_os/pre_emptive_os.a(count_sem.o)
 .debug_abbrev  0x000016c1      0x103 pre_emptive_os/pre_emptive_os.a(event.o)
 .debug_abbrev  0x000017c4       0x14 /cygdrive/c/Embedded/GNUARM/bin/../lib/gcc/arm-elf/4.1.1/interwork/libgcc.a(_udivsi3.o)
 .debug_abbrev  0x000017d8       0x14 /cygdrive/c/Embedded/GNUARM/bin/../lib/gcc/arm-elf/4.1.1/interwork/libgcc.a(_divsi3.o)
 .debug_abbrev  0x000017ec       0x14 /cygdrive/c/Embedded/GNUARM/bin/../lib/gcc/arm-elf/4.1.1/interwork/libgcc.a(_umodsi3.o)
 .debug_abbrev  0x00001800       0x14 /cygdrive/c/Embedded/GNUARM/bin/../lib/gcc/arm-elf/4.1.1/interwork/libgcc.a(_modsi3.o)
 .debug_abbrev  0x00001814       0x14 /cygdrive/c/Embedded/GNUARM/bin/../lib/gcc/arm-elf/4.1.1/interwork/libgcc.a(_dvmd_tls.o)
 .debug_abbrev  0x00001828       0x14 /cygdrive/c/Embedded/GNUARM/bin/../lib/gcc/arm-elf/4.1.1/interwork/libgcc.a(_call_via_rX.o)
 .debug_abbrev  0x0000183c      0x176 /cygdrive/c/Embedded/GNUARM/bin/../lib/gcc/arm-elf/4.1.1/../../../../arm-elf/lib/interwork/libc.a(atoi.o)
 .debug_abbrev  0x000019b2       0xa6 /cygdrive/c/Embedded/GNUARM/bin/../lib/gcc/arm-elf/4.1.1/../../../../arm-elf/lib/interwork/libc.a(memcpy.o)
 .debug_abbrev  0x00001a58      0x185 /cygdrive/c/Embedded/GNUARM/bin/../lib/gcc/arm-elf/4.1.1/../../../../arm-elf/lib/interwork/libc.a(rand.o)
 .debug_abbrev  0x00001bdd       0x8b /cygdrive/c/Embedded/GNUARM/bin/../lib/gcc/arm-elf/4.1.1/../../../../arm-elf/lib/interwork/libc.a(strlen.o)
 .debug_abbrev  0x00001c68      0x1bd /cygdrive/c/Embedded/GNUARM/bin/../lib/gcc/arm-elf/4.1.1/../../../../arm-elf/lib/interwork/libc.a(strtol.o)
 .debug_abbrev  0x00001e25       0x52 /cygdrive/c/Embedded/GNUARM/bin/../lib/gcc/arm-elf/4.1.1/../../../../arm-elf/lib/interwork/libc.a(ctype_.o)
 .debug_abbrev  0x00001e77      0x157 /cygdrive/c/Embedded/GNUARM/bin/../lib/gcc/arm-elf/4.1.1/../../../../arm-elf/lib/interwork/libc.a(impure.o)

.debug_line     0x00000000     0x1a3d
 *(.debug_line)
 .debug_line    0x00000000      0x149 main.o
 .debug_line    0x00000149       0xf4 eeprom.o
 .debug_line    0x0000023d      0x111 i2c/i2c.o
 .debug_line    0x0000034e       0x8a adc/adc.o
 .debug_line    0x000003d8       0x96 pca9532.o
 .debug_line    0x0000046e      0x188 lcd/lcd.o
 .debug_line    0x000005f6       0x97 lcd/lcd_hw.o
 .debug_line    0x0000068d      0x140 snake.o
 .debug_line    0x000007cd       0xc1 key.o
 .debug_line    0x0000088e       0xa6 select.o
 .debug_line    0x00000934      0x193 startup/libea_startup_thumb.a(consol.o)
 .debug_line    0x00000ac7       0xb9 startup/libea_startup_thumb.a(framework.o)
 .debug_line    0x00000b80      0x176 pre_emptive_os/pre_emptive_os.a(kernel.o)
 .debug_line    0x00000cf6       0xbb pre_emptive_os/pre_emptive_os.a(prioqueue.o)
 .debug_line    0x00000db1      0x109 pre_emptive_os/pre_emptive_os.a(timer.o)
 .debug_line    0x00000eba       0x97 pre_emptive_os/pre_emptive_os.a(stack_usage.o)
 .debug_line    0x00000f51       0x8c pre_emptive_os/pre_emptive_os.a(a7hal.o)
 .debug_line    0x00000fdd       0xd9 pre_emptive_os/pre_emptive_os.a(count_sem.o)
 .debug_line    0x000010b6       0xaf pre_emptive_os/pre_emptive_os.a(event.o)
 .debug_line    0x00001165       0x84 /cygdrive/c/Embedded/GNUARM/bin/../lib/gcc/arm-elf/4.1.1/interwork/libgcc.a(_udivsi3.o)
 .debug_line    0x000011e9       0x90 /cygdrive/c/Embedded/GNUARM/bin/../lib/gcc/arm-elf/4.1.1/interwork/libgcc.a(_divsi3.o)
 .debug_line    0x00001279       0x6e /cygdrive/c/Embedded/GNUARM/bin/../lib/gcc/arm-elf/4.1.1/interwork/libgcc.a(_umodsi3.o)
 .debug_line    0x000012e7       0x74 /cygdrive/c/Embedded/GNUARM/bin/../lib/gcc/arm-elf/4.1.1/interwork/libgcc.a(_modsi3.o)
 .debug_line    0x0000135b       0x5d /cygdrive/c/Embedded/GNUARM/bin/../lib/gcc/arm-elf/4.1.1/interwork/libgcc.a(_dvmd_tls.o)
 .debug_line    0x000013b8       0x6b /cygdrive/c/Embedded/GNUARM/bin/../lib/gcc/arm-elf/4.1.1/interwork/libgcc.a(_call_via_rX.o)
 .debug_line    0x00001423       0xf9 /cygdrive/c/Embedded/GNUARM/bin/../lib/gcc/arm-elf/4.1.1/../../../../arm-elf/lib/interwork/libc.a(atoi.o)
 .debug_line    0x0000151c       0xc8 /cygdrive/c/Embedded/GNUARM/bin/../lib/gcc/arm-elf/4.1.1/../../../../arm-elf/lib/interwork/libc.a(memcpy.o)
 .debug_line    0x000015e4       0xf9 /cygdrive/c/Embedded/GNUARM/bin/../lib/gcc/arm-elf/4.1.1/../../../../arm-elf/lib/interwork/libc.a(rand.o)
 .debug_line    0x000016dd       0xaf /cygdrive/c/Embedded/GNUARM/bin/../lib/gcc/arm-elf/4.1.1/../../../../arm-elf/lib/interwork/libc.a(strlen.o)
 .debug_line    0x0000178c      0x173 /cygdrive/c/Embedded/GNUARM/bin/../lib/gcc/arm-elf/4.1.1/../../../../arm-elf/lib/interwork/libc.a(strtol.o)
 .debug_line    0x000018ff       0x5b /cygdrive/c/Embedded/GNUARM/bin/../lib/gcc/arm-elf/4.1.1/../../../../arm-elf/lib/interwork/libc.a(ctype_.o)
 .debug_line    0x0000195a       0xe3 /cygdrive/c/Embedded/GNUARM/bin/../lib/gcc/arm-elf/4.1.1/../../../../arm-elf/lib/interwork/libc.a(impure.o)

.debug_frame    0x00000000      0xfb0
 *(.debug_frame)
 .debug_frame   0x00000000       0xa8 main.o
 .debug_frame   0x000000a8       0xa4 eeprom.o
 .debug_frame   0x0000014c      0x108 i2c/i2c.o
 .debug_frame   0x00000254       0x44 adc/adc.o
 .debug_frame   0x00000298       0x68 pca9532.o
 .debug_frame   0x00000300      0x1b8 lcd/lcd.o
 .debug_frame   0x000004b8       0x4c lcd/lcd_hw.o
 .debug_frame   0x00000504       0x98 snake.o
 .debug_frame   0x0000059c       0x90 key.o
 .debug_frame   0x0000062c       0x54 select.o
 .debug_frame   0x00000680      0x150 startup/libea_startup_thumb.a(consol.o)
 .debug_frame   0x000007d0       0xe0 startup/libea_startup_thumb.a(framework.o)
 .debug_frame   0x000008b0      0x1e8 pre_emptive_os/pre_emptive_os.a(kernel.o)
 .debug_frame   0x00000a98       0x8c pre_emptive_os/pre_emptive_os.a(prioqueue.o)
 .debug_frame   0x00000b24       0xb8 pre_emptive_os/pre_emptive_os.a(timer.o)
 .debug_frame   0x00000bdc       0x58 pre_emptive_os/pre_emptive_os.a(stack_usage.o)
 .debug_frame   0x00000c34       0xa0 pre_emptive_os/pre_emptive_os.a(a7hal.o)
 .debug_frame   0x00000cd4       0x84 pre_emptive_os/pre_emptive_os.a(count_sem.o)
 .debug_frame   0x00000d58       0x94 pre_emptive_os/pre_emptive_os.a(event.o)
 .debug_frame   0x00000dec       0x2c /cygdrive/c/Embedded/GNUARM/bin/../lib/gcc/arm-elf/4.1.1/interwork/libgcc.a(_udivsi3.o)
 .debug_frame   0x00000e18       0x2c /cygdrive/c/Embedded/GNUARM/bin/../lib/gcc/arm-elf/4.1.1/interwork/libgcc.a(_divsi3.o)
 .debug_frame   0x00000e44       0x2c /cygdrive/c/Embedded/GNUARM/bin/../lib/gcc/arm-elf/4.1.1/interwork/libgcc.a(_umodsi3.o)
 .debug_frame   0x00000e70       0x2c /cygdrive/c/Embedded/GNUARM/bin/../lib/gcc/arm-elf/4.1.1/interwork/libgcc.a(_modsi3.o)
 .debug_frame   0x00000e9c       0x40 /cygdrive/c/Embedded/GNUARM/bin/../lib/gcc/arm-elf/4.1.1/../../../../arm-elf/lib/interwork/libc.a(atoi.o)
 .debug_frame   0x00000edc       0x28 /cygdrive/c/Embedded/GNUARM/bin/../lib/gcc/arm-elf/4.1.1/../../../../arm-elf/lib/interwork/libc.a(memcpy.o)
 .debug_frame   0x00000f04       0x3c /cygdrive/c/Embedded/GNUARM/bin/../lib/gcc/arm-elf/4.1.1/../../../../arm-elf/lib/interwork/libc.a(rand.o)
 .debug_frame   0x00000f40       0x20 /cygdrive/c/Embedded/GNUARM/bin/../lib/gcc/arm-elf/4.1.1/../../../../arm-elf/lib/interwork/libc.a(strlen.o)
 .debug_frame   0x00000f60       0x50 /cygdrive/c/Embedded/GNUARM/bin/../lib/gcc/arm-elf/4.1.1/../../../../arm-elf/lib/interwork/libc.a(strtol.o)

.debug_str      0x00000000     0x17a6
 *(.debug_str)
 .debug_str     0x00000000      0x17b main.o
                                0x1a6 (size before relaxing)
 .debug_str     0x0000017b       0x8a eeprom.o
                                0x136 (size before relaxing)
 .debug_str     0x00000205       0x99 i2c/i2c.o
                                0x164 (size before relaxing)
 .debug_str     0x0000029e       0x46 adc/adc.o
                                0x104 (size before relaxing)
 .debug_str     0x000002e4       0x5b pca9532.o
                                0x120 (size before relaxing)
 .debug_str     0x0000033f      0x140 lcd/lcd.o
                                0x209 (size before relaxing)
 .debug_str     0x0000047f       0x3f lcd/lcd_hw.o
                                 0xfe (size before relaxing)
 .debug_str     0x000004be      0x159 snake.o
                                0x241 (size before relaxing)
 .debug_str     0x00000617      0x10a key.o
                                0x1ca (size before relaxing)
 .debug_str     0x00000721       0x27 select.o
                                0x1ba (size before relaxing)
 .debug_str     0x00000748      0x1c7 startup/libea_startup_thumb.a(consol.o)
                                0x26d (size before relaxing)
 .debug_str     0x0000090f       0xdd startup/libea_startup_thumb.a(framework.o)
                                0x169 (size before relaxing)
 .debug_str     0x000009ec      0x2e0 pre_emptive_os/pre_emptive_os.a(kernel.o)
                                0x35e (size before relaxing)
 .debug_str     0x00000ccc       0x7d pre_emptive_os/pre_emptive_os.a(prioqueue.o)
                                0x246 (size before relaxing)
 .debug_str     0x00000d49      0x10e pre_emptive_os/pre_emptive_os.a(timer.o)
                                0x2f7 (size before relaxing)
 .debug_str     0x00000e57       0x70 pre_emptive_os/pre_emptive_os.a(stack_usage.o)
                                0x22b (size before relaxing)
 .debug_str     0x00000ec7      0x16f pre_emptive_os/pre_emptive_os.a(a7hal.o)
                                0x1dd (size before relaxing)
 .debug_str     0x00001036       0x51 pre_emptive_os/pre_emptive_os.a(count_sem.o)
                                0x25b (size before relaxing)
 .debug_str     0x00001087       0x51 pre_emptive_os/pre_emptive_os.a(event.o)
                                0x265 (size before relaxing)
 .debug_str     0x000010d8      0x409 /cygdrive/c/Embedded/GNUARM/bin/../lib/gcc/arm-elf/4.1.1/../../../../arm-elf/lib/interwork/libc.a(atoi.o)
                                0x49e (size before relaxing)
 .debug_str     0x000014e1       0xaa /cygdrive/c/Embedded/GNUARM/bin/../lib/gcc/arm-elf/4.1.1/../../../../arm-elf/lib/interwork/libc.a(memcpy.o)
                                 0xd6 (size before relaxing)
 .debug_str     0x0000158b       0x40 /cygdrive/c/Embedded/GNUARM/bin/../lib/gcc/arm-elf/4.1.1/../../../../arm-elf/lib/interwork/libc.a(rand.o)
                                0x4ad (size before relaxing)
 .debug_str     0x000015cb       0x56 /cygdrive/c/Embedded/GNUARM/bin/../lib/gcc/arm-elf/4.1.1/../../../../arm-elf/lib/interwork/libc.a(strlen.o)
                                0x11f (size before relaxing)
 .debug_str     0x00001621       0x78 /cygdrive/c/Embedded/GNUARM/bin/../lib/gcc/arm-elf/4.1.1/../../../../arm-elf/lib/interwork/libc.a(strtol.o)
                                0x4e0 (size before relaxing)
 .debug_str     0x00001699       0x7b /cygdrive/c/Embedded/GNUARM/bin/../lib/gcc/arm-elf/4.1.1/../../../../arm-elf/lib/interwork/libc.a(ctype_.o)
                                 0xaa (size before relaxing)
 .debug_str     0x00001714       0x92 /cygdrive/c/Embedded/GNUARM/bin/../lib/gcc/arm-elf/4.1.1/../../../../arm-elf/lib/interwork/libc.a(impure.o)
                                0x4bc (size before relaxing)

.debug_loc      0x00000000     0x2185
 *(.debug_loc)
 .debug_loc     0x00000000      0x156 main.o
 .debug_loc     0x00000156      0x374 eeprom.o
 .debug_loc     0x000004ca      0x406 i2c/i2c.o
 .debug_loc     0x000008d0       0x68 adc/adc.o
 .debug_loc     0x00000938       0xbd pca9532.o
 .debug_loc     0x000009f5      0x78e lcd/lcd.o
 .debug_loc     0x00001183       0x79 lcd/lcd_hw.o
 .debug_loc     0x000011fc      0x2b0 snake.o
 .debug_loc     0x000014ac       0xb8 key.o
 .debug_loc     0x00001564       0x9d select.o
 .debug_loc     0x00001601      0x5ee startup/libea_startup_thumb.a(consol.o)
 .debug_loc     0x00001bef      0x1b2 startup/libea_startup_thumb.a(framework.o)
 .debug_loc     0x00001da1       0x77 /cygdrive/c/Embedded/GNUARM/bin/../lib/gcc/arm-elf/4.1.1/../../../../arm-elf/lib/interwork/libc.a(atoi.o)
 .debug_loc     0x00001e18       0xfc /cygdrive/c/Embedded/GNUARM/bin/../lib/gcc/arm-elf/4.1.1/../../../../arm-elf/lib/interwork/libc.a(memcpy.o)
 .debug_loc     0x00001f14       0x1f /cygdrive/c/Embedded/GNUARM/bin/../lib/gcc/arm-elf/4.1.1/../../../../arm-elf/lib/interwork/libc.a(rand.o)
 .debug_loc     0x00001f33       0x47 /cygdrive/c/Embedded/GNUARM/bin/../lib/gcc/arm-elf/4.1.1/../../../../arm-elf/lib/interwork/libc.a(strlen.o)
 .debug_loc     0x00001f7a      0x20b /cygdrive/c/Embedded/GNUARM/bin/../lib/gcc/arm-elf/4.1.1/../../../../arm-elf/lib/interwork/libc.a(strtol.o)

.debug_macinfo
 *(.debug_macinfo)

.debug_weaknames
 *(.debug_weaknames)

.debug_funcnames
 *(.debug_funcnames)

.debug_typenames
 *(.debug_typenames)

.debug_varnames
 *(.debug_varnames)
OUTPUT(lcd_game_demo.elf elf32-littlearm)

Cross Reference Table

Symbol                                            File
____divsi3_change_to_arm                          /cygdrive/c/Embedded/GNUARM/bin/../lib/gcc/arm-elf/4.1.1/../../../../arm-elf/lib/interwork/libc.a(impure.o)
____divsi3_from_thumb                             /cygdrive/c/Embedded/GNUARM/bin/../lib/gcc/arm-elf/4.1.1/../../../../arm-elf/lib/interwork/libc.a(impure.o)
____modsi3_change_to_arm                          /cygdrive/c/Embedded/GNUARM/bin/../lib/gcc/arm-elf/4.1.1/../../../../arm-elf/lib/interwork/libc.a(impure.o)
____modsi3_from_thumb                             /cygdrive/c/Embedded/GNUARM/bin/../lib/gcc/arm-elf/4.1.1/../../../../arm-elf/lib/interwork/libc.a(impure.o)
____udivsi3_change_to_arm                         /cygdrive/c/Embedded/GNUARM/bin/../lib/gcc/arm-elf/4.1.1/../../../../arm-elf/lib/interwork/libc.a(impure.o)
____udivsi3_from_thumb                            /cygdrive/c/Embedded/GNUARM/bin/../lib/gcc/arm-elf/4.1.1/../../../../arm-elf/lib/interwork/libc.a(impure.o)
__aeabi_idiv                                      /cygdrive/c/Embedded/GNUARM/bin/../lib/gcc/arm-elf/4.1.1/interwork/libgcc.a(_divsi3.o)
__aeabi_idiv0                                     /cygdrive/c/Embedded/GNUARM/bin/../lib/gcc/arm-elf/4.1.1/interwork/libgcc.a(_dvmd_tls.o)
__aeabi_idivmod                                   /cygdrive/c/Embedded/GNUARM/bin/../lib/gcc/arm-elf/4.1.1/interwork/libgcc.a(_divsi3.o)
__aeabi_ldiv0                                     /cygdrive/c/Embedded/GNUARM/bin/../lib/gcc/arm-elf/4.1.1/interwork/libgcc.a(_dvmd_tls.o)
__aeabi_uidiv                                     /cygdrive/c/Embedded/GNUARM/bin/../lib/gcc/arm-elf/4.1.1/interwork/libgcc.a(_udivsi3.o)
__aeabi_uidivmod                                  /cygdrive/c/Embedded/GNUARM/bin/../lib/gcc/arm-elf/4.1.1/interwork/libgcc.a(_udivsi3.o)
__bss_end__                                       startup/libea_startup_thumb.a(startup.o)
__bss_start__                                     startup/libea_startup_thumb.a(startup.o)
__ctxSwitchIsr_oshal_change_to_arm                /cygdrive/c/Embedded/GNUARM/bin/../lib/gcc/arm-elf/4.1.1/../../../../arm-elf/lib/interwork/libc.a(impure.o)
__ctxSwitchIsr_oshal_from_thumb                   /cygdrive/c/Embedded/GNUARM/bin/../lib/gcc/arm-elf/4.1.1/../../../../arm-elf/lib/interwork/libc.a(impure.o)
__ctxSwitch_oshal_change_to_arm                   /cygdrive/c/Embedded/GNUARM/bin/../lib/gcc/arm-elf/4.1.1/../../../../arm-elf/lib/interwork/libc.a(impure.o)
__ctxSwitch_oshal_from_thumb                      /cygdrive/c/Embedded/GNUARM/bin/../lib/gcc/arm-elf/4.1.1/../../../../arm-elf/lib/interwork/libc.a(impure.o)
__ctype_ptr                                       /cygdrive/c/Embedded/GNUARM/bin/../lib/gcc/arm-elf/4.1.1/../../../../arm-elf/lib/interwork/libc.a(ctype_.o)
                                                  /cygdrive/c/Embedded/GNUARM/bin/../lib/gcc/arm-elf/4.1.1/../../../../arm-elf/lib/interwork/libc.a(strtol.o)
__div0                                            /cygdrive/c/Embedded/GNUARM/bin/../lib/gcc/arm-elf/4.1.1/interwork/libgcc.a(_dvmd_tls.o)
                                                  /cygdrive/c/Embedded/GNUARM/bin/../lib/gcc/arm-elf/4.1.1/interwork/libgcc.a(_modsi3.o)
                                                  /cygdrive/c/Embedded/GNUARM/bin/../lib/gcc/arm-elf/4.1.1/interwork/libgcc.a(_umodsi3.o)
                                                  /cygdrive/c/Embedded/GNUARM/bin/../lib/gcc/arm-elf/4.1.1/interwork/libgcc.a(_divsi3.o)
                                                  /cygdrive/c/Embedded/GNUARM/bin/../lib/gcc/arm-elf/4.1.1/interwork/libgcc.a(_udivsi3.o)
__divsi3                                          /cygdrive/c/Embedded/GNUARM/bin/../lib/gcc/arm-elf/4.1.1/interwork/libgcc.a(_divsi3.o)
                                                  pre_emptive_os/pre_emptive_os.a(stack_usage.o)
                                                  snake.o
__eaInit_change_to_arm                            /cygdrive/c/Embedded/GNUARM/bin/../lib/gcc/arm-elf/4.1.1/../../../../arm-elf/lib/interwork/libc.a(impure.o)
__eaInit_from_thumb                               /cygdrive/c/Embedded/GNUARM/bin/../lib/gcc/arm-elf/4.1.1/../../../../arm-elf/lib/interwork/libc.a(impure.o)
__halDisableInterrupts_oshal_change_to_arm        /cygdrive/c/Embedded/GNUARM/bin/../lib/gcc/arm-elf/4.1.1/../../../../arm-elf/lib/interwork/libc.a(impure.o)
__halDisableInterrupts_oshal_from_thumb           /cygdrive/c/Embedded/GNUARM/bin/../lib/gcc/arm-elf/4.1.1/../../../../arm-elf/lib/interwork/libc.a(impure.o)
__halRestoreInterrupts_oshal_change_to_arm        /cygdrive/c/Embedded/GNUARM/bin/../lib/gcc/arm-elf/4.1.1/../../../../arm-elf/lib/interwork/libc.a(impure.o)
__halRestoreInterrupts_oshal_from_thumb           /cygdrive/c/Embedded/GNUARM/bin/../lib/gcc/arm-elf/4.1.1/../../../../arm-elf/lib/interwork/libc.a(impure.o)
__initTimer_oshal_change_to_arm                   /cygdrive/c/Embedded/GNUARM/bin/../lib/gcc/arm-elf/4.1.1/../../../../arm-elf/lib/interwork/libc.a(impure.o)
__initTimer_oshal_from_thumb                      /cygdrive/c/Embedded/GNUARM/bin/../lib/gcc/arm-elf/4.1.1/../../../../arm-elf/lib/interwork/libc.a(impure.o)
__memcpy_change_to_arm                            /cygdrive/c/Embedded/GNUARM/bin/../lib/gcc/arm-elf/4.1.1/../../../../arm-elf/lib/interwork/libc.a(impure.o)
__memcpy_from_thumb                               /cygdrive/c/Embedded/GNUARM/bin/../lib/gcc/arm-elf/4.1.1/../../../../arm-elf/lib/interwork/libc.a(impure.o)
__modsi3                                          /cygdrive/c/Embedded/GNUARM/bin/../lib/gcc/arm-elf/4.1.1/interwork/libgcc.a(_modsi3.o)
                                                  snake.o
__osISRExit_from_arm                              /cygdrive/c/Embedded/GNUARM/bin/../lib/gcc/arm-elf/4.1.1/../../../../arm-elf/lib/interwork/libc.a(impure.o)
__osTick_from_arm                                 /cygdrive/c/Embedded/GNUARM/bin/../lib/gcc/arm-elf/4.1.1/../../../../arm-elf/lib/interwork/libc.a(impure.o)
__rand_change_to_arm                              /cygdrive/c/Embedded/GNUARM/bin/../lib/gcc/arm-elf/4.1.1/../../../../arm-elf/lib/interwork/libc.a(impure.o)
__rand_from_thumb                                 /cygdrive/c/Embedded/GNUARM/bin/../lib/gcc/arm-elf/4.1.1/../../../../arm-elf/lib/interwork/libc.a(impure.o)
__simplePrintf_change_to_arm                      /cygdrive/c/Embedded/GNUARM/bin/../lib/gcc/arm-elf/4.1.1/../../../../arm-elf/lib/interwork/libc.a(impure.o)
__simplePrintf_from_thumb                         /cygdrive/c/Embedded/GNUARM/bin/../lib/gcc/arm-elf/4.1.1/../../../../arm-elf/lib/interwork/libc.a(impure.o)
__srand_change_to_arm                             /cygdrive/c/Embedded/GNUARM/bin/../lib/gcc/arm-elf/4.1.1/../../../../arm-elf/lib/interwork/libc.a(impure.o)
__srand_from_thumb                                /cygdrive/c/Embedded/GNUARM/bin/../lib/gcc/arm-elf/4.1.1/../../../../arm-elf/lib/interwork/libc.a(impure.o)
__startHighProc_oshal_change_to_arm               /cygdrive/c/Embedded/GNUARM/bin/../lib/gcc/arm-elf/4.1.1/../../../../arm-elf/lib/interwork/libc.a(impure.o)
__startHighProc_oshal_from_thumb                  /cygdrive/c/Embedded/GNUARM/bin/../lib/gcc/arm-elf/4.1.1/../../../../arm-elf/lib/interwork/libc.a(impure.o)
__stkFrameInit_oshal_change_to_arm                /cygdrive/c/Embedded/GNUARM/bin/../lib/gcc/arm-elf/4.1.1/../../../../arm-elf/lib/interwork/libc.a(impure.o)
__stkFrameInit_oshal_from_thumb                   /cygdrive/c/Embedded/GNUARM/bin/../lib/gcc/arm-elf/4.1.1/../../../../arm-elf/lib/interwork/libc.a(impure.o)
__udivsi3                                         /cygdrive/c/Embedded/GNUARM/bin/../lib/gcc/arm-elf/4.1.1/interwork/libgcc.a(_udivsi3.o)
                                                  /cygdrive/c/Embedded/GNUARM/bin/../lib/gcc/arm-elf/4.1.1/../../../../arm-elf/lib/interwork/libc.a(strtol.o)
                                                  pre_emptive_os/pre_emptive_os.a(stack_usage.o)
                                                  startup/libea_startup_thumb.a(consol.o)
__umodsi3                                         /cygdrive/c/Embedded/GNUARM/bin/../lib/gcc/arm-elf/4.1.1/interwork/libgcc.a(_umodsi3.o)
                                                  /cygdrive/c/Embedded/GNUARM/bin/../lib/gcc/arm-elf/4.1.1/../../../../arm-elf/lib/interwork/libc.a(strtol.o)
                                                  startup/libea_startup_thumb.a(consol.o)
_atoi_r                                           /cygdrive/c/Embedded/GNUARM/bin/../lib/gcc/arm-elf/4.1.1/../../../../arm-elf/lib/interwork/libc.a(atoi.o)
_call_via_fp                                      /cygdrive/c/Embedded/GNUARM/bin/../lib/gcc/arm-elf/4.1.1/interwork/libgcc.a(_call_via_rX.o)
_call_via_ip                                      /cygdrive/c/Embedded/GNUARM/bin/../lib/gcc/arm-elf/4.1.1/interwork/libgcc.a(_call_via_rX.o)
_call_via_lr                                      /cygdrive/c/Embedded/GNUARM/bin/../lib/gcc/arm-elf/4.1.1/interwork/libgcc.a(_call_via_rX.o)
_call_via_r0                                      /cygdrive/c/Embedded/GNUARM/bin/../lib/gcc/arm-elf/4.1.1/interwork/libgcc.a(_call_via_rX.o)
_call_via_r1                                      /cygdrive/c/Embedded/GNUARM/bin/../lib/gcc/arm-elf/4.1.1/interwork/libgcc.a(_call_via_rX.o)
_call_via_r2                                      /cygdrive/c/Embedded/GNUARM/bin/../lib/gcc/arm-elf/4.1.1/interwork/libgcc.a(_call_via_rX.o)
_call_via_r3                                      /cygdrive/c/Embedded/GNUARM/bin/../lib/gcc/arm-elf/4.1.1/interwork/libgcc.a(_call_via_rX.o)
_call_via_r4                                      /cygdrive/c/Embedded/GNUARM/bin/../lib/gcc/arm-elf/4.1.1/interwork/libgcc.a(_call_via_rX.o)
                                                  pre_emptive_os/pre_emptive_os.a(timer.o)
_call_via_r5                                      /cygdrive/c/Embedded/GNUARM/bin/../lib/gcc/arm-elf/4.1.1/interwork/libgcc.a(_call_via_rX.o)
_call_via_r6                                      /cygdrive/c/Embedded/GNUARM/bin/../lib/gcc/arm-elf/4.1.1/interwork/libgcc.a(_call_via_rX.o)
_call_via_r7                                      /cygdrive/c/Embedded/GNUARM/bin/../lib/gcc/arm-elf/4.1.1/interwork/libgcc.a(_call_via_rX.o)
_call_via_r8                                      /cygdrive/c/Embedded/GNUARM/bin/../lib/gcc/arm-elf/4.1.1/interwork/libgcc.a(_call_via_rX.o)
_call_via_r9                                      /cygdrive/c/Embedded/GNUARM/bin/../lib/gcc/arm-elf/4.1.1/interwork/libgcc.a(_call_via_rX.o)
_call_via_sl                                      /cygdrive/c/Embedded/GNUARM/bin/../lib/gcc/arm-elf/4.1.1/interwork/libgcc.a(_call_via_rX.o)
_call_via_sp                                      /cygdrive/c/Embedded/GNUARM/bin/../lib/gcc/arm-elf/4.1.1/interwork/libgcc.a(_call_via_rX.o)
_ctype_                                           /cygdrive/c/Embedded/GNUARM/bin/../lib/gcc/arm-elf/4.1.1/../../../../arm-elf/lib/interwork/libc.a(ctype_.o)
_data                                             startup/libea_startup_thumb.a(startup.o)
_edata                                            startup/libea_startup_thumb.a(startup.o)
_etext                                            startup/libea_startup_thumb.a(startup.o)
_fire_0_100x40c                                   main.o
_fire_1_100x40c                                   main.o
_fire_2_100x40c                                   main.o
_fire_3_100x40c                                   main.o
_fire_4_100x40c                                   main.o
_global_impure_ptr                                /cygdrive/c/Embedded/GNUARM/bin/../lib/gcc/arm-elf/4.1.1/../../../../arm-elf/lib/interwork/libc.a(impure.o)
_impure_ptr                                       /cygdrive/c/Embedded/GNUARM/bin/../lib/gcc/arm-elf/4.1.1/../../../../arm-elf/lib/interwork/libc.a(impure.o)
                                                  /cygdrive/c/Embedded/GNUARM/bin/../lib/gcc/arm-elf/4.1.1/../../../../arm-elf/lib/interwork/libc.a(strtol.o)
                                                  /cygdrive/c/Embedded/GNUARM/bin/../lib/gcc/arm-elf/4.1.1/../../../../arm-elf/lib/interwork/libc.a(rand.o)
_startup                                          startup/libea_startup_thumb.a(startup.o)
_strtol_r                                         /cygdrive/c/Embedded/GNUARM/bin/../lib/gcc/arm-elf/4.1.1/../../../../arm-elf/lib/interwork/libc.a(strtol.o)
                                                  /cygdrive/c/Embedded/GNUARM/bin/../lib/gcc/arm-elf/4.1.1/../../../../arm-elf/lib/interwork/libc.a(atoi.o)
addToPrioQueue                                    pre_emptive_os/pre_emptive_os.a(prioqueue.o)
                                                  pre_emptive_os/pre_emptive_os.a(event.o)
                                                  pre_emptive_os/pre_emptive_os.a(kernel.o)
addToRdyList                                      pre_emptive_os/pre_emptive_os.a(kernel.o)
                                                  pre_emptive_os/pre_emptive_os.a(event.o)
addToTimeList                                     pre_emptive_os/pre_emptive_os.a(kernel.o)
                                                  pre_emptive_os/pre_emptive_os.a(event.o)
appTick                                           main.o
                                                  pre_emptive_os/pre_emptive_os.a(kernel.o)
atoi                                              /cygdrive/c/Embedded/GNUARM/bin/../lib/gcc/arm-elf/4.1.1/../../../../arm-elf/lib/interwork/libc.a(atoi.o)
                                                  startup/libea_startup_thumb.a(consol.o)
charMap                                           lcd/lcd.o
checkKey                                          key.o
                                                  select.o
                                                  snake.o
                                                  main.o
checkKey2                                         key.o
checkStackLimit                                   pre_emptive_os/pre_emptive_os.a(stack_usage.o)
consolGetCh                                       startup/libea_startup_thumb.a(consol.o)
consolGetChar                                     startup/libea_startup_thumb.a(consol.o)
consolGetIntNum                                   startup/libea_startup_thumb.a(consol.o)
consolGetString                                   startup/libea_startup_thumb.a(consol.o)
consolInit                                        startup/libea_startup_thumb.a(consol.o)
                                                  startup/libea_startup_thumb.a(framework.o)
consolScanf                                       startup/libea_startup_thumb.a(consol.o)
consolSendCh                                      startup/libea_startup_thumb.a(consol.o)
consolSendChar                                    startup/libea_startup_thumb.a(consol.o)
consolSendNumber                                  startup/libea_startup_thumb.a(consol.o)
                                                  startup/libea_startup_thumb.a(framework.o)
consolSendString                                  startup/libea_startup_thumb.a(consol.o)
                                                  startup/libea_startup_thumb.a(framework.o)
createStackPattern                                pre_emptive_os/pre_emptive_os.a(stack_usage.o)
                                                  pre_emptive_os/pre_emptive_os.a(kernel.o)
ctxSwitchIsr_oshal                                pre_emptive_os/pre_emptive_os.a(a7hal_a.o)
                                                  pre_emptive_os/pre_emptive_os.a(kernel.o)
ctxSwitch_oshal                                   pre_emptive_os/pre_emptive_os.a(a7hal_a.o)
                                                  pre_emptive_os/pre_emptive_os.a(kernel.o)
drawMenu                                          select.o
                                                  snake.o
eaInit                                            startup/libea_startup_thumb.a(framework.o)
                                                  main.o
eepromPageRead                                    eeprom.o
eepromPoll                                        eeprom.o
eepromStartRead                                   eeprom.o
eepromWrite                                       eeprom.o
end                                               startup/libea_startup_thumb.a(framework.o)
eventInit                                         pre_emptive_os/pre_emptive_os.a(event.o)
                                                  pre_emptive_os/pre_emptive_os.a(count_sem.o)
eventIsEmpty                                      pre_emptive_os/pre_emptive_os.a(event.o)
                                                  pre_emptive_os/pre_emptive_os.a(count_sem.o)
eventSignal                                       pre_emptive_os/pre_emptive_os.a(event.o)
                                                  pre_emptive_os/pre_emptive_os.a(count_sem.o)
eventWait                                         pre_emptive_os/pre_emptive_os.a(event.o)
                                                  pre_emptive_os/pre_emptive_os.a(count_sem.o)
eventWaitReturn                                   pre_emptive_os/pre_emptive_os.a(event.o)
                                                  pre_emptive_os/pre_emptive_os.a(count_sem.o)
exceptionHandlerInit                              startup/libea_startup_thumb.a(framework.o)
                                                  startup/libea_startup_thumb.a(startup.o)
generalIRQ_oshal                                  pre_emptive_os/pre_emptive_os.a(a7hal_a.o)
                                                  pre_emptive_os/pre_emptive_os.a(a7hal.o)
getAnalogueInput                                  adc/adc.o
getHighPrioQueue                                  pre_emptive_os/pre_emptive_os.a(prioqueue.o)
                                                  pre_emptive_os/pre_emptive_os.a(event.o)
                                                  pre_emptive_os/pre_emptive_os.a(kernel.o)
getKeys                                           key.o
getPca9532Pin                                     pca9532.o
                                                  main.o
halDisableInterrupts_oshal                        pre_emptive_os/pre_emptive_os.a(a7hal.o)
                                                  pre_emptive_os/pre_emptive_os.a(count_sem.o)
                                                  pre_emptive_os/pre_emptive_os.a(timer.o)
                                                  pre_emptive_os/pre_emptive_os.a(kernel.o)
halEnableInterrupts_oshal                         pre_emptive_os/pre_emptive_os.a(a7hal.o)
halRestoreInterrupts_oshal                        pre_emptive_os/pre_emptive_os.a(a7hal.o)
                                                  pre_emptive_os/pre_emptive_os.a(count_sem.o)
                                                  pre_emptive_os/pre_emptive_os.a(timer.o)
                                                  pre_emptive_os/pre_emptive_os.a(kernel.o)
handleIRQs_oshal                                  pre_emptive_os/pre_emptive_os.a(a7hal.o)
                                                  pre_emptive_os/pre_emptive_os.a(a7hal_a.o)
i2cCheckStatus                                    i2c/i2c.o
                                                  eeprom.o
i2cGetChar                                        i2c/i2c.o
                                                  eeprom.o
i2cInit                                           i2c/i2c.o
                                                  main.o
i2cMyWrite                                        i2c/i2c.o
i2cPutChar                                        i2c/i2c.o
                                                  eeprom.o
i2cRead                                           i2c/i2c.o
i2cRepeatStart                                    i2c/i2c.o
                                                  eeprom.o
i2cStart                                          i2c/i2c.o
                                                  eeprom.o
i2cStop                                           i2c/i2c.o
                                                  eeprom.o
i2cWaitTransmit                                   i2c/i2c.o
i2cWrite                                          i2c/i2c.o
i2cWriteWithWait                                  i2c/i2c.o
                                                  eeprom.o
initAdc                                           adc/adc.o
initKeyProc                                       key.o
                                                  main.o
initPrioQueue                                     pre_emptive_os/pre_emptive_os.a(prioqueue.o)
                                                  pre_emptive_os/pre_emptive_os.a(event.o)
                                                  pre_emptive_os/pre_emptive_os.a(kernel.o)
initSpiForLcd                                     lcd/lcd_hw.o
                                                  lcd/lcd.o
initTimer_oshal                                   pre_emptive_os/pre_emptive_os.a(a7hal.o)
                                                  pre_emptive_os/pre_emptive_os.a(kernel.o)
isEmptyPrioQueue                                  pre_emptive_os/pre_emptive_os.a(prioqueue.o)
                                                  pre_emptive_os/pre_emptive_os.a(event.o)
isrNesting                                        pre_emptive_os/pre_emptive_os.a(kernel.o)
                                                  pre_emptive_os/pre_emptive_os.a(event.o)
                                                  pre_emptive_os/pre_emptive_os.a(count_sem.o)
                                                  pre_emptive_os/pre_emptive_os.a(a7hal_a.o)
lcdClrscr                                         lcd/lcd.o
                                                  snake.o
                                                  main.o
lcdColor                                          lcd/lcd.o
                                                  select.o
                                                  snake.o
                                                  main.o
lcdContrast                                       lcd/lcd.o
                                                  main.o
lcdData                                           lcd/lcd.o
lcdGotoxy                                         lcd/lcd.o
                                                  select.o
                                                  snake.o
                                                  main.o
lcdIcon                                           lcd/lcd.o
                                                  main.o
lcdInit                                           lcd/lcd.o
                                                  main.o
lcdOff                                            lcd/lcd.o
lcdPutchar                                        lcd/lcd.o
lcdPuts                                           lcd/lcd.o
                                                  select.o
                                                  snake.o
                                                  main.o
lcdRect                                           lcd/lcd.o
                                                  select.o
                                                  snake.o
                                                  main.o
lcdRectBrd                                        lcd/lcd.o
lcdWindow                                         lcd/lcd.o
lcdWrcmd                                          lcd/lcd.o
lcdWrdata                                         lcd/lcd.o
lowLevelInit                                      startup/libea_startup_thumb.a(framework.o)
                                                  startup/libea_startup_thumb.a(startup.o)
main                                              main.o
                                                  startup/libea_startup_thumb.a(startup.o)
memcpy                                            /cygdrive/c/Embedded/GNUARM/bin/../lib/gcc/arm-elf/4.1.1/../../../../arm-elf/lib/interwork/libc.a(memcpy.o)
                                                  startup/libea_startup_thumb.a(consol.o)
                                                  pca9532.o
ms                                                snake.o
                                                  main.o
osCreateProcess                                   pre_emptive_os/pre_emptive_os.a(kernel.o)
                                                  pre_emptive_os/pre_emptive_os.a(timer.o)
                                                  key.o
                                                  main.o
osCreateTimer                                     pre_emptive_os/pre_emptive_os.a(timer.o)
osDeleteProcess                                   pre_emptive_os/pre_emptive_os.a(kernel.o)
                                                  main.o
osDeleteTimer                                     pre_emptive_os/pre_emptive_os.a(timer.o)
osGetHighPrioProc                                 pre_emptive_os/pre_emptive_os.a(kernel.o)
osISREnter                                        pre_emptive_os/pre_emptive_os.a(kernel.o)
osISRExit                                         pre_emptive_os/pre_emptive_os.a(kernel.o)
                                                  pre_emptive_os/pre_emptive_os.a(a7hal_a.o)
osInit                                            pre_emptive_os/pre_emptive_os.a(kernel.o)
                                                  main.o
osInitTimers                                      pre_emptive_os/pre_emptive_os.a(timer.o)
osLockNesting                                     pre_emptive_os/pre_emptive_os.a(kernel.o)
osPid                                             pre_emptive_os/pre_emptive_os.a(kernel.o)
osResume                                          pre_emptive_os/pre_emptive_os.a(kernel.o)
osSemGive                                         pre_emptive_os/pre_emptive_os.a(count_sem.o)
                                                  pre_emptive_os/pre_emptive_os.a(timer.o)
osSemInit                                         pre_emptive_os/pre_emptive_os.a(count_sem.o)
                                                  pre_emptive_os/pre_emptive_os.a(timer.o)
osSemTake                                         pre_emptive_os/pre_emptive_os.a(count_sem.o)
                                                  pre_emptive_os/pre_emptive_os.a(timer.o)
osSemTryTake                                      pre_emptive_os/pre_emptive_os.a(count_sem.o)
osSleep                                           pre_emptive_os/pre_emptive_os.a(kernel.o)
                                                  select.o
                                                  key.o
                                                  snake.o
                                                  lcd/lcd.o
                                                  adc/adc.o
                                                  main.o
osStackUsage                                      pre_emptive_os/pre_emptive_os.a(stack_usage.o)
osStart                                           pre_emptive_os/pre_emptive_os.a(kernel.o)
                                                  main.o
osStartProcess                                    pre_emptive_os/pre_emptive_os.a(kernel.o)
                                                  pre_emptive_os/pre_emptive_os.a(timer.o)
                                                  key.o
                                                  main.o
osSuspend                                         pre_emptive_os/pre_emptive_os.a(kernel.o)
osTick                                            pre_emptive_os/pre_emptive_os.a(kernel.o)
                                                  pre_emptive_os/pre_emptive_os.a(a7hal.o)
pHeapEnd                                          startup/libea_startup_thumb.a(framework.o)
pHeapStart                                        startup/libea_startup_thumb.a(framework.o)
pNxtToRun                                         pre_emptive_os/pre_emptive_os.a(kernel.o)
                                                  pre_emptive_os/pre_emptive_os.a(a7hal_a.o)
pRunProc                                          pre_emptive_os/pre_emptive_os.a(kernel.o)
                                                  pre_emptive_os/pre_emptive_os.a(event.o)
                                                  pre_emptive_os/pre_emptive_os.a(a7hal_a.o)
pca9532                                           eeprom.o
                                                  pca9532.o
pca9532Init                                       pca9532.o
                                                  main.o
playSnake                                         snake.o
                                                  main.o
processControlBlocks                              pre_emptive_os/pre_emptive_os.a(event.o)
                                                  pre_emptive_os/pre_emptive_os.a(stack_usage.o)
                                                  pre_emptive_os/pre_emptive_os.a(kernel.o)
rand                                              /cygdrive/c/Embedded/GNUARM/bin/../lib/gcc/arm-elf/4.1.1/../../../../arm-elf/lib/interwork/libc.a(rand.o)
                                                  snake.o
rmvFromPrioQueue                                  pre_emptive_os/pre_emptive_os.a(prioqueue.o)
                                                  pre_emptive_os/pre_emptive_os.a(event.o)
                                                  pre_emptive_os/pre_emptive_os.a(kernel.o)
rmvFromRdyList                                    pre_emptive_os/pre_emptive_os.a(kernel.o)
                                                  pre_emptive_os/pre_emptive_os.a(event.o)
rmvFromTimeList                                   pre_emptive_os/pre_emptive_os.a(kernel.o)
                                                  pre_emptive_os/pre_emptive_os.a(event.o)
sampleKey                                         key.o
schedule                                          pre_emptive_os/pre_emptive_os.a(kernel.o)
                                                  pre_emptive_os/pre_emptive_os.a(event.o)
                                                  pre_emptive_os/pre_emptive_os.a(count_sem.o)
selectLCD                                         lcd/lcd_hw.o
                                                  lcd/lcd.o
sendToLCD                                         lcd/lcd_hw.o
                                                  lcd/lcd.o
setPca9532Pin                                     pca9532.o
                                                  main.o
simplePrintf                                      startup/libea_startup_thumb.a(consol.o)
                                                  main.o
snake                                             snake.o
srand                                             /cygdrive/c/Embedded/GNUARM/bin/../lib/gcc/arm-elf/4.1.1/../../../../arm-elf/lib/interwork/libc.a(rand.o)
                                                  snake.o
startHighProc_oshal                               pre_emptive_os/pre_emptive_os.a(a7hal_a.o)
                                                  pre_emptive_os/pre_emptive_os.a(kernel.o)
stkFrameInit_oshal                                pre_emptive_os/pre_emptive_os.a(a7hal.o)
                                                  pre_emptive_os/pre_emptive_os.a(kernel.o)
strlen                                            /cygdrive/c/Embedded/GNUARM/bin/../lib/gcc/arm-elf/4.1.1/../../../../arm-elf/lib/interwork/libc.a(strlen.o)
                                                  startup/libea_startup_thumb.a(consol.o)
strtol                                            /cygdrive/c/Embedded/GNUARM/bin/../lib/gcc/arm-elf/4.1.1/../../../../arm-elf/lib/interwork/libc.a(strtol.o)
                                                  /cygdrive/c/Embedded/GNUARM/bin/../lib/gcc/arm-elf/4.1.1/../../../../arm-elf/lib/interwork/libc.a(atoi.o)
timerIsr_oshal                                    pre_emptive_os/pre_emptive_os.a(a7hal.o)
timerTick                                         pre_emptive_os/pre_emptive_os.a(timer.o)
                                                  pre_emptive_os/pre_emptive_os.a(kernel.o)
