Archive member included because of file (symbol)

startup/libea_startup_thumb.a(consol.o)
                              sd/diskio.o (simplePrintf)
startup/libea_startup_thumb.a(framework.o)
                              main.o (eaInit)
startup/libea_startup_thumb.a(startup.o)
                              (_startup)
pre_emptive_os/pre_emptive_os.a(kernel.o)
                              main.o (osInit)
pre_emptive_os/pre_emptive_os.a(prioqueue.o)
                              pre_emptive_os/pre_emptive_os.a(kernel.o) (initPrioQueue)
pre_emptive_os/pre_emptive_os.a(timer.o)
                              pre_emptive_os/pre_emptive_os.a(kernel.o) (timerTick)
pre_emptive_os/pre_emptive_os.a(stack_usage.o)
                              pre_emptive_os/pre_emptive_os.a(kernel.o) (createStackPattern)
pre_emptive_os/pre_emptive_os.a(a7hal.o)
                              pre_emptive_os/pre_emptive_os.a(kernel.o) (stkFrameInit_oshal)
pre_emptive_os/pre_emptive_os.a(a7hal_a.o)
                              pre_emptive_os/pre_emptive_os.a(kernel.o) (startHighProc_oshal)
pre_emptive_os/pre_emptive_os.a(count_sem.o)
                              pre_emptive_os/pre_emptive_os.a(timer.o) (osSemInit)
pre_emptive_os/pre_emptive_os.a(event.o)
                              pre_emptive_os/pre_emptive_os.a(count_sem.o) (eventInit)
/cygdrive/c/Embedded/GNUARM/bin/../lib/gcc/arm-elf/4.1.1/interwork/libgcc.a(_udivsi3.o)
                              sd/pff.o (__udivsi3)
/cygdrive/c/Embedded/GNUARM/bin/../lib/gcc/arm-elf/4.1.1/interwork/libgcc.a(_divsi3.o)
                              secondLCD/secondLCD.o (__divsi3)
/cygdrive/c/Embedded/GNUARM/bin/../lib/gcc/arm-elf/4.1.1/interwork/libgcc.a(_umodsi3.o)
                              sd/pff.o (__umodsi3)
/cygdrive/c/Embedded/GNUARM/bin/../lib/gcc/arm-elf/4.1.1/interwork/libgcc.a(_modsi3.o)
                              snake.o (__modsi3)
/cygdrive/c/Embedded/GNUARM/bin/../lib/gcc/arm-elf/4.1.1/interwork/libgcc.a(_dvmd_tls.o)
                              /cygdrive/c/Embedded/GNUARM/bin/../lib/gcc/arm-elf/4.1.1/interwork/libgcc.a(_udivsi3.o) (__div0)
/cygdrive/c/Embedded/GNUARM/bin/../lib/gcc/arm-elf/4.1.1/interwork/libgcc.a(_call_via_rX.o)
                              pre_emptive_os/pre_emptive_os.a(timer.o) (_call_via_r4)
/cygdrive/c/Embedded/GNUARM/bin/../lib/gcc/arm-elf/4.1.1/interwork/libgcc.a(_umoddi3.o)
                              speaker/speaker.o (__umoddi3)
/cygdrive/c/Embedded/GNUARM/bin/../lib/gcc/arm-elf/4.1.1/interwork/libgcc.a(_clz.o)
                              /cygdrive/c/Embedded/GNUARM/bin/../lib/gcc/arm-elf/4.1.1/interwork/libgcc.a(_umoddi3.o) (__clz_tab)
/cygdrive/c/Embedded/GNUARM/bin/../lib/gcc/arm-elf/4.1.1/../../../../arm-elf/lib/interwork/libc.a(atoi.o)
                              hscore/hscore.o (atoi)
/cygdrive/c/Embedded/GNUARM/bin/../lib/gcc/arm-elf/4.1.1/../../../../arm-elf/lib/interwork/libc.a(memcpy.o)
                              pca9532.o (memcpy)
/cygdrive/c/Embedded/GNUARM/bin/../lib/gcc/arm-elf/4.1.1/../../../../arm-elf/lib/interwork/libc.a(memset.o)
                              hscore/hscore.o (memset)
/cygdrive/c/Embedded/GNUARM/bin/../lib/gcc/arm-elf/4.1.1/../../../../arm-elf/lib/interwork/libc.a(rand.o)
                              snake.o (srand)
/cygdrive/c/Embedded/GNUARM/bin/../lib/gcc/arm-elf/4.1.1/../../../../arm-elf/lib/interwork/libc.a(strlen.o)
                              hscore/hscore.o (strlen)
/cygdrive/c/Embedded/GNUARM/bin/../lib/gcc/arm-elf/4.1.1/../../../../arm-elf/lib/interwork/libc.a(strncpy.o)
                              hscore/hscore.o (strncpy)
/cygdrive/c/Embedded/GNUARM/bin/../lib/gcc/arm-elf/4.1.1/../../../../arm-elf/lib/interwork/libc.a(strtok.o)
                              hscore/hscore.o (strtok)
/cygdrive/c/Embedded/GNUARM/bin/../lib/gcc/arm-elf/4.1.1/../../../../arm-elf/lib/interwork/libc.a(strtok_r.o)
                              /cygdrive/c/Embedded/GNUARM/bin/../lib/gcc/arm-elf/4.1.1/../../../../arm-elf/lib/interwork/libc.a(strtok.o) (__strtok_r)
/cygdrive/c/Embedded/GNUARM/bin/../lib/gcc/arm-elf/4.1.1/../../../../arm-elf/lib/interwork/libc.a(strtol.o)
                              /cygdrive/c/Embedded/GNUARM/bin/../lib/gcc/arm-elf/4.1.1/../../../../arm-elf/lib/interwork/libc.a(atoi.o) (_strtol_r)
/cygdrive/c/Embedded/GNUARM/bin/../lib/gcc/arm-elf/4.1.1/../../../../arm-elf/lib/interwork/libc.a(ctype_.o)
                              /cygdrive/c/Embedded/GNUARM/bin/../lib/gcc/arm-elf/4.1.1/../../../../arm-elf/lib/interwork/libc.a(strtol.o) (__ctype_ptr)
/cygdrive/c/Embedded/GNUARM/bin/../lib/gcc/arm-elf/4.1.1/../../../../arm-elf/lib/interwork/libc.a(impure.o)
                              /cygdrive/c/Embedded/GNUARM/bin/../lib/gcc/arm-elf/4.1.1/../../../../arm-elf/lib/interwork/libc.a(rand.o) (_impure_ptr)

Allocating common symbols
Common symbol       size              file

rc                  0x4               speaker/speaker.o
snake               0x320             snake.o
[...]
Memory Configuration

Name             Origin             Length             Attributes
FLASH            0x00000000         0x00080000         xr
RAM              0x40000000         0x00008000         rw
*default*        0x00000000         0xffffffff

Linker script and memory map

LOAD main.o
LOAD eeprom.o
LOAD i2c/i2c.o
LOAD pca9532.o
LOAD lcd/lcd.o
LOAD lcd/lcd_hw.o
LOAD led/led_utils.o
LOAD sd/diskio.o
LOAD sd/pff.o
LOAD sd/spi.o
LOAD sd/sd.o
LOAD snake.o
LOAD joystick/joystick.o
LOAD timer/timer.o
LOAD motor/motor.o
LOAD hscore/hscore.o
LOAD secondLCD/secondLCD.o
LOAD dac.o
LOAD speaker/speaker.o
LOAD select.o
LOAD startup/libea_startup_thumb.a
LOAD pre_emptive_os/pre_emptive_os.a
START GROUP
LOAD /cygdrive/c/Embedded/GNUARM/bin/../lib/gcc/arm-elf/4.1.1/interwork/libgcc.a
LOAD /cygdrive/c/Embedded/GNUARM/bin/../lib/gcc/arm-elf/4.1.1/../../../../arm-elf/lib/interwork/libc.a
END GROUP

.text           0x00000000     0x5948
 *startup.o(.text)
 .text          0x00000000      0x1d8 startup/libea_startup_thumb.a(startup.o)
                0x00000000                _startup
 *(.text)
 .text          0x000001d8      0x128 main.o
                0x000001d8                appTick
                0x000001e8                main
 .text          0x00000300      0x2b4 eeprom.o
                0x00000398                pca9532
                0x00000484                eepromWrite
                0x00000568                eepromPoll
                0x000004f0                eepromPageRead
                0x00000300                eepromStartRead
 .text          0x000005b4      0x39c i2c/i2c.o
                0x000005cc                i2cInit
                0x00000810                i2cRead
                0x0000073c                i2cWriteWithWait
                0x00000618                i2cStart
                0x00000664                i2cStop
                0x000005b4                i2cCheckStatus
                0x000006b8                i2cGetChar
                0x000007c4                i2cRepeatStart
                0x000008b0                i2cWrite
                0x00000710                i2cWaitTransmit
                0x0000076c                i2cMyWrite
                0x0000068c                i2cPutChar
 .text          0x00000950       0xec pca9532.o
                0x00000978                setPca9532Pin
                0x00000950                getPca9532Pin
                0x00000a04                pca9532Init
 .text          0x00000a3c      0x570 lcd/lcd.o
                0x00000a3c                lcdColor
                0x00000c08                lcdWindow
                0x00000e48                lcdClrscr
                0x00000d10                lcdRectBrd
                0x00000b8c                lcdPutchar
                0x00000e24                lcdContrast
                0x00000e9c                lcdOff
                0x00000eb8                lcdInit
                0x00000c60                lcdIcon
                0x00000ac4                lcdData
                0x00000a50                lcdWrdata
                0x00000dc0                lcdRect
                0x00000a60                lcdWrcmd
                0x00000bf0                lcdPuts
                0x00000c38                lcdGotoxy
 .text          0x00000fac       0xd8 lcd/lcd_hw.o
                0x00000fac                sendToLCD
                0x00001048                initSpiForLcd
                0x00001028                selectLCD
 .text          0x00001084      0x168 led/led_utils.o
                0x0000109c                lightLedPatternOne
                0x00001084                determineLedDelay
 .text          0x000011ec      0x154 sd/diskio.o
                0x000011f0                disk_readp
                0x00001300                disk_initialize
                0x000011ec                disk_writep
 .text          0x00001340      0xa40 sd/pff.o
                0x0000179c                pf_readdir
                0x00001540                pf_lseek
                0x000015fc                pf_read
                0x00001a60                pf_open
                0x00001a04                pf_opendir
                0x00001ad8                pf_write
                0x00001c04                pf_mount
 .text          0x00001d80       0xd0 sd/spi.o
                0x00001d94                my_spiSend
                0x00001de4                initSpi
                0x00001d80                setSpiSpeed
                0x00001db8                spiSend
 .text          0x00001e50      0x208 sd/sd.o
                0x00001ee0                sdCommand
                0x00001e50                sdResp8bError
                0x00001ff8                sdInit
                0x00001e54                sdResp8b
                0x00001ea0                sdResp16b
                0x00001f54                sdState
 .text          0x00002058      0x44c snake.o
                0x0000225c                playSnake
 .text          0x000024a4      0x240 joystick/joystick.o
                0x000024f4                getPressedKey
                0x00002504                getNowPressedKey
                0x00002684                initKeyProc
                0x000024a4                getKeys
                0x00002510                readKeyInLoop
 .text          0x000026e4       0x4c timer/timer.o
                0x000026e4                sleep
 .text          0x00002730       0x70 motor/motor.o
                0x00002730                procMotor
 .text          0x000027a0      0x20c hscore/hscore.o
                0x00002800                getLastHScore
 .text          0x000029ac      0x380 secondLCD/secondLCD.o
                0x000029ac                initSecondLCD
                0x00002a9c                displayScoreAndTime
 .text          0x00002d2c       0x10 dac.o
                0x00002d2c                initDac
 .text          0x00002d3c      0x324 speaker/speaker.o
                0x00002ea0                play
                0x00002d3c                initSpiker
                0x00003020                playBuu
 .text          0x00003060      0x160 select.o
                0x000030d0                drawMenu
 .text          0x000031c0      0x67c startup/libea_startup_thumb.a(consol.o)
                0x00003678                consolGetIntNum
                0x000032b4                consolSendCh
                0x00003480                consolGetString
                0x00003324                consolSendNumber
                0x0000343c                consolGetCh
                0x00003294                consolSendChar
                0x000034f8                simplePrintf
                0x000032f8                consolSendString
                0x00003758                consolScanf
                0x0000345c                consolGetChar
                0x00003244                consolInit
 .text          0x0000383c      0x2c0 startup/libea_startup_thumb.a(framework.o)
                0x00003968                eaInit
                0x000038b4                lowLevelInit
                0x0000383c                exceptionHandlerInit
 .text          0x00003afc      0x4f8 pre_emptive_os/pre_emptive_os.a(kernel.o)
                0x00003e78                osTick
                0x00003f3c                rmvFromRdyList
                0x00003c98                osGetHighPrioProc
                0x00003f58                osSuspend
                0x00003bac                osInit
                0x00003f8c                osDeleteProcess
                0x00003bd8                osISREnter
                0x00003cb4                schedule
                0x00003bfc                osCreateProcess
                0x00003df8                addToRdyList
                0x00003b48                addToTimeList
                0x00003e0c                osResume
                0x00003afc                osPid
                0x00003fbc                osSleep
                0x00003d20                osISRExit
                0x00003d88                osStart
                0x00003db4                rmvFromTimeList
                0x00003ed4                osStartProcess
 .text          0x00003ff4      0x124 pre_emptive_os/pre_emptive_os.a(prioqueue.o)
                0x00003ff4                initPrioQueue
                0x0000405c                rmvFromPrioQueue
                0x00004014                addToPrioQueue
                0x000040f8                isEmptyPrioQueue
                0x000040c0                getHighPrioQueue
 .text          0x00004118      0x218 pre_emptive_os/pre_emptive_os.a(timer.o)
                0x00004118                timerTick
                0x0000428c                osInitTimers
                0x00004228                osDeleteTimer
                0x000041fc                osCreateTimer
 .text          0x00004330       0xa4 pre_emptive_os/pre_emptive_os.a(stack_usage.o)
                0x00004330                osStackUsage
                0x00004374                createStackPattern
                0x00004394                checkStackLimit
 .text          0x000043d4      0x1ec pre_emptive_os/pre_emptive_os.a(a7hal.o)
                0x0000440c                stkFrameInit_oshal
                0x000043d4                timerIsr_oshal
                0x000044ec                halRestoreInterrupts_oshal
                0x000044f4                initTimer_oshal
                0x000044dc                halEnableInterrupts_oshal
                0x0000458c                handleIRQs_oshal
                0x000044bc                halDisableInterrupts_oshal
 .text          0x000045c0       0xc4 pre_emptive_os/pre_emptive_os.a(a7hal_a.o)
                0x000045cc                startHighProc_oshal
                0x000045f4                ctxSwitchIsr_oshal
                0x000045d4                ctxSwitch_oshal
                0x00004614                generalIRQ_oshal
 .text          0x00004684      0x144 pre_emptive_os/pre_emptive_os.a(count_sem.o)
                0x00004724                osSemGive
                0x00004788                osSemTryTake
                0x00004684                osSemInit
                0x00004698                osSemTake
 .text          0x000047c8       0xd8 pre_emptive_os/pre_emptive_os.a(event.o)
                0x000047d8                eventWait
                0x000047c8                eventInit
                0x00004840                eventIsEmpty
                0x00004810                eventWaitReturn
                0x00004850                eventSignal
 .text          0x000048a0      0x114 /cygdrive/c/Embedded/GNUARM/bin/../lib/gcc/arm-elf/4.1.1/interwork/libgcc.a(_udivsi3.o)
                0x000048a0                __udivsi3
                0x000048a0                __aeabi_uidiv
                0x0000499c                __aeabi_uidivmod
 .text          0x000049b4      0x144 /cygdrive/c/Embedded/GNUARM/bin/../lib/gcc/arm-elf/4.1.1/interwork/libgcc.a(_divsi3.o)
                0x000049b4                __aeabi_idiv
                0x000049b4                __divsi3
                0x00004ae0                __aeabi_idivmod
 .text          0x00004af8       0xd0 /cygdrive/c/Embedded/GNUARM/bin/../lib/gcc/arm-elf/4.1.1/interwork/libgcc.a(_umodsi3.o)
                0x00004af8                __umodsi3
 .text          0x00004bc8       0xe8 /cygdrive/c/Embedded/GNUARM/bin/../lib/gcc/arm-elf/4.1.1/interwork/libgcc.a(_modsi3.o)
                0x00004bc8                __modsi3
 .text          0x00004cb0        0x4 /cygdrive/c/Embedded/GNUARM/bin/../lib/gcc/arm-elf/4.1.1/interwork/libgcc.a(_dvmd_tls.o)
                0x00004cb0                __aeabi_ldiv0
                0x00004cb0                __div0
                0x00004cb0                __aeabi_idiv0
 .text          0x00004cb4       0x3c /cygdrive/c/Embedded/GNUARM/bin/../lib/gcc/arm-elf/4.1.1/interwork/libgcc.a(_call_via_rX.o)
                0x00004cbc                _call_via_r2
                0x00004ccc                _call_via_r6
                0x00004cc8                _call_via_r5
                0x00004cc0                _call_via_r3
                0x00004ce0                _call_via_fp
                0x00004cd4                _call_via_r8
                0x00004cd0                _call_via_r7
                0x00004cb4                _call_via_r0
                0x00004cdc                _call_via_sl
                0x00004ce8                _call_via_sp
                0x00004cd8                _call_via_r9
                0x00004cc4                _call_via_r4
                0x00004cb8                _call_via_r1
                0x00004ce4                _call_via_ip
                0x00004cec                _call_via_lr
 .text          0x00004cf0      0x52c /cygdrive/c/Embedded/GNUARM/bin/../lib/gcc/arm-elf/4.1.1/interwork/libgcc.a(_umoddi3.o)
                0x00004cf0                __umoddi3
 .text          0x0000521c        0x0 /cygdrive/c/Embedded/GNUARM/bin/../lib/gcc/arm-elf/4.1.1/interwork/libgcc.a(_clz.o)
 .text          0x0000521c       0x30 /cygdrive/c/Embedded/GNUARM/bin/../lib/gcc/arm-elf/4.1.1/../../../../arm-elf/lib/interwork/libc.a(atoi.o)
                0x0000521c                _atoi_r
                0x00005234                atoi
 .text          0x0000524c       0x9c /cygdrive/c/Embedded/GNUARM/bin/../lib/gcc/arm-elf/4.1.1/../../../../arm-elf/lib/interwork/libc.a(memcpy.o)
                0x0000524c                memcpy
 .text          0x000052e8       0x98 /cygdrive/c/Embedded/GNUARM/bin/../lib/gcc/arm-elf/4.1.1/../../../../arm-elf/lib/interwork/libc.a(memset.o)
                0x000052e8                memset
 .text          0x00005380       0x7c /cygdrive/c/Embedded/GNUARM/bin/../lib/gcc/arm-elf/4.1.1/../../../../arm-elf/lib/interwork/libc.a(rand.o)
                0x0000539c                rand
                0x00005380                srand
 .text          0x000053fc       0x90 /cygdrive/c/Embedded/GNUARM/bin/../lib/gcc/arm-elf/4.1.1/../../../../arm-elf/lib/interwork/libc.a(strlen.o)
                0x000053fc                strlen
 .text          0x0000548c      0x114 /cygdrive/c/Embedded/GNUARM/bin/../lib/gcc/arm-elf/4.1.1/../../../../arm-elf/lib/interwork/libc.a(strncpy.o)
                0x0000548c                strncpy
 .text          0x000055a0       0x24 /cygdrive/c/Embedded/GNUARM/bin/../lib/gcc/arm-elf/4.1.1/../../../../arm-elf/lib/interwork/libc.a(strtok.o)
                0x000055a0                strtok
 .text          0x000055c4       0xcc /cygdrive/c/Embedded/GNUARM/bin/../lib/gcc/arm-elf/4.1.1/../../../../arm-elf/lib/interwork/libc.a(strtok_r.o)
                0x00005688                strtok_r
                0x000055c4                __strtok_r
 .text          0x00005690      0x1f0 /cygdrive/c/Embedded/GNUARM/bin/../lib/gcc/arm-elf/4.1.1/../../../../arm-elf/lib/interwork/libc.a(strtol.o)
                0x00005854                strtol
                0x00005690                _strtol_r
 .text          0x00005880        0x0 /cygdrive/c/Embedded/GNUARM/bin/../lib/gcc/arm-elf/4.1.1/../../../../arm-elf/lib/interwork/libc.a(ctype_.o)
 .text          0x00005880        0x0 /cygdrive/c/Embedded/GNUARM/bin/../lib/gcc/arm-elf/4.1.1/../../../../arm-elf/lib/interwork/libc.a(impure.o)
 *(.glue_7)
 .glue_7        0x00005880        0x0 main.o
 .glue_7        0x00005880        0x0 eeprom.o
 .glue_7        0x00005880        0x0 i2c/i2c.o
 .glue_7        0x00005880        0x0 pca9532.o
 .glue_7        0x00005880        0x0 lcd/lcd.o
 .glue_7        0x00005880        0x0 lcd/lcd_hw.o
 .glue_7        0x00005880        0x0 led/led_utils.o
 .glue_7        0x00005880        0x0 sd/diskio.o
 .glue_7        0x00005880        0x0 sd/pff.o
 .glue_7        0x00005880        0x0 sd/spi.o
 .glue_7        0x00005880        0x0 sd/sd.o
 .glue_7        0x00005880        0x0 snake.o
 .glue_7        0x00005880        0x0 joystick/joystick.o
 .glue_7        0x00005880        0x0 timer/timer.o
 .glue_7        0x00005880        0x0 motor/motor.o
 .glue_7        0x00005880        0x0 hscore/hscore.o
 .glue_7        0x00005880        0x0 secondLCD/secondLCD.o
 .glue_7        0x00005880        0x0 dac.o
 .glue_7        0x00005880        0x0 speaker/speaker.o
 .glue_7        0x00005880        0x0 select.o
 .glue_7        0x00005880        0x0 startup/libea_startup_thumb.a(consol.o)
 .glue_7        0x00005880        0x0 startup/libea_startup_thumb.a(framework.o)
 .glue_7        0x00005880        0x0 startup/libea_startup_thumb.a(startup.o)
 .glue_7        0x00005880        0x0 pre_emptive_os/pre_emptive_os.a(kernel.o)
 .glue_7        0x00005880        0x0 pre_emptive_os/pre_emptive_os.a(prioqueue.o)
 .glue_7        0x00005880        0x0 pre_emptive_os/pre_emptive_os.a(timer.o)
 .glue_7        0x00005880        0x0 pre_emptive_os/pre_emptive_os.a(stack_usage.o)
 .glue_7        0x00005880        0x0 pre_emptive_os/pre_emptive_os.a(a7hal.o)
 .glue_7        0x00005880        0x0 pre_emptive_os/pre_emptive_os.a(a7hal_a.o)
 .glue_7        0x00005880        0x0 pre_emptive_os/pre_emptive_os.a(count_sem.o)
 .glue_7        0x00005880        0x0 pre_emptive_os/pre_emptive_os.a(event.o)
 .glue_7        0x00005880        0x0 /cygdrive/c/Embedded/GNUARM/bin/../lib/gcc/arm-elf/4.1.1/interwork/libgcc.a(_udivsi3.o)
 .glue_7        0x00005880        0x0 /cygdrive/c/Embedded/GNUARM/bin/../lib/gcc/arm-elf/4.1.1/interwork/libgcc.a(_divsi3.o)
 .glue_7        0x00005880        0x0 /cygdrive/c/Embedded/GNUARM/bin/../lib/gcc/arm-elf/4.1.1/interwork/libgcc.a(_umodsi3.o)
 .glue_7        0x00005880        0x0 /cygdrive/c/Embedded/GNUARM/bin/../lib/gcc/arm-elf/4.1.1/interwork/libgcc.a(_modsi3.o)
 .glue_7        0x00005880        0x0 /cygdrive/c/Embedded/GNUARM/bin/../lib/gcc/arm-elf/4.1.1/interwork/libgcc.a(_dvmd_tls.o)
 .glue_7        0x00005880        0x0 /cygdrive/c/Embedded/GNUARM/bin/../lib/gcc/arm-elf/4.1.1/interwork/libgcc.a(_call_via_rX.o)
 .glue_7        0x00005880        0x0 /cygdrive/c/Embedded/GNUARM/bin/../lib/gcc/arm-elf/4.1.1/interwork/libgcc.a(_umoddi3.o)
 .glue_7        0x00005880        0x0 /cygdrive/c/Embedded/GNUARM/bin/../lib/gcc/arm-elf/4.1.1/interwork/libgcc.a(_clz.o)
 .glue_7        0x00005880        0x0 /cygdrive/c/Embedded/GNUARM/bin/../lib/gcc/arm-elf/4.1.1/../../../../arm-elf/lib/interwork/libc.a(atoi.o)
 .glue_7        0x00005880        0x0 /cygdrive/c/Embedded/GNUARM/bin/../lib/gcc/arm-elf/4.1.1/../../../../arm-elf/lib/interwork/libc.a(memcpy.o)
 .glue_7        0x00005880        0x0 /cygdrive/c/Embedded/GNUARM/bin/../lib/gcc/arm-elf/4.1.1/../../../../arm-elf/lib/interwork/libc.a(memset.o)
 .glue_7        0x00005880        0x0 /cygdrive/c/Embedded/GNUARM/bin/../lib/gcc/arm-elf/4.1.1/../../../../arm-elf/lib/interwork/libc.a(rand.o)
 .glue_7        0x00005880        0x0 /cygdrive/c/Embedded/GNUARM/bin/../lib/gcc/arm-elf/4.1.1/../../../../arm-elf/lib/interwork/libc.a(strlen.o)
 .glue_7        0x00005880        0x0 /cygdrive/c/Embedded/GNUARM/bin/../lib/gcc/arm-elf/4.1.1/../../../../arm-elf/lib/interwork/libc.a(strncpy.o)
 .glue_7        0x00005880        0x0 /cygdrive/c/Embedded/GNUARM/bin/../lib/gcc/arm-elf/4.1.1/../../../../arm-elf/lib/interwork/libc.a(strtok.o)
 .glue_7        0x00005880        0x0 /cygdrive/c/Embedded/GNUARM/bin/../lib/gcc/arm-elf/4.1.1/../../../../arm-elf/lib/interwork/libc.a(strtok_r.o)
 .glue_7        0x00005880        0x0 /cygdrive/c/Embedded/GNUARM/bin/../lib/gcc/arm-elf/4.1.1/../../../../arm-elf/lib/interwork/libc.a(strtol.o)
 .glue_7        0x00005880        0x0 /cygdrive/c/Embedded/GNUARM/bin/../lib/gcc/arm-elf/4.1.1/../../../../arm-elf/lib/interwork/libc.a(ctype_.o)
 .glue_7        0x00005880       0x18 /cygdrive/c/Embedded/GNUARM/bin/../lib/gcc/arm-elf/4.1.1/../../../../arm-elf/lib/interwork/libc.a(impure.o)
                0x0000588c                __osISRExit_from_arm
                0x00005880                __osTick_from_arm
 *(.glue_7t)
 .glue_7t       0x00005898        0x0 main.o
 .glue_7t       0x00005898        0x0 eeprom.o
 .glue_7t       0x00005898        0x0 i2c/i2c.o
 .glue_7t       0x00005898        0x0 pca9532.o
 .glue_7t       0x00005898        0x0 lcd/lcd.o
 .glue_7t       0x00005898        0x0 lcd/lcd_hw.o
 .glue_7t       0x00005898        0x0 led/led_utils.o
 .glue_7t       0x00005898        0x0 sd/diskio.o
 .glue_7t       0x00005898        0x0 sd/pff.o
 .glue_7t       0x00005898        0x0 sd/spi.o
 .glue_7t       0x00005898        0x0 sd/sd.o
 .glue_7t       0x00005898        0x0 snake.o
 .glue_7t       0x00005898        0x0 joystick/joystick.o
 .glue_7t       0x00005898        0x0 timer/timer.o
 .glue_7t       0x00005898        0x0 motor/motor.o
 .glue_7t       0x00005898        0x0 hscore/hscore.o
 .glue_7t       0x00005898        0x0 secondLCD/secondLCD.o
 .glue_7t       0x00005898        0x0 dac.o
 .glue_7t       0x00005898        0x0 speaker/speaker.o
 .glue_7t       0x00005898        0x0 select.o
 .glue_7t       0x00005898        0x0 startup/libea_startup_thumb.a(consol.o)
 .glue_7t       0x00005898        0x0 startup/libea_startup_thumb.a(framework.o)
 .glue_7t       0x00005898        0x0 startup/libea_startup_thumb.a(startup.o)
 .glue_7t       0x00005898        0x0 pre_emptive_os/pre_emptive_os.a(kernel.o)
 .glue_7t       0x00005898        0x0 pre_emptive_os/pre_emptive_os.a(prioqueue.o)
 .glue_7t       0x00005898        0x0 pre_emptive_os/pre_emptive_os.a(timer.o)
 .glue_7t       0x00005898        0x0 pre_emptive_os/pre_emptive_os.a(stack_usage.o)
 .glue_7t       0x00005898        0x0 pre_emptive_os/pre_emptive_os.a(a7hal.o)
 .glue_7t       0x00005898        0x0 pre_emptive_os/pre_emptive_os.a(a7hal_a.o)
 .glue_7t       0x00005898        0x0 pre_emptive_os/pre_emptive_os.a(count_sem.o)
 .glue_7t       0x00005898        0x0 pre_emptive_os/pre_emptive_os.a(event.o)
 .glue_7t       0x00005898        0x0 /cygdrive/c/Embedded/GNUARM/bin/../lib/gcc/arm-elf/4.1.1/interwork/libgcc.a(_udivsi3.o)
 .glue_7t       0x00005898        0x0 /cygdrive/c/Embedded/GNUARM/bin/../lib/gcc/arm-elf/4.1.1/interwork/libgcc.a(_divsi3.o)
 .glue_7t       0x00005898        0x0 /cygdrive/c/Embedded/GNUARM/bin/../lib/gcc/arm-elf/4.1.1/interwork/libgcc.a(_umodsi3.o)
 .glue_7t       0x00005898        0x0 /cygdrive/c/Embedded/GNUARM/bin/../lib/gcc/arm-elf/4.1.1/interwork/libgcc.a(_modsi3.o)
 .glue_7t       0x00005898        0x0 /cygdrive/c/Embedded/GNUARM/bin/../lib/gcc/arm-elf/4.1.1/interwork/libgcc.a(_dvmd_tls.o)
 .glue_7t       0x00005898        0x0 /cygdrive/c/Embedded/GNUARM/bin/../lib/gcc/arm-elf/4.1.1/interwork/libgcc.a(_call_via_rX.o)
 .glue_7t       0x00005898        0x0 /cygdrive/c/Embedded/GNUARM/bin/../lib/gcc/arm-elf/4.1.1/interwork/libgcc.a(_umoddi3.o)
 .glue_7t       0x00005898        0x0 /cygdrive/c/Embedded/GNUARM/bin/../lib/gcc/arm-elf/4.1.1/interwork/libgcc.a(_clz.o)
 .glue_7t       0x00005898        0x0 /cygdrive/c/Embedded/GNUARM/bin/../lib/gcc/arm-elf/4.1.1/../../../../arm-elf/lib/interwork/libc.a(atoi.o)
 .glue_7t       0x00005898        0x0 /cygdrive/c/Embedded/GNUARM/bin/../lib/gcc/arm-elf/4.1.1/../../../../arm-elf/lib/interwork/libc.a(memcpy.o)
 .glue_7t       0x00005898        0x0 /cygdrive/c/Embedded/GNUARM/bin/../lib/gcc/arm-elf/4.1.1/../../../../arm-elf/lib/interwork/libc.a(memset.o)
 .glue_7t       0x00005898        0x0 /cygdrive/c/Embedded/GNUARM/bin/../lib/gcc/arm-elf/4.1.1/../../../../arm-elf/lib/interwork/libc.a(rand.o)
 .glue_7t       0x00005898        0x0 /cygdrive/c/Embedded/GNUARM/bin/../lib/gcc/arm-elf/4.1.1/../../../../arm-elf/lib/interwork/libc.a(strlen.o)
 .glue_7t       0x00005898        0x0 /cygdrive/c/Embedded/GNUARM/bin/../lib/gcc/arm-elf/4.1.1/../../../../arm-elf/lib/interwork/libc.a(strncpy.o)
 .glue_7t       0x00005898        0x0 /cygdrive/c/Embedded/GNUARM/bin/../lib/gcc/arm-elf/4.1.1/../../../../arm-elf/lib/interwork/libc.a(strtok.o)
 .glue_7t       0x00005898        0x0 /cygdrive/c/Embedded/GNUARM/bin/../lib/gcc/arm-elf/4.1.1/../../../../arm-elf/lib/interwork/libc.a(strtok_r.o)
 .glue_7t       0x00005898        0x0 /cygdrive/c/Embedded/GNUARM/bin/../lib/gcc/arm-elf/4.1.1/../../../../arm-elf/lib/interwork/libc.a(strtol.o)
 .glue_7t       0x00005898        0x0 /cygdrive/c/Embedded/GNUARM/bin/../lib/gcc/arm-elf/4.1.1/../../../../arm-elf/lib/interwork/libc.a(ctype_.o)
 .glue_7t       0x00005898       0xb0 /cygdrive/c/Embedded/GNUARM/bin/../lib/gcc/arm-elf/4.1.1/../../../../arm-elf/lib/interwork/libc.a(impure.o)
                0x000058f8                __memset_from_thumb
                0x000058cc                ____modsi3_change_to_arm
                0x000058fc                __memset_change_to_arm
                0x000058d8                __strncpy_from_thumb
                0x00005918                __halRestoreInterrupts_oshal_from_thumb
                0x000058ec                __strlen_change_to_arm
                0x000058a0                __memcpy_from_thumb
                0x00005928                __ctxSwitch_oshal_from_thumb
                0x00005924                __stkFrameInit_oshal_change_to_arm
                0x000058d0                __srand_from_thumb
                0x00005908                ____umoddi3_from_thumb
                0x0000593c                __initTimer_oshal_change_to_arm
                0x00005940                __startHighProc_oshal_from_thumb
                0x000058bc                ____umodsi3_change_to_arm
                0x000058c8                ____modsi3_from_thumb
                0x000058e4                __strtok_change_to_arm
                0x000058b4                ____udivsi3_change_to_arm
                0x00005944                __startHighProc_oshal_change_to_arm
                0x00005930                __ctxSwitchIsr_oshal_from_thumb
                0x000058f0                __atoi_from_thumb
                0x0000591c                __halRestoreInterrupts_oshal_change_to_arm
                0x000058ac                __simplePrintf_change_to_arm
                0x000058d4                __srand_change_to_arm
                0x000058b8                ____umodsi3_from_thumb
                0x00005900                ____divsi3_from_thumb
                0x000058f4                __atoi_change_to_arm
                0x0000592c                __ctxSwitch_oshal_change_to_arm
                0x000058e0                __strtok_from_thumb
                0x00005920                __stkFrameInit_oshal_from_thumb
                0x000058b0                ____udivsi3_from_thumb
                0x00005898                __eaInit_from_thumb
                0x000058a8                __simplePrintf_from_thumb
                0x00005938                __initTimer_oshal_from_thumb
                0x0000589c                __eaInit_change_to_arm
                0x000058e8                __strlen_from_thumb
                0x00005934                __ctxSwitchIsr_oshal_change_to_arm
                0x000058c0                __rand_from_thumb
                0x00005914                __halDisableInterrupts_oshal_change_to_arm
                0x00005910                __halDisableInterrupts_oshal_from_thumb
                0x000058a4                __memcpy_change_to_arm
                0x000058dc                __strncpy_change_to_arm
                0x00005904                ____divsi3_change_to_arm
                0x0000590c                ____umoddi3_change_to_arm
                0x000058c4                __rand_change_to_arm
                0x00005948                . = ALIGN (0x4)

.rodata         0x00005948      0xcfc
 *(.rodata)
 .rodata        0x00005948        0xb pca9532.o
 .rodata        0x00005953      0x55c lcd/lcd.o
                0x00005953                charMap
 *fill*         0x00005eaf        0x1 00
 .rodata        0x00005eb0       0x10 motor/motor.o
 .rodata        0x00005ec0       0x20 hscore/hscore.o
 .rodata        0x00005ee0       0x10 startup/libea_startup_thumb.a(consol.o)
 .rodata        0x00005ef0      0x100 /cygdrive/c/Embedded/GNUARM/bin/../lib/gcc/arm-elf/4.1.1/interwork/libgcc.a(_clz.o)
                0x00005ef0                __clz_tab
 .rodata        0x00005ff0      0x101 /cygdrive/c/Embedded/GNUARM/bin/../lib/gcc/arm-elf/4.1.1/../../../../arm-elf/lib/interwork/libc.a(ctype_.o)
                0x00005ff0                _ctype_
 *fill*         0x000060f1        0x3 00
 .rodata        0x000060f4        0x4 /cygdrive/c/Embedded/GNUARM/bin/../lib/gcc/arm-elf/4.1.1/../../../../arm-elf/lib/interwork/libc.a(impure.o)
                0x000060f4                _global_impure_ptr
 *(.rodata*)
 .rodata.str1.4
                0x000060f8       0x5c sd/diskio.o
 .rodata.str1.4
                0x00006154      0x15d sd/sd.o
                                0x160 (size before relaxing)
 *fill*         0x000062b1        0x3 00
 .rodata.str1.4
                0x000062b4       0x21 snake.o
                                 0x24 (size before relaxing)
 *fill*         0x000062d5        0x3 00
 .rodata.str1.4
                0x000062d8        0xd motor/motor.o
                                 0x10 (size before relaxing)
 *fill*         0x000062e5        0x3 00
 .rodata.str1.4
                0x000062e8      0x24c hscore/hscore.o
 .rodata.str1.4
                0x00006534       0x12 secondLCD/secondLCD.o
                                 0x18 (size before relaxing)
 *fill*         0x00006546        0x2 00
 .rodata.str1.4
                0x00006548        0x8 speaker/speaker.o
 .rodata.str1.4
                0x00006550       0x18 startup/libea_startup_thumb.a(consol.o)
 .rodata.str1.4
                0x00006568       0xd8 startup/libea_startup_thumb.a(framework.o)
 .rodata.str1.4
                0x00006640        0x4 /cygdrive/c/Embedded/GNUARM/bin/../lib/gcc/arm-elf/4.1.1/../../../../arm-elf/lib/interwork/libc.a(impure.o)
                0x00006644                . = ALIGN (0x4)
                0x00006644                _etext = .
                0x00006644                PROVIDE (etext, .)

.data           0x40000080      0x410 load address 0x00006644
                0x40000080                _data = .
 *(.data)
 .data          0x40000080        0x0 main.o
 .data          0x40000080        0x0 eeprom.o
 .data          0x40000080        0x0 i2c/i2c.o
 .data          0x40000080        0x0 pca9532.o
 .data          0x40000080        0x0 lcd/lcd.o
 .data          0x40000080        0x0 lcd/lcd_hw.o
 .data          0x40000080        0x0 led/led_utils.o
 .data          0x40000080        0x2 sd/diskio.o
                0x40000080                fb_timeout
 .data          0x40000082        0x0 sd/pff.o
 .data          0x40000082        0x0 sd/spi.o
 .data          0x40000082        0x0 sd/sd.o
 .data          0x40000082        0x1 snake.o
 .data          0x40000083        0x5 joystick/joystick.o
 .data          0x40000088        0x0 timer/timer.o
 .data          0x40000088        0x0 motor/motor.o
 .data          0x40000088        0x0 hscore/hscore.o
 .data          0x40000088        0x0 secondLCD/secondLCD.o
 .data          0x40000088        0x0 dac.o
 .data          0x40000088        0x0 speaker/speaker.o
 .data          0x40000088        0x0 select.o
 .data          0x40000088        0x0 startup/libea_startup_thumb.a(consol.o)
 .data          0x40000088        0x0 startup/libea_startup_thumb.a(framework.o)
 .data          0x40000088        0x0 startup/libea_startup_thumb.a(startup.o)
 .data          0x40000088        0x0 pre_emptive_os/pre_emptive_os.a(kernel.o)
 .data          0x40000088        0x0 pre_emptive_os/pre_emptive_os.a(prioqueue.o)
 .data          0x40000088        0x0 pre_emptive_os/pre_emptive_os.a(timer.o)
 .data          0x40000088        0x0 pre_emptive_os/pre_emptive_os.a(stack_usage.o)
 .data          0x40000088        0x0 pre_emptive_os/pre_emptive_os.a(a7hal.o)
 .data          0x40000088        0x0 pre_emptive_os/pre_emptive_os.a(a7hal_a.o)
 .data          0x40000088        0x0 pre_emptive_os/pre_emptive_os.a(count_sem.o)
 .data          0x40000088        0x0 pre_emptive_os/pre_emptive_os.a(event.o)
 .data          0x40000088        0x0 /cygdrive/c/Embedded/GNUARM/bin/../lib/gcc/arm-elf/4.1.1/interwork/libgcc.a(_udivsi3.o)
 .data          0x40000088        0x0 /cygdrive/c/Embedded/GNUARM/bin/../lib/gcc/arm-elf/4.1.1/interwork/libgcc.a(_divsi3.o)
 .data          0x40000088        0x0 /cygdrive/c/Embedded/GNUARM/bin/../lib/gcc/arm-elf/4.1.1/interwork/libgcc.a(_umodsi3.o)
 .data          0x40000088        0x0 /cygdrive/c/Embedded/GNUARM/bin/../lib/gcc/arm-elf/4.1.1/interwork/libgcc.a(_modsi3.o)
 .data          0x40000088        0x0 /cygdrive/c/Embedded/GNUARM/bin/../lib/gcc/arm-elf/4.1.1/interwork/libgcc.a(_dvmd_tls.o)
 .data          0x40000088        0x0 /cygdrive/c/Embedded/GNUARM/bin/../lib/gcc/arm-elf/4.1.1/interwork/libgcc.a(_call_via_rX.o)
 .data          0x40000088        0x0 /cygdrive/c/Embedded/GNUARM/bin/../lib/gcc/arm-elf/4.1.1/interwork/libgcc.a(_umoddi3.o)
 .data          0x40000088        0x0 /cygdrive/c/Embedded/GNUARM/bin/../lib/gcc/arm-elf/4.1.1/interwork/libgcc.a(_clz.o)
 .data          0x40000088        0x0 /cygdrive/c/Embedded/GNUARM/bin/../lib/gcc/arm-elf/4.1.1/../../../../arm-elf/lib/interwork/libc.a(atoi.o)
 .data          0x40000088        0x0 /cygdrive/c/Embedded/GNUARM/bin/../lib/gcc/arm-elf/4.1.1/../../../../arm-elf/lib/interwork/libc.a(memcpy.o)
 .data          0x40000088        0x0 /cygdrive/c/Embedded/GNUARM/bin/../lib/gcc/arm-elf/4.1.1/../../../../arm-elf/lib/interwork/libc.a(memset.o)
 .data          0x40000088        0x0 /cygdrive/c/Embedded/GNUARM/bin/../lib/gcc/arm-elf/4.1.1/../../../../arm-elf/lib/interwork/libc.a(rand.o)
 .data          0x40000088        0x0 /cygdrive/c/Embedded/GNUARM/bin/../lib/gcc/arm-elf/4.1.1/../../../../arm-elf/lib/interwork/libc.a(strlen.o)
 .data          0x40000088        0x0 /cygdrive/c/Embedded/GNUARM/bin/../lib/gcc/arm-elf/4.1.1/../../../../arm-elf/lib/interwork/libc.a(strncpy.o)
 .data          0x40000088        0x0 /cygdrive/c/Embedded/GNUARM/bin/../lib/gcc/arm-elf/4.1.1/../../../../arm-elf/lib/interwork/libc.a(strtok.o)
 .data          0x40000088        0x0 /cygdrive/c/Embedded/GNUARM/bin/../lib/gcc/arm-elf/4.1.1/../../../../arm-elf/lib/interwork/libc.a(strtok_r.o)
 .data          0x40000088        0x0 /cygdrive/c/Embedded/GNUARM/bin/../lib/gcc/arm-elf/4.1.1/../../../../arm-elf/lib/interwork/libc.a(strtol.o)
 .data          0x40000088        0x4 /cygdrive/c/Embedded/GNUARM/bin/../lib/gcc/arm-elf/4.1.1/../../../../arm-elf/lib/interwork/libc.a(ctype_.o)
                0x40000088                __ctype_ptr
 .data          0x4000008c      0x404 /cygdrive/c/Embedded/GNUARM/bin/../lib/gcc/arm-elf/4.1.1/../../../../arm-elf/lib/interwork/libc.a(impure.o)
                0x4000008c                _impure_ptr
                0x40000490                . = ALIGN (0x4)
                0x40000490                _edata = .
                0x40000490                PROVIDE (edata, .)

.bss            0x40000490     0x2ce8
                0x40000490                _bss = .
                0x40000490                __bss_start = .
                0x40000490                __bss_start__ = .
 *(.bss)
 .bss           0x40000490      0x76e main.o
 .bss           0x40000bfe        0x0 eeprom.o
 .bss           0x40000bfe        0x0 i2c/i2c.o
 .bss           0x40000bfe        0x0 pca9532.o
 .bss           0x40000bfe        0x5 lcd/lcd.o
 .bss           0x40000c03        0x0 lcd/lcd_hw.o
 .bss           0x40000c03        0x0 led/led_utils.o
 .bss           0x40000c03        0x0 sd/diskio.o
 *fill*         0x40000c03        0x1 00
 .bss           0x40000c04        0x4 sd/pff.o
 .bss           0x40000c08        0x0 sd/spi.o
 .bss           0x40000c08        0x0 sd/sd.o
 .bss           0x40000c08      0x360 snake.o
 .bss           0x40000f68      0x134 joystick/joystick.o
 .bss           0x4000109c        0x0 timer/timer.o
 .bss           0x4000109c        0x1 motor/motor.o
 *fill*         0x4000109d        0x3 00
 .bss           0x400010a0      0x234 hscore/hscore.o
 .bss           0x400012d4        0x0 secondLCD/secondLCD.o
 .bss           0x400012d4        0x0 dac.o
 .bss           0x400012d4      0x210 speaker/speaker.o
                0x400012d8                totalPlayed
                0x400012d4                bufferPlayed
                0x400012e0                refil
                0x400012d5                bufferToDownload
                0x400012d6                sample
 .bss           0x400014e4       0x34 select.o
 .bss           0x40001518        0x0 startup/libea_startup_thumb.a(consol.o)
 .bss           0x40001518        0x0 startup/libea_startup_thumb.a(framework.o)
 .bss           0x40001518        0x0 startup/libea_startup_thumb.a(startup.o)
 .bss           0x40001518       0x2c pre_emptive_os/pre_emptive_os.a(kernel.o)
                0x40001518                osLockNesting
                0x4000151c                pNxtToRun
                0x40001520                pRunProc
                0x40001519                isrNesting
 .bss           0x40001544        0x0 pre_emptive_os/pre_emptive_os.a(prioqueue.o)
 .bss           0x40001544      0x348 pre_emptive_os/pre_emptive_os.a(timer.o)
 .bss           0x4000188c        0x0 pre_emptive_os/pre_emptive_os.a(stack_usage.o)
 .bss           0x4000188c        0x0 pre_emptive_os/pre_emptive_os.a(a7hal.o)
 .bss           0x4000188c        0x0 pre_emptive_os/pre_emptive_os.a(a7hal_a.o)
 .bss           0x4000188c        0x0 pre_emptive_os/pre_emptive_os.a(count_sem.o)
 .bss           0x4000188c        0x0 pre_emptive_os/pre_emptive_os.a(event.o)
 .bss           0x4000188c        0x0 /cygdrive/c/Embedded/GNUARM/bin/../lib/gcc/arm-elf/4.1.1/interwork/libgcc.a(_udivsi3.o)
 .bss           0x4000188c        0x0 /cygdrive/c/Embedded/GNUARM/bin/../lib/gcc/arm-elf/4.1.1/interwork/libgcc.a(_divsi3.o)
 .bss           0x4000188c        0x0 /cygdrive/c/Embedded/GNUARM/bin/../lib/gcc/arm-elf/4.1.1/interwork/libgcc.a(_umodsi3.o)
 .bss           0x4000188c        0x0 /cygdrive/c/Embedded/GNUARM/bin/../lib/gcc/arm-elf/4.1.1/interwork/libgcc.a(_modsi3.o)
 .bss           0x4000188c        0x0 /cygdrive/c/Embedded/GNUARM/bin/../lib/gcc/arm-elf/4.1.1/interwork/libgcc.a(_dvmd_tls.o)
 .bss           0x4000188c        0x0 /cygdrive/c/Embedded/GNUARM/bin/../lib/gcc/arm-elf/4.1.1/interwork/libgcc.a(_call_via_rX.o)
 .bss           0x4000188c        0x0 /cygdrive/c/Embedded/GNUARM/bin/../lib/gcc/arm-elf/4.1.1/interwork/libgcc.a(_umoddi3.o)
 .bss           0x4000188c        0x0 /cygdrive/c/Embedded/GNUARM/bin/../lib/gcc/arm-elf/4.1.1/interwork/libgcc.a(_clz.o)
 .bss           0x4000188c        0x0 /cygdrive/c/Embedded/GNUARM/bin/../lib/gcc/arm-elf/4.1.1/../../../../arm-elf/lib/interwork/libc.a(atoi.o)
 .bss           0x4000188c        0x0 /cygdrive/c/Embedded/GNUARM/bin/../lib/gcc/arm-elf/4.1.1/../../../../arm-elf/lib/interwork/libc.a(memcpy.o)
 .bss           0x4000188c        0x0 /cygdrive/c/Embedded/GNUARM/bin/../lib/gcc/arm-elf/4.1.1/../../../../arm-elf/lib/interwork/libc.a(memset.o)
 .bss           0x4000188c        0x0 /cygdrive/c/Embedded/GNUARM/bin/../lib/gcc/arm-elf/4.1.1/../../../../arm-elf/lib/interwork/libc.a(rand.o)
 .bss           0x4000188c        0x0 /cygdrive/c/Embedded/GNUARM/bin/../lib/gcc/arm-elf/4.1.1/../../../../arm-elf/lib/interwork/libc.a(strlen.o)
 .bss           0x4000188c        0x0 /cygdrive/c/Embedded/GNUARM/bin/../lib/gcc/arm-elf/4.1.1/../../../../arm-elf/lib/interwork/libc.a(strncpy.o)
 .bss           0x4000188c        0x0 /cygdrive/c/Embedded/GNUARM/bin/../lib/gcc/arm-elf/4.1.1/../../../../arm-elf/lib/interwork/libc.a(strtok.o)
 .bss           0x4000188c        0x0 /cygdrive/c/Embedded/GNUARM/bin/../lib/gcc/arm-elf/4.1.1/../../../../arm-elf/lib/interwork/libc.a(strtok_r.o)
 .bss           0x4000188c        0x0 /cygdrive/c/Embedded/GNUARM/bin/../lib/gcc/arm-elf/4.1.1/../../../../arm-elf/lib/interwork/libc.a(strtol.o)
 .bss           0x4000188c        0x0 /cygdrive/c/Embedded/GNUARM/bin/../lib/gcc/arm-elf/4.1.1/../../../../arm-elf/lib/interwork/libc.a(ctype_.o)
 .bss           0x4000188c        0x0 /cygdrive/c/Embedded/GNUARM/bin/../lib/gcc/arm-elf/4.1.1/../../../../arm-elf/lib/interwork/libc.a(impure.o)
 *(COMMON)
 COMMON         0x4000188c        0x8 main.o
                0x4000188c                ms
                0x40001890                highScore
 COMMON         0x40001894       0x10 sd/diskio.o
                0x40001894                firstblock
                0x40001898                i
                0x4000189c                c
                0x4000189d                cardresp
                0x400018a0                place
 COMMON         0x400018a4       0x1c sd/pff.o
                0x400018a4                fs
                0x400018a8                remain
                0x400018ac                clst
                0x400018b0                rcnt
                0x400018b4                sect
                0x400018b8                rbuff
                0x400018bc                dr
 COMMON         0x400018c0        0x1 sd/spi.o
                0x400018c0                incoming
 *fill*         0x400018c1        0x1 00
 COMMON         0x400018c2        0x3 sd/sd.o
                0x400018c2                resp16
                0x400018c4                resp8b
 *fill*         0x400018c5        0x3 00
 COMMON         0x400018c8      0x321 snake.o
                0x400018c8                snake
                0x40001be8                spin
 COMMON         0x40001be9       0x20 secondLCD/secondLCD.o
                0x40001be9                scoreString
                0x40001bf9                hsString
 *fill*         0x40001c09        0x3 00
 COMMON         0x40001c0c     0x1474 speaker/speaker.o
                0x40001c0c                rc
                0x40001c10                bytesReaded
                0x40001c14                wh
                0x40001c20                ws1
                0x40001c40                buffer
                0x40003040                ws2
                0x4000304c                rcv
                0x40003050                fatfs
 COMMON         0x40003080        0x8 startup/libea_startup_thumb.a(framework.o)
                0x40003080                pHeapEnd
                0x40003084                pHeapStart
 COMMON         0x40003088       0xf0 pre_emptive_os/pre_emptive_os.a(kernel.o)
                0x40003088                processControlBlocks
                0x40003178                . = ALIGN (0x4)
                0x40003178                . = ALIGN (0x4)
                0x40003178                __bss_end = .
                0x40003178                __bss_end__ = .
                0x40003178                _end = .
                0x40003178                PROVIDE (end, .)

.stab           0x00000000      0x600
 *(.stab)
 .stab          0x00000000      0x3c0 startup/libea_startup_thumb.a(startup.o)
 .stab          0x000003c0      0x240 pre_emptive_os/pre_emptive_os.a(a7hal_a.o)
                                0x24c (size before relaxing)

.stabstr        0x00000000       0x99
 *(.stabstr)
 .stabstr       0x00000000       0x99 startup/libea_startup_thumb.a(startup.o)

.stab.excl
 *(.stab.excl)

.stab.exclstr
 *(.stab.exclstr)

.stab.index
 *(.stab.index)

.stab.indexstr
 *(.stab.indexstr)

.comment        0x00000000      0x2f4
 *(.comment)
 .comment       0x00000000       0x12 main.o
 .comment       0x00000012       0x12 eeprom.o
 .comment       0x00000024       0x12 i2c/i2c.o
 .comment       0x00000036       0x12 pca9532.o
 .comment       0x00000048       0x12 lcd/lcd.o
 .comment       0x0000005a       0x12 lcd/lcd_hw.o
 .comment       0x0000006c       0x12 led/led_utils.o
 .comment       0x0000007e       0x12 sd/diskio.o
 .comment       0x00000090       0x12 sd/pff.o
 .comment       0x000000a2       0x12 sd/spi.o
 .comment       0x000000b4       0x12 sd/sd.o
 .comment       0x000000c6       0x12 snake.o
 .comment       0x000000d8       0x12 joystick/joystick.o
 .comment       0x000000ea       0x12 timer/timer.o
 .comment       0x000000fc       0x12 motor/motor.o
 .comment       0x0000010e       0x12 hscore/hscore.o
 .comment       0x00000120       0x12 secondLCD/secondLCD.o
 .comment       0x00000132       0x12 dac.o
 .comment       0x00000144       0x12 speaker/speaker.o
 .comment       0x00000156       0x12 select.o
 .comment       0x00000168       0x12 startup/libea_startup_thumb.a(consol.o)
 .comment       0x0000017a       0x12 startup/libea_startup_thumb.a(framework.o)
 .comment       0x0000018c       0x12 pre_emptive_os/pre_emptive_os.a(kernel.o)
 .comment       0x0000019e       0x12 pre_emptive_os/pre_emptive_os.a(prioqueue.o)
 .comment       0x000001b0       0x12 pre_emptive_os/pre_emptive_os.a(timer.o)
 .comment       0x000001c2       0x12 pre_emptive_os/pre_emptive_os.a(stack_usage.o)
 .comment       0x000001d4       0x12 pre_emptive_os/pre_emptive_os.a(a7hal.o)
 .comment       0x000001e6       0x12 pre_emptive_os/pre_emptive_os.a(count_sem.o)
 .comment       0x000001f8       0x12 pre_emptive_os/pre_emptive_os.a(event.o)
 .comment       0x0000020a       0x12 /cygdrive/c/Embedded/GNUARM/bin/../lib/gcc/arm-elf/4.1.1/interwork/libgcc.a(_umoddi3.o)
 .comment       0x0000021c       0x12 /cygdrive/c/Embedded/GNUARM/bin/../lib/gcc/arm-elf/4.1.1/interwork/libgcc.a(_clz.o)
 .comment       0x0000022e       0x12 /cygdrive/c/Embedded/GNUARM/bin/../lib/gcc/arm-elf/4.1.1/../../../../arm-elf/lib/interwork/libc.a(atoi.o)
 .comment       0x00000240       0x12 /cygdrive/c/Embedded/GNUARM/bin/../lib/gcc/arm-elf/4.1.1/../../../../arm-elf/lib/interwork/libc.a(memcpy.o)
 .comment       0x00000252       0x12 /cygdrive/c/Embedded/GNUARM/bin/../lib/gcc/arm-elf/4.1.1/../../../../arm-elf/lib/interwork/libc.a(memset.o)
 .comment       0x00000264       0x12 /cygdrive/c/Embedded/GNUARM/bin/../lib/gcc/arm-elf/4.1.1/../../../../arm-elf/lib/interwork/libc.a(rand.o)
 .comment       0x00000276       0x12 /cygdrive/c/Embedded/GNUARM/bin/../lib/gcc/arm-elf/4.1.1/../../../../arm-elf/lib/interwork/libc.a(strlen.o)
 .comment       0x00000288       0x12 /cygdrive/c/Embedded/GNUARM/bin/../lib/gcc/arm-elf/4.1.1/../../../../arm-elf/lib/interwork/libc.a(strncpy.o)
 .comment       0x0000029a       0x12 /cygdrive/c/Embedded/GNUARM/bin/../lib/gcc/arm-elf/4.1.1/../../../../arm-elf/lib/interwork/libc.a(strtok.o)
 .comment       0x000002ac       0x12 /cygdrive/c/Embedded/GNUARM/bin/../lib/gcc/arm-elf/4.1.1/../../../../arm-elf/lib/interwork/libc.a(strtok_r.o)
 .comment       0x000002be       0x12 /cygdrive/c/Embedded/GNUARM/bin/../lib/gcc/arm-elf/4.1.1/../../../../arm-elf/lib/interwork/libc.a(strtol.o)
 .comment       0x000002d0       0x12 /cygdrive/c/Embedded/GNUARM/bin/../lib/gcc/arm-elf/4.1.1/../../../../arm-elf/lib/interwork/libc.a(ctype_.o)
 .comment       0x000002e2       0x12 /cygdrive/c/Embedded/GNUARM/bin/../lib/gcc/arm-elf/4.1.1/../../../../arm-elf/lib/interwork/libc.a(impure.o)

.debug
 *(.debug)

.line
 *(.line)

.debug_srcinfo
 *(.debug_srcinfo)

.debug_sfnames
 *(.debug_sfnames)

.debug_aranges  0x00000000      0x5a0
 *(.debug_aranges)
 .debug_aranges
                0x00000000       0x20 main.o
 .debug_aranges
                0x00000020       0x20 eeprom.o
 .debug_aranges
                0x00000040       0x20 i2c/i2c.o
 .debug_aranges
                0x00000060       0x20 pca9532.o
 .debug_aranges
                0x00000080       0x20 lcd/lcd.o
 .debug_aranges
                0x000000a0       0x20 lcd/lcd_hw.o
 .debug_aranges
                0x000000c0       0x20 led/led_utils.o
 .debug_aranges
                0x000000e0       0x20 sd/diskio.o
 .debug_aranges
                0x00000100       0x20 sd/pff.o
 .debug_aranges
                0x00000120       0x20 sd/spi.o
 .debug_aranges
                0x00000140       0x20 sd/sd.o
 .debug_aranges
                0x00000160       0x20 snake.o
 .debug_aranges
                0x00000180       0x20 joystick/joystick.o
 .debug_aranges
                0x000001a0       0x20 timer/timer.o
 .debug_aranges
                0x000001c0       0x20 motor/motor.o
 .debug_aranges
                0x000001e0       0x20 hscore/hscore.o
 .debug_aranges
                0x00000200       0x20 secondLCD/secondLCD.o
 .debug_aranges
                0x00000220       0x20 dac.o
 .debug_aranges
                0x00000240       0x20 speaker/speaker.o
 .debug_aranges
                0x00000260       0x20 select.o
 .debug_aranges
                0x00000280       0x20 startup/libea_startup_thumb.a(consol.o)
 .debug_aranges
                0x000002a0       0x20 startup/libea_startup_thumb.a(framework.o)
 .debug_aranges
                0x000002c0       0x20 pre_emptive_os/pre_emptive_os.a(kernel.o)
 .debug_aranges
                0x000002e0       0x20 pre_emptive_os/pre_emptive_os.a(prioqueue.o)
 .debug_aranges
                0x00000300       0x20 pre_emptive_os/pre_emptive_os.a(timer.o)
 .debug_aranges
                0x00000320       0x20 pre_emptive_os/pre_emptive_os.a(stack_usage.o)
 .debug_aranges
                0x00000340       0x20 pre_emptive_os/pre_emptive_os.a(a7hal.o)
 .debug_aranges
                0x00000360       0x20 pre_emptive_os/pre_emptive_os.a(count_sem.o)
 .debug_aranges
                0x00000380       0x20 pre_emptive_os/pre_emptive_os.a(event.o)
 .debug_aranges
                0x000003a0       0x20 /cygdrive/c/Embedded/GNUARM/bin/../lib/gcc/arm-elf/4.1.1/interwork/libgcc.a(_udivsi3.o)
 .debug_aranges
                0x000003c0       0x20 /cygdrive/c/Embedded/GNUARM/bin/../lib/gcc/arm-elf/4.1.1/interwork/libgcc.a(_divsi3.o)
 .debug_aranges
                0x000003e0       0x20 /cygdrive/c/Embedded/GNUARM/bin/../lib/gcc/arm-elf/4.1.1/interwork/libgcc.a(_umodsi3.o)
 .debug_aranges
                0x00000400       0x20 /cygdrive/c/Embedded/GNUARM/bin/../lib/gcc/arm-elf/4.1.1/interwork/libgcc.a(_modsi3.o)
 .debug_aranges
                0x00000420       0x20 /cygdrive/c/Embedded/GNUARM/bin/../lib/gcc/arm-elf/4.1.1/interwork/libgcc.a(_dvmd_tls.o)
 .debug_aranges
                0x00000440       0x20 /cygdrive/c/Embedded/GNUARM/bin/../lib/gcc/arm-elf/4.1.1/interwork/libgcc.a(_call_via_rX.o)
 .debug_aranges
                0x00000460       0x20 /cygdrive/c/Embedded/GNUARM/bin/../lib/gcc/arm-elf/4.1.1/interwork/libgcc.a(_umoddi3.o)
 .debug_aranges
                0x00000480       0x20 /cygdrive/c/Embedded/GNUARM/bin/../lib/gcc/arm-elf/4.1.1/../../../../arm-elf/lib/interwork/libc.a(atoi.o)
 .debug_aranges
                0x000004a0       0x20 /cygdrive/c/Embedded/GNUARM/bin/../lib/gcc/arm-elf/4.1.1/../../../../arm-elf/lib/interwork/libc.a(memcpy.o)
 .debug_aranges
                0x000004c0       0x20 /cygdrive/c/Embedded/GNUARM/bin/../lib/gcc/arm-elf/4.1.1/../../../../arm-elf/lib/interwork/libc.a(memset.o)
 .debug_aranges
                0x000004e0       0x20 /cygdrive/c/Embedded/GNUARM/bin/../lib/gcc/arm-elf/4.1.1/../../../../arm-elf/lib/interwork/libc.a(rand.o)
 .debug_aranges
                0x00000500       0x20 /cygdrive/c/Embedded/GNUARM/bin/../lib/gcc/arm-elf/4.1.1/../../../../arm-elf/lib/interwork/libc.a(strlen.o)
 .debug_aranges
                0x00000520       0x20 /cygdrive/c/Embedded/GNUARM/bin/../lib/gcc/arm-elf/4.1.1/../../../../arm-elf/lib/interwork/libc.a(strncpy.o)
 .debug_aranges
                0x00000540       0x20 /cygdrive/c/Embedded/GNUARM/bin/../lib/gcc/arm-elf/4.1.1/../../../../arm-elf/lib/interwork/libc.a(strtok.o)
 .debug_aranges
                0x00000560       0x20 /cygdrive/c/Embedded/GNUARM/bin/../lib/gcc/arm-elf/4.1.1/../../../../arm-elf/lib/interwork/libc.a(strtok_r.o)
 .debug_aranges
                0x00000580       0x20 /cygdrive/c/Embedded/GNUARM/bin/../lib/gcc/arm-elf/4.1.1/../../../../arm-elf/lib/interwork/libc.a(strtol.o)

.debug_pubnames
                0x00000000      0xec4
 *(.debug_pubnames)
 .debug_pubnames
                0x00000000       0x3c main.o
 .debug_pubnames
                0x0000003c       0x64 eeprom.o
 .debug_pubnames
                0x000000a0       0xcc i2c/i2c.o
 .debug_pubnames
                0x0000016c       0x46 pca9532.o
 .debug_pubnames
                0x000001b2       0xe5 lcd/lcd.o
 .debug_pubnames
                0x00000297       0x40 lcd/lcd_hw.o
 .debug_pubnames
                0x000002d7       0x3f led/led_utils.o
 .debug_pubnames
                0x00000316       0x86 sd/diskio.o
 .debug_pubnames
                0x0000039c       0xad sd/pff.o
 .debug_pubnames
                0x00000449       0x56 sd/spi.o
 .debug_pubnames
                0x0000049f       0x80 sd/sd.o
 .debug_pubnames
                0x0000051f       0x41 snake.o
 .debug_pubnames
                0x00000560       0x67 joystick/joystick.o
 .debug_pubnames
                0x000005c7       0x1c timer/timer.o
 .debug_pubnames
                0x000005e3       0x29 motor/motor.o
 .debug_pubnames
                0x0000060c       0x24 hscore/hscore.o
 .debug_pubnames
                0x00000630       0x67 secondLCD/secondLCD.o
 .debug_pubnames
                0x00000697       0x1e dac.o
 .debug_pubnames
                0x000006b5       0xcc speaker/speaker.o
 .debug_pubnames
                0x00000781       0x1f select.o
 .debug_pubnames
                0x000007a0       0xda startup/libea_startup_thumb.a(consol.o)
 .debug_pubnames
                0x0000087a       0x63 startup/libea_startup_thumb.a(framework.o)
 .debug_pubnames
                0x000008dd      0x17f pre_emptive_os/pre_emptive_os.a(kernel.o)
 .debug_pubnames
                0x00000a5c       0x76 pre_emptive_os/pre_emptive_os.a(prioqueue.o)
 .debug_pubnames
                0x00000ad2       0x55 pre_emptive_os/pre_emptive_os.a(timer.o)
 .debug_pubnames
                0x00000b27       0x4e pre_emptive_os/pre_emptive_os.a(stack_usage.o)
 .debug_pubnames
                0x00000b75       0xc1 pre_emptive_os/pre_emptive_os.a(a7hal.o)
 .debug_pubnames
                0x00000c36       0x4d pre_emptive_os/pre_emptive_os.a(count_sem.o)
 .debug_pubnames
                0x00000c83       0x63 pre_emptive_os/pre_emptive_os.a(event.o)
 .debug_pubnames
                0x00000ce6       0x20 /cygdrive/c/Embedded/GNUARM/bin/../lib/gcc/arm-elf/4.1.1/interwork/libgcc.a(_umoddi3.o)
 .debug_pubnames
                0x00000d06       0x20 /cygdrive/c/Embedded/GNUARM/bin/../lib/gcc/arm-elf/4.1.1/interwork/libgcc.a(_clz.o)
 .debug_pubnames
                0x00000d26       0x27 /cygdrive/c/Embedded/GNUARM/bin/../lib/gcc/arm-elf/4.1.1/../../../../arm-elf/lib/interwork/libc.a(atoi.o)
 .debug_pubnames
                0x00000d4d       0x1d /cygdrive/c/Embedded/GNUARM/bin/../lib/gcc/arm-elf/4.1.1/../../../../arm-elf/lib/interwork/libc.a(memcpy.o)
 .debug_pubnames
                0x00000d6a       0x1d /cygdrive/c/Embedded/GNUARM/bin/../lib/gcc/arm-elf/4.1.1/../../../../arm-elf/lib/interwork/libc.a(memset.o)
 .debug_pubnames
                0x00000d87       0x25 /cygdrive/c/Embedded/GNUARM/bin/../lib/gcc/arm-elf/4.1.1/../../../../arm-elf/lib/interwork/libc.a(rand.o)
 .debug_pubnames
                0x00000dac       0x1d /cygdrive/c/Embedded/GNUARM/bin/../lib/gcc/arm-elf/4.1.1/../../../../arm-elf/lib/interwork/libc.a(strlen.o)
 .debug_pubnames
                0x00000dc9       0x1e /cygdrive/c/Embedded/GNUARM/bin/../lib/gcc/arm-elf/4.1.1/../../../../arm-elf/lib/interwork/libc.a(strncpy.o)
 .debug_pubnames
                0x00000de7       0x1d /cygdrive/c/Embedded/GNUARM/bin/../lib/gcc/arm-elf/4.1.1/../../../../arm-elf/lib/interwork/libc.a(strtok.o)
 .debug_pubnames
                0x00000e04       0x2e /cygdrive/c/Embedded/GNUARM/bin/../lib/gcc/arm-elf/4.1.1/../../../../arm-elf/lib/interwork/libc.a(strtok_r.o)
 .debug_pubnames
                0x00000e32       0x2b /cygdrive/c/Embedded/GNUARM/bin/../lib/gcc/arm-elf/4.1.1/../../../../arm-elf/lib/interwork/libc.a(strtol.o)
 .debug_pubnames
                0x00000e5d       0x2e /cygdrive/c/Embedded/GNUARM/bin/../lib/gcc/arm-elf/4.1.1/../../../../arm-elf/lib/interwork/libc.a(ctype_.o)
 .debug_pubnames
                0x00000e8b       0x39 /cygdrive/c/Embedded/GNUARM/bin/../lib/gcc/arm-elf/4.1.1/../../../../arm-elf/lib/interwork/libc.a(impure.o)

.debug_info     0x00000000     0x9642
 *(.debug_info .gnu.linkonce.wi.*)
 .debug_info    0x00000000      0x232 main.o
 .debug_info    0x00000232      0x293 eeprom.o
 .debug_info    0x000004c5      0x462 i2c/i2c.o
 .debug_info    0x00000927      0x179 pca9532.o
 .debug_info    0x00000aa0      0x588 lcd/lcd.o
 .debug_info    0x00001028      0x105 lcd/lcd_hw.o
 .debug_info    0x0000112d       0xc1 led/led_utils.o
 .debug_info    0x000011ee      0x1e8 sd/diskio.o
 .debug_info    0x000013d6      0xc72 sd/pff.o
 .debug_info    0x00002048      0x15a sd/spi.o
 .debug_info    0x000021a2      0x1d3 sd/sd.o
 .debug_info    0x00002375      0x3d5 snake.o
 .debug_info    0x0000274a      0x262 joystick/joystick.o
 .debug_info    0x000029ac       0x98 timer/timer.o
 .debug_info    0x00002a44      0x139 motor/motor.o
 .debug_info    0x00002b7d      0x3f9 hscore/hscore.o
 .debug_info    0x00002f76      0x223 secondLCD/secondLCD.o
 .debug_info    0x00003199       0x39 dac.o
 .debug_info    0x000031d2      0x49e speaker/speaker.o
 .debug_info    0x00003670      0x203 select.o
 .debug_info    0x00003873      0x584 startup/libea_startup_thumb.a(consol.o)
 .debug_info    0x00003df7      0x1e5 startup/libea_startup_thumb.a(framework.o)
 .debug_info    0x00003fdc      0x5fe pre_emptive_os/pre_emptive_os.a(kernel.o)
 .debug_info    0x000045da      0x2e8 pre_emptive_os/pre_emptive_os.a(prioqueue.o)
 .debug_info    0x000048c2      0x4b8 pre_emptive_os/pre_emptive_os.a(timer.o)
 .debug_info    0x00004d7a      0x2cf pre_emptive_os/pre_emptive_os.a(stack_usage.o)
 .debug_info    0x00005049      0x189 pre_emptive_os/pre_emptive_os.a(a7hal.o)
 .debug_info    0x000051d2      0x32b pre_emptive_os/pre_emptive_os.a(count_sem.o)
 .debug_info    0x000054fd      0x2ee pre_emptive_os/pre_emptive_os.a(event.o)
 .debug_info    0x000057eb       0x68 /cygdrive/c/Embedded/GNUARM/bin/../lib/gcc/arm-elf/4.1.1/interwork/libgcc.a(_udivsi3.o)
 .debug_info    0x00005853       0x68 /cygdrive/c/Embedded/GNUARM/bin/../lib/gcc/arm-elf/4.1.1/interwork/libgcc.a(_divsi3.o)
 .debug_info    0x000058bb       0x68 /cygdrive/c/Embedded/GNUARM/bin/../lib/gcc/arm-elf/4.1.1/interwork/libgcc.a(_umodsi3.o)
 .debug_info    0x00005923       0x68 /cygdrive/c/Embedded/GNUARM/bin/../lib/gcc/arm-elf/4.1.1/interwork/libgcc.a(_modsi3.o)
 .debug_info    0x0000598b       0x68 /cygdrive/c/Embedded/GNUARM/bin/../lib/gcc/arm-elf/4.1.1/interwork/libgcc.a(_dvmd_tls.o)
 .debug_info    0x000059f3       0x68 /cygdrive/c/Embedded/GNUARM/bin/../lib/gcc/arm-elf/4.1.1/interwork/libgcc.a(_call_via_rX.o)
 .debug_info    0x00005a5b      0x662 /cygdrive/c/Embedded/GNUARM/bin/../lib/gcc/arm-elf/4.1.1/interwork/libgcc.a(_umoddi3.o)
 .debug_info    0x000060bd       0xc2 /cygdrive/c/Embedded/GNUARM/bin/../lib/gcc/arm-elf/4.1.1/interwork/libgcc.a(_clz.o)
 .debug_info    0x0000617f      0x949 /cygdrive/c/Embedded/GNUARM/bin/../lib/gcc/arm-elf/4.1.1/../../../../arm-elf/lib/interwork/libc.a(atoi.o)
 .debug_info    0x00006ac8      0x10a /cygdrive/c/Embedded/GNUARM/bin/../lib/gcc/arm-elf/4.1.1/../../../../arm-elf/lib/interwork/libc.a(memcpy.o)
 .debug_info    0x00006bd2      0x10e /cygdrive/c/Embedded/GNUARM/bin/../lib/gcc/arm-elf/4.1.1/../../../../arm-elf/lib/interwork/libc.a(memset.o)
 .debug_info    0x00006ce0      0x934 /cygdrive/c/Embedded/GNUARM/bin/../lib/gcc/arm-elf/4.1.1/../../../../arm-elf/lib/interwork/libc.a(rand.o)
 .debug_info    0x00007614       0xd4 /cygdrive/c/Embedded/GNUARM/bin/../lib/gcc/arm-elf/4.1.1/../../../../arm-elf/lib/interwork/libc.a(strlen.o)
 .debug_info    0x000076e8      0x127 /cygdrive/c/Embedded/GNUARM/bin/../lib/gcc/arm-elf/4.1.1/../../../../arm-elf/lib/interwork/libc.a(strncpy.o)
 .debug_info    0x0000780f      0x930 /cygdrive/c/Embedded/GNUARM/bin/../lib/gcc/arm-elf/4.1.1/../../../../arm-elf/lib/interwork/libc.a(strtok.o)
 .debug_info    0x0000813f      0x159 /cygdrive/c/Embedded/GNUARM/bin/../lib/gcc/arm-elf/4.1.1/../../../../arm-elf/lib/interwork/libc.a(strtok_r.o)
 .debug_info    0x00008298      0xa0f /cygdrive/c/Embedded/GNUARM/bin/../lib/gcc/arm-elf/4.1.1/../../../../arm-elf/lib/interwork/libc.a(strtol.o)
 .debug_info    0x00008ca7       0x79 /cygdrive/c/Embedded/GNUARM/bin/../lib/gcc/arm-elf/4.1.1/../../../../arm-elf/lib/interwork/libc.a(ctype_.o)
 .debug_info    0x00008d20      0x922 /cygdrive/c/Embedded/GNUARM/bin/../lib/gcc/arm-elf/4.1.1/../../../../arm-elf/lib/interwork/libc.a(impure.o)

.debug_abbrev   0x00000000     0x3038
 *(.debug_abbrev)
 .debug_abbrev  0x00000000      0x11d main.o
 .debug_abbrev  0x0000011d      0x135 eeprom.o
 .debug_abbrev  0x00000252      0x1bb i2c/i2c.o
 .debug_abbrev  0x0000040d       0xb8 pca9532.o
 .debug_abbrev  0x000004c5      0x1bf lcd/lcd.o
 .debug_abbrev  0x00000684       0xcd lcd/lcd_hw.o
 .debug_abbrev  0x00000751       0x8c led/led_utils.o
 .debug_abbrev  0x000007dd       0xfb sd/diskio.o
 .debug_abbrev  0x000008d8      0x2eb sd/pff.o
 .debug_abbrev  0x00000bc3       0xf1 sd/spi.o
 .debug_abbrev  0x00000cb4      0x114 sd/sd.o
 .debug_abbrev  0x00000dc8      0x164 snake.o
 .debug_abbrev  0x00000f2c       0xfa joystick/joystick.o
 .debug_abbrev  0x00001026       0x5b timer/timer.o
 .debug_abbrev  0x00001081       0xcf motor/motor.o
 .debug_abbrev  0x00001150      0x1ca hscore/hscore.o
 .debug_abbrev  0x0000131a      0x16b secondLCD/secondLCD.o
 .debug_abbrev  0x00001485       0x29 dac.o
 .debug_abbrev  0x000014ae      0x146 speaker/speaker.o
 .debug_abbrev  0x000015f4       0xe5 select.o
 .debug_abbrev  0x000016d9      0x2a4 startup/libea_startup_thumb.a(consol.o)
 .debug_abbrev  0x0000197d       0xd0 startup/libea_startup_thumb.a(framework.o)
 .debug_abbrev  0x00001a4d      0x1b8 pre_emptive_os/pre_emptive_os.a(kernel.o)
 .debug_abbrev  0x00001c05      0x11e pre_emptive_os/pre_emptive_os.a(prioqueue.o)
 .debug_abbrev  0x00001d23      0x154 pre_emptive_os/pre_emptive_os.a(timer.o)
 .debug_abbrev  0x00001e77      0x170 pre_emptive_os/pre_emptive_os.a(stack_usage.o)
 .debug_abbrev  0x00001fe7       0xf2 pre_emptive_os/pre_emptive_os.a(a7hal.o)
 .debug_abbrev  0x000020d9      0x101 pre_emptive_os/pre_emptive_os.a(count_sem.o)
 .debug_abbrev  0x000021da      0x103 pre_emptive_os/pre_emptive_os.a(event.o)
 .debug_abbrev  0x000022dd       0x14 /cygdrive/c/Embedded/GNUARM/bin/../lib/gcc/arm-elf/4.1.1/interwork/libgcc.a(_udivsi3.o)
 .debug_abbrev  0x000022f1       0x14 /cygdrive/c/Embedded/GNUARM/bin/../lib/gcc/arm-elf/4.1.1/interwork/libgcc.a(_divsi3.o)
 .debug_abbrev  0x00002305       0x14 /cygdrive/c/Embedded/GNUARM/bin/../lib/gcc/arm-elf/4.1.1/interwork/libgcc.a(_umodsi3.o)
 .debug_abbrev  0x00002319       0x14 /cygdrive/c/Embedded/GNUARM/bin/../lib/gcc/arm-elf/4.1.1/interwork/libgcc.a(_modsi3.o)
 .debug_abbrev  0x0000232d       0x14 /cygdrive/c/Embedded/GNUARM/bin/../lib/gcc/arm-elf/4.1.1/interwork/libgcc.a(_dvmd_tls.o)
 .debug_abbrev  0x00002341       0x14 /cygdrive/c/Embedded/GNUARM/bin/../lib/gcc/arm-elf/4.1.1/interwork/libgcc.a(_call_via_rX.o)
 .debug_abbrev  0x00002355      0x17f /cygdrive/c/Embedded/GNUARM/bin/../lib/gcc/arm-elf/4.1.1/interwork/libgcc.a(_umoddi3.o)
 .debug_abbrev  0x000024d4       0x61 /cygdrive/c/Embedded/GNUARM/bin/../lib/gcc/arm-elf/4.1.1/interwork/libgcc.a(_clz.o)
 .debug_abbrev  0x00002535      0x176 /cygdrive/c/Embedded/GNUARM/bin/../lib/gcc/arm-elf/4.1.1/../../../../arm-elf/lib/interwork/libc.a(atoi.o)
 .debug_abbrev  0x000026ab       0xa6 /cygdrive/c/Embedded/GNUARM/bin/../lib/gcc/arm-elf/4.1.1/../../../../arm-elf/lib/interwork/libc.a(memcpy.o)
 .debug_abbrev  0x00002751       0xa9 /cygdrive/c/Embedded/GNUARM/bin/../lib/gcc/arm-elf/4.1.1/../../../../arm-elf/lib/interwork/libc.a(memset.o)
 .debug_abbrev  0x000027fa      0x185 /cygdrive/c/Embedded/GNUARM/bin/../lib/gcc/arm-elf/4.1.1/../../../../arm-elf/lib/interwork/libc.a(rand.o)
 .debug_abbrev  0x0000297f       0x8b /cygdrive/c/Embedded/GNUARM/bin/../lib/gcc/arm-elf/4.1.1/../../../../arm-elf/lib/interwork/libc.a(strlen.o)
 .debug_abbrev  0x00002a0a       0x8d /cygdrive/c/Embedded/GNUARM/bin/../lib/gcc/arm-elf/4.1.1/../../../../arm-elf/lib/interwork/libc.a(strncpy.o)
 .debug_abbrev  0x00002a97      0x17f /cygdrive/c/Embedded/GNUARM/bin/../lib/gcc/arm-elf/4.1.1/../../../../arm-elf/lib/interwork/libc.a(strtok.o)
 .debug_abbrev  0x00002c16       0xbc /cygdrive/c/Embedded/GNUARM/bin/../lib/gcc/arm-elf/4.1.1/../../../../arm-elf/lib/interwork/libc.a(strtok_r.o)
 .debug_abbrev  0x00002cd2      0x1bd /cygdrive/c/Embedded/GNUARM/bin/../lib/gcc/arm-elf/4.1.1/../../../../arm-elf/lib/interwork/libc.a(strtol.o)
 .debug_abbrev  0x00002e8f       0x52 /cygdrive/c/Embedded/GNUARM/bin/../lib/gcc/arm-elf/4.1.1/../../../../arm-elf/lib/interwork/libc.a(ctype_.o)
 .debug_abbrev  0x00002ee1      0x157 /cygdrive/c/Embedded/GNUARM/bin/../lib/gcc/arm-elf/4.1.1/../../../../arm-elf/lib/interwork/libc.a(impure.o)

.debug_line     0x00000000     0x2605
 *(.debug_line)
 .debug_line    0x00000000       0x95 main.o
 .debug_line    0x00000095       0xe4 eeprom.o
 .debug_line    0x00000179      0x10a i2c/i2c.o
 .debug_line    0x00000283       0x96 pca9532.o
 .debug_line    0x00000319      0x17f lcd/lcd.o
 .debug_line    0x00000498       0x95 lcd/lcd_hw.o
 .debug_line    0x0000052d       0x8b led/led_utils.o
 .debug_line    0x000005b8       0x95 sd/diskio.o
 .debug_line    0x0000064d      0x241 sd/pff.o
 .debug_line    0x0000088e       0x6f sd/spi.o
 .debug_line    0x000008fd       0x9a sd/sd.o
 .debug_line    0x00000997      0x13c snake.o
 .debug_line    0x00000ad3       0xcb joystick/joystick.o
 .debug_line    0x00000b9e       0x61 timer/timer.o
 .debug_line    0x00000bff       0x90 motor/motor.o
 .debug_line    0x00000c8f       0xe4 hscore/hscore.o
 .debug_line    0x00000d73      0x12d secondLCD/secondLCD.o
 .debug_line    0x00000ea0       0x37 dac.o
 .debug_line    0x00000ed7       0xec speaker/speaker.o
 .debug_line    0x00000fc3       0xa4 select.o
 .debug_line    0x00001067      0x193 startup/libea_startup_thumb.a(consol.o)
 .debug_line    0x000011fa       0xba startup/libea_startup_thumb.a(framework.o)
 .debug_line    0x000012b4      0x176 pre_emptive_os/pre_emptive_os.a(kernel.o)
 .debug_line    0x0000142a       0xbb pre_emptive_os/pre_emptive_os.a(prioqueue.o)
 .debug_line    0x000014e5      0x109 pre_emptive_os/pre_emptive_os.a(timer.o)
 .debug_line    0x000015ee       0x97 pre_emptive_os/pre_emptive_os.a(stack_usage.o)
 .debug_line    0x00001685       0x8c pre_emptive_os/pre_emptive_os.a(a7hal.o)
 .debug_line    0x00001711       0xd9 pre_emptive_os/pre_emptive_os.a(count_sem.o)
 .debug_line    0x000017ea       0xaf pre_emptive_os/pre_emptive_os.a(event.o)
 .debug_line    0x00001899       0x84 /cygdrive/c/Embedded/GNUARM/bin/../lib/gcc/arm-elf/4.1.1/interwork/libgcc.a(_udivsi3.o)
 .debug_line    0x0000191d       0x90 /cygdrive/c/Embedded/GNUARM/bin/../lib/gcc/arm-elf/4.1.1/interwork/libgcc.a(_divsi3.o)
 .debug_line    0x000019ad       0x6e /cygdrive/c/Embedded/GNUARM/bin/../lib/gcc/arm-elf/4.1.1/interwork/libgcc.a(_umodsi3.o)
 .debug_line    0x00001a1b       0x74 /cygdrive/c/Embedded/GNUARM/bin/../lib/gcc/arm-elf/4.1.1/interwork/libgcc.a(_modsi3.o)
 .debug_line    0x00001a8f       0x5d /cygdrive/c/Embedded/GNUARM/bin/../lib/gcc/arm-elf/4.1.1/interwork/libgcc.a(_dvmd_tls.o)
 .debug_line    0x00001aec       0x6b /cygdrive/c/Embedded/GNUARM/bin/../lib/gcc/arm-elf/4.1.1/interwork/libgcc.a(_call_via_rX.o)
 .debug_line    0x00001b57      0x10b /cygdrive/c/Embedded/GNUARM/bin/../lib/gcc/arm-elf/4.1.1/interwork/libgcc.a(_umoddi3.o)
 .debug_line    0x00001c62       0x4b /cygdrive/c/Embedded/GNUARM/bin/../lib/gcc/arm-elf/4.1.1/interwork/libgcc.a(_clz.o)
 .debug_line    0x00001cad       0xf9 /cygdrive/c/Embedded/GNUARM/bin/../lib/gcc/arm-elf/4.1.1/../../../../arm-elf/lib/interwork/libc.a(atoi.o)
 .debug_line    0x00001da6       0xc8 /cygdrive/c/Embedded/GNUARM/bin/../lib/gcc/arm-elf/4.1.1/../../../../arm-elf/lib/interwork/libc.a(memcpy.o)
 .debug_line    0x00001e6e       0xd3 /cygdrive/c/Embedded/GNUARM/bin/../lib/gcc/arm-elf/4.1.1/../../../../arm-elf/lib/interwork/libc.a(memset.o)
 .debug_line    0x00001f41       0xf9 /cygdrive/c/Embedded/GNUARM/bin/../lib/gcc/arm-elf/4.1.1/../../../../arm-elf/lib/interwork/libc.a(rand.o)
 .debug_line    0x0000203a       0xaf /cygdrive/c/Embedded/GNUARM/bin/../lib/gcc/arm-elf/4.1.1/../../../../arm-elf/lib/interwork/libc.a(strlen.o)
 .debug_line    0x000020e9       0xd5 /cygdrive/c/Embedded/GNUARM/bin/../lib/gcc/arm-elf/4.1.1/../../../../arm-elf/lib/interwork/libc.a(strncpy.o)
 .debug_line    0x000021be       0xf7 /cygdrive/c/Embedded/GNUARM/bin/../lib/gcc/arm-elf/4.1.1/../../../../arm-elf/lib/interwork/libc.a(strtok.o)
 .debug_line    0x000022b5       0x9f /cygdrive/c/Embedded/GNUARM/bin/../lib/gcc/arm-elf/4.1.1/../../../../arm-elf/lib/interwork/libc.a(strtok_r.o)
 .debug_line    0x00002354      0x173 /cygdrive/c/Embedded/GNUARM/bin/../lib/gcc/arm-elf/4.1.1/../../../../arm-elf/lib/interwork/libc.a(strtol.o)
 .debug_line    0x000024c7       0x5b /cygdrive/c/Embedded/GNUARM/bin/../lib/gcc/arm-elf/4.1.1/../../../../arm-elf/lib/interwork/libc.a(ctype_.o)
 .debug_line    0x00002522       0xe3 /cygdrive/c/Embedded/GNUARM/bin/../lib/gcc/arm-elf/4.1.1/../../../../arm-elf/lib/interwork/libc.a(impure.o)

.debug_frame    0x00000000     0x14bc
 *(.debug_frame)
 .debug_frame   0x00000000       0x90 main.o
 .debug_frame   0x00000090       0xa4 eeprom.o
 .debug_frame   0x00000134      0x108 i2c/i2c.o
 .debug_frame   0x0000023c       0x68 pca9532.o
 .debug_frame   0x000002a4      0x1b8 lcd/lcd.o
 .debug_frame   0x0000045c       0x4c lcd/lcd_hw.o
 .debug_frame   0x000004a8       0x40 led/led_utils.o
 .debug_frame   0x000004e8       0x58 sd/diskio.o
 .debug_frame   0x00000540      0x188 sd/pff.o
 .debug_frame   0x000006c8       0x58 sd/spi.o
 .debug_frame   0x00000720       0xa8 sd/sd.o
 .debug_frame   0x000007c8       0x78 snake.o
 .debug_frame   0x00000840       0x90 joystick/joystick.o
 .debug_frame   0x000008d0       0x20 timer/timer.o
 .debug_frame   0x000008f0       0x30 motor/motor.o
 .debug_frame   0x00000920       0x4c hscore/hscore.o
 .debug_frame   0x0000096c       0x64 secondLCD/secondLCD.o
 .debug_frame   0x000009d0       0x20 dac.o
 .debug_frame   0x000009f0       0x60 speaker/speaker.o
 .debug_frame   0x00000a50       0x54 select.o
 .debug_frame   0x00000aa4      0x150 startup/libea_startup_thumb.a(consol.o)
 .debug_frame   0x00000bf4       0xe0 startup/libea_startup_thumb.a(framework.o)
 .debug_frame   0x00000cd4      0x1e8 pre_emptive_os/pre_emptive_os.a(kernel.o)
 .debug_frame   0x00000ebc       0x8c pre_emptive_os/pre_emptive_os.a(prioqueue.o)
 .debug_frame   0x00000f48       0xb8 pre_emptive_os/pre_emptive_os.a(timer.o)
 .debug_frame   0x00001000       0x58 pre_emptive_os/pre_emptive_os.a(stack_usage.o)
 .debug_frame   0x00001058       0xa0 pre_emptive_os/pre_emptive_os.a(a7hal.o)
 .debug_frame   0x000010f8       0x84 pre_emptive_os/pre_emptive_os.a(count_sem.o)
 .debug_frame   0x0000117c       0x94 pre_emptive_os/pre_emptive_os.a(event.o)
 .debug_frame   0x00001210       0x2c /cygdrive/c/Embedded/GNUARM/bin/../lib/gcc/arm-elf/4.1.1/interwork/libgcc.a(_udivsi3.o)
 .debug_frame   0x0000123c       0x2c /cygdrive/c/Embedded/GNUARM/bin/../lib/gcc/arm-elf/4.1.1/interwork/libgcc.a(_divsi3.o)
 .debug_frame   0x00001268       0x2c /cygdrive/c/Embedded/GNUARM/bin/../lib/gcc/arm-elf/4.1.1/interwork/libgcc.a(_umodsi3.o)
 .debug_frame   0x00001294       0x2c /cygdrive/c/Embedded/GNUARM/bin/../lib/gcc/arm-elf/4.1.1/interwork/libgcc.a(_modsi3.o)
 .debug_frame   0x000012c0       0x38 /cygdrive/c/Embedded/GNUARM/bin/../lib/gcc/arm-elf/4.1.1/interwork/libgcc.a(_umoddi3.o)
 .debug_frame   0x000012f8       0x40 /cygdrive/c/Embedded/GNUARM/bin/../lib/gcc/arm-elf/4.1.1/../../../../arm-elf/lib/interwork/libc.a(atoi.o)
 .debug_frame   0x00001338       0x28 /cygdrive/c/Embedded/GNUARM/bin/../lib/gcc/arm-elf/4.1.1/../../../../arm-elf/lib/interwork/libc.a(memcpy.o)
 .debug_frame   0x00001360       0x20 /cygdrive/c/Embedded/GNUARM/bin/../lib/gcc/arm-elf/4.1.1/../../../../arm-elf/lib/interwork/libc.a(memset.o)
 .debug_frame   0x00001380       0x3c /cygdrive/c/Embedded/GNUARM/bin/../lib/gcc/arm-elf/4.1.1/../../../../arm-elf/lib/interwork/libc.a(rand.o)
 .debug_frame   0x000013bc       0x20 /cygdrive/c/Embedded/GNUARM/bin/../lib/gcc/arm-elf/4.1.1/../../../../arm-elf/lib/interwork/libc.a(strlen.o)
 .debug_frame   0x000013dc       0x2c /cygdrive/c/Embedded/GNUARM/bin/../lib/gcc/arm-elf/4.1.1/../../../../arm-elf/lib/interwork/libc.a(strncpy.o)
 .debug_frame   0x00001408       0x28 /cygdrive/c/Embedded/GNUARM/bin/../lib/gcc/arm-elf/4.1.1/../../../../arm-elf/lib/interwork/libc.a(strtok.o)
 .debug_frame   0x00001430       0x3c /cygdrive/c/Embedded/GNUARM/bin/../lib/gcc/arm-elf/4.1.1/../../../../arm-elf/lib/interwork/libc.a(strtok_r.o)
 .debug_frame   0x0000146c       0x50 /cygdrive/c/Embedded/GNUARM/bin/../lib/gcc/arm-elf/4.1.1/../../../../arm-elf/lib/interwork/libc.a(strtol.o)

.debug_str      0x00000000     0x1f73
 *(.debug_str)
 .debug_str     0x00000000      0x117 main.o
                                0x155 (size before relaxing)
 .debug_str     0x00000117       0x8f eeprom.o
                                0x102 (size before relaxing)
 .debug_str     0x000001a6       0x99 i2c/i2c.o
                                0x130 (size before relaxing)
 .debug_str     0x0000023f       0x5b pca9532.o
                                 0xec (size before relaxing)
 .debug_str     0x0000029a      0x13b lcd/lcd.o
                                0x1d5 (size before relaxing)
 .debug_str     0x000003d5       0x3f lcd/lcd_hw.o
                                 0xca (size before relaxing)
 .debug_str     0x00000414       0x4e led/led_utils.o
                                 0xc1 (size before relaxing)
 .debug_str     0x00000462       0xab sd/diskio.o
                                0x144 (size before relaxing)
 .debug_str     0x0000050d      0x225 sd/pff.o
                                0x31c (size before relaxing)
 .debug_str     0x00000732       0x4c sd/spi.o
                                 0xe2 (size before relaxing)
 .debug_str     0x0000077e       0x64 sd/sd.o
                                0x107 (size before relaxing)
 .debug_str     0x000007e2      0x129 snake.o
                                0x212 (size before relaxing)
 .debug_str     0x0000090b      0x128 joystick/joystick.o
                                0x1b4 (size before relaxing)
 .debug_str     0x00000a33       0x1e timer/timer.o
                                 0xd1 (size before relaxing)
 .debug_str     0x00000a51       0x68 motor/motor.o
                                 0xf8 (size before relaxing)
 .debug_str     0x00000ab9       0x91 hscore/hscore.o
                                0x25b (size before relaxing)
 .debug_str     0x00000b4a       0x92 secondLCD/secondLCD.o
                                0x131 (size before relaxing)
 .debug_str     0x00000bdc        0xe dac.o
                                 0x38 (size before relaxing)
 .debug_str     0x00000bea      0x144 speaker/speaker.o
                                0x303 (size before relaxing)
 .debug_str     0x00000d2e       0x37 select.o
                                0x186 (size before relaxing)
 .debug_str     0x00000d65      0x193 startup/libea_startup_thumb.a(consol.o)
                                0x239 (size before relaxing)
 .debug_str     0x00000ef8       0xdd startup/libea_startup_thumb.a(framework.o)
                                0x135 (size before relaxing)
 .debug_str     0x00000fd5      0x2da pre_emptive_os/pre_emptive_os.a(kernel.o)
                                0x35e (size before relaxing)
 .debug_str     0x000012af       0x7d pre_emptive_os/pre_emptive_os.a(prioqueue.o)
                                0x246 (size before relaxing)
 .debug_str     0x0000132c      0x109 pre_emptive_os/pre_emptive_os.a(timer.o)
                                0x2f7 (size before relaxing)
 .debug_str     0x00001435       0x70 pre_emptive_os/pre_emptive_os.a(stack_usage.o)
                                0x22b (size before relaxing)
 .debug_str     0x000014a5      0x16f pre_emptive_os/pre_emptive_os.a(a7hal.o)
                                0x1dd (size before relaxing)
 .debug_str     0x00001614       0x49 pre_emptive_os/pre_emptive_os.a(count_sem.o)
                                0x25b (size before relaxing)
 .debug_str     0x0000165d       0x51 pre_emptive_os/pre_emptive_os.a(event.o)
                                0x265 (size before relaxing)
 .debug_str     0x000016ae       0xd1 /cygdrive/c/Embedded/GNUARM/bin/../lib/gcc/arm-elf/4.1.1/interwork/libgcc.a(_umoddi3.o)
                                0x17c (size before relaxing)
 .debug_str     0x00000000       0xff /cygdrive/c/Embedded/GNUARM/bin/../lib/gcc/arm-elf/4.1.1/interwork/libgcc.a(_clz.o)
 .debug_str     0x0000177f      0x3fc /cygdrive/c/Embedded/GNUARM/bin/../lib/gcc/arm-elf/4.1.1/../../../../arm-elf/lib/interwork/libc.a(atoi.o)
                                0x49e (size before relaxing)
 .debug_str     0x00001b7b       0xaa /cygdrive/c/Embedded/GNUARM/bin/../lib/gcc/arm-elf/4.1.1/../../../../arm-elf/lib/interwork/libc.a(memcpy.o)
                                 0xd6 (size before relaxing)
 .debug_str     0x00001c25       0x50 /cygdrive/c/Embedded/GNUARM/bin/../lib/gcc/arm-elf/4.1.1/../../../../arm-elf/lib/interwork/libc.a(memset.o)
                                0x120 (size before relaxing)
 .debug_str     0x00001c75       0x40 /cygdrive/c/Embedded/GNUARM/bin/../lib/gcc/arm-elf/4.1.1/../../../../arm-elf/lib/interwork/libc.a(rand.o)
                                0x4ad (size before relaxing)
 .debug_str     0x00001cb5       0x49 /cygdrive/c/Embedded/GNUARM/bin/../lib/gcc/arm-elf/4.1.1/../../../../arm-elf/lib/interwork/libc.a(strlen.o)
                                0x11f (size before relaxing)
 .debug_str     0x00001cfe       0x45 /cygdrive/c/Embedded/GNUARM/bin/../lib/gcc/arm-elf/4.1.1/../../../../arm-elf/lib/interwork/libc.a(strncpy.o)
                                0x136 (size before relaxing)
 .debug_str     0x00001d43       0x43 /cygdrive/c/Embedded/GNUARM/bin/../lib/gcc/arm-elf/4.1.1/../../../../arm-elf/lib/interwork/libc.a(strtok.o)
                                0x4ac (size before relaxing)
 .debug_str     0x00001d86       0x68 /cygdrive/c/Embedded/GNUARM/bin/../lib/gcc/arm-elf/4.1.1/../../../../arm-elf/lib/interwork/libc.a(strtok_r.o)
                                0x13e (size before relaxing)
 .debug_str     0x00001dee       0x78 /cygdrive/c/Embedded/GNUARM/bin/../lib/gcc/arm-elf/4.1.1/../../../../arm-elf/lib/interwork/libc.a(strtol.o)
                                0x4e0 (size before relaxing)
 .debug_str     0x00001e66       0x7b /cygdrive/c/Embedded/GNUARM/bin/../lib/gcc/arm-elf/4.1.1/../../../../arm-elf/lib/interwork/libc.a(ctype_.o)
                                 0xaa (size before relaxing)
 .debug_str     0x00001ee1       0x92 /cygdrive/c/Embedded/GNUARM/bin/../lib/gcc/arm-elf/4.1.1/../../../../arm-elf/lib/interwork/libc.a(impure.o)
                                0x4bc (size before relaxing)

.debug_loc      0x00000000     0x3e43
 *(.debug_loc)
 .debug_loc     0x00000000       0xd9 main.o
 .debug_loc     0x000000d9      0x374 eeprom.o
 .debug_loc     0x0000044d      0x406 i2c/i2c.o
 .debug_loc     0x00000853       0xbd pca9532.o
 .debug_loc     0x00000910      0x78e lcd/lcd.o
 .debug_loc     0x0000109e       0x79 lcd/lcd_hw.o
 .debug_loc     0x00001117       0x5c led/led_utils.o
 .debug_loc     0x00001173       0xf4 sd/diskio.o
 .debug_loc     0x00001267      0xb53 sd/pff.o
 .debug_loc     0x00001dba       0x8c sd/spi.o
 .debug_loc     0x00001e46      0x243 sd/sd.o
 .debug_loc     0x00002089      0x25c snake.o
 .debug_loc     0x000022e5       0xb8 joystick/joystick.o
 .debug_loc     0x0000239d       0x58 motor/motor.o
 .debug_loc     0x000023f5      0x12d hscore/hscore.o
 .debug_loc     0x00002522      0x133 secondLCD/secondLCD.o
 .debug_loc     0x00002655       0x5d speaker/speaker.o
 .debug_loc     0x000026b2       0x9d select.o
 .debug_loc     0x0000274f      0x5ee startup/libea_startup_thumb.a(consol.o)
 .debug_loc     0x00002d3d      0x1b2 startup/libea_startup_thumb.a(framework.o)
 .debug_loc     0x00002eef      0x7f3 /cygdrive/c/Embedded/GNUARM/bin/../lib/gcc/arm-elf/4.1.1/interwork/libgcc.a(_umoddi3.o)
 .debug_loc     0x000036e2       0x77 /cygdrive/c/Embedded/GNUARM/bin/../lib/gcc/arm-elf/4.1.1/../../../../arm-elf/lib/interwork/libc.a(atoi.o)
 .debug_loc     0x00003759       0xfc /cygdrive/c/Embedded/GNUARM/bin/../lib/gcc/arm-elf/4.1.1/../../../../arm-elf/lib/interwork/libc.a(memcpy.o)
 .debug_loc     0x00003855       0xa9 /cygdrive/c/Embedded/GNUARM/bin/../lib/gcc/arm-elf/4.1.1/../../../../arm-elf/lib/interwork/libc.a(memset.o)
 .debug_loc     0x000038fe       0x1f /cygdrive/c/Embedded/GNUARM/bin/../lib/gcc/arm-elf/4.1.1/../../../../arm-elf/lib/interwork/libc.a(rand.o)
 .debug_loc     0x0000391d       0x47 /cygdrive/c/Embedded/GNUARM/bin/../lib/gcc/arm-elf/4.1.1/../../../../arm-elf/lib/interwork/libc.a(strlen.o)
 .debug_loc     0x00003964      0x13e /cygdrive/c/Embedded/GNUARM/bin/../lib/gcc/arm-elf/4.1.1/../../../../arm-elf/lib/interwork/libc.a(strncpy.o)
 .debug_loc     0x00003aa2       0x45 /cygdrive/c/Embedded/GNUARM/bin/../lib/gcc/arm-elf/4.1.1/../../../../arm-elf/lib/interwork/libc.a(strtok.o)
 .debug_loc     0x00003ae7      0x151 /cygdrive/c/Embedded/GNUARM/bin/../lib/gcc/arm-elf/4.1.1/../../../../arm-elf/lib/interwork/libc.a(strtok_r.o)
 .debug_loc     0x00003c38      0x20b /cygdrive/c/Embedded/GNUARM/bin/../lib/gcc/arm-elf/4.1.1/../../../../arm-elf/lib/interwork/libc.a(strtol.o)

.debug_macinfo
 *(.debug_macinfo)

.debug_weaknames
 *(.debug_weaknames)

.debug_funcnames
 *(.debug_funcnames)

.debug_typenames
 *(.debug_typenames)

.debug_varnames
 *(.debug_varnames)
OUTPUT(kt_snake.elf elf32-littlearm)

.debug_ranges   0x00000000      0x260
 .debug_ranges  0x00000000       0xb8 sd/pff.o
 .debug_ranges  0x000000b8       0x60 hscore/hscore.o
 .debug_ranges  0x00000118       0x18 secondLCD/secondLCD.o
 .debug_ranges  0x00000130      0x130 /cygdrive/c/Embedded/GNUARM/bin/../lib/gcc/arm-elf/4.1.1/interwork/libgcc.a(_umoddi3.o)

Cross Reference Table

Symbol                                            File
____divsi3_change_to_arm                          /cygdrive/c/Embedded/GNUARM/bin/../lib/gcc/arm-elf/4.1.1/../../../../arm-elf/lib/interwork/libc.a(impure.o)
____divsi3_from_thumb                             /cygdrive/c/Embedded/GNUARM/bin/../lib/gcc/arm-elf/4.1.1/../../../../arm-elf/lib/interwork/libc.a(impure.o)
____modsi3_change_to_arm                          /cygdrive/c/Embedded/GNUARM/bin/../lib/gcc/arm-elf/4.1.1/../../../../arm-elf/lib/interwork/libc.a(impure.o)
____modsi3_from_thumb                             /cygdrive/c/Embedded/GNUARM/bin/../lib/gcc/arm-elf/4.1.1/../../../../arm-elf/lib/interwork/libc.a(impure.o)
____udivsi3_change_to_arm                         /cygdrive/c/Embedded/GNUARM/bin/../lib/gcc/arm-elf/4.1.1/../../../../arm-elf/lib/interwork/libc.a(impure.o)
____udivsi3_from_thumb                            /cygdrive/c/Embedded/GNUARM/bin/../lib/gcc/arm-elf/4.1.1/../../../../arm-elf/lib/interwork/libc.a(impure.o)
____umoddi3_change_to_arm                         /cygdrive/c/Embedded/GNUARM/bin/../lib/gcc/arm-elf/4.1.1/../../../../arm-elf/lib/interwork/libc.a(impure.o)
____umoddi3_from_thumb                            /cygdrive/c/Embedded/GNUARM/bin/../lib/gcc/arm-elf/4.1.1/../../../../arm-elf/lib/interwork/libc.a(impure.o)
____umodsi3_change_to_arm                         /cygdrive/c/Embedded/GNUARM/bin/../lib/gcc/arm-elf/4.1.1/../../../../arm-elf/lib/interwork/libc.a(impure.o)
____umodsi3_from_thumb                            /cygdrive/c/Embedded/GNUARM/bin/../lib/gcc/arm-elf/4.1.1/../../../../arm-elf/lib/interwork/libc.a(impure.o)
__aeabi_idiv                                      /cygdrive/c/Embedded/GNUARM/bin/../lib/gcc/arm-elf/4.1.1/interwork/libgcc.a(_divsi3.o)
__aeabi_idiv0                                     /cygdrive/c/Embedded/GNUARM/bin/../lib/gcc/arm-elf/4.1.1/interwork/libgcc.a(_dvmd_tls.o)
__aeabi_idivmod                                   /cygdrive/c/Embedded/GNUARM/bin/../lib/gcc/arm-elf/4.1.1/interwork/libgcc.a(_divsi3.o)
__aeabi_ldiv0                                     /cygdrive/c/Embedded/GNUARM/bin/../lib/gcc/arm-elf/4.1.1/interwork/libgcc.a(_dvmd_tls.o)
__aeabi_uidiv                                     /cygdrive/c/Embedded/GNUARM/bin/../lib/gcc/arm-elf/4.1.1/interwork/libgcc.a(_udivsi3.o)
__aeabi_uidivmod                                  /cygdrive/c/Embedded/GNUARM/bin/../lib/gcc/arm-elf/4.1.1/interwork/libgcc.a(_udivsi3.o)
__atoi_change_to_arm                              /cygdrive/c/Embedded/GNUARM/bin/../lib/gcc/arm-elf/4.1.1/../../../../arm-elf/lib/interwork/libc.a(impure.o)
__atoi_from_thumb                                 /cygdrive/c/Embedded/GNUARM/bin/../lib/gcc/arm-elf/4.1.1/../../../../arm-elf/lib/interwork/libc.a(impure.o)
__bss_end__                                       startup/libea_startup_thumb.a(startup.o)
__bss_start__                                     startup/libea_startup_thumb.a(startup.o)
__clz_tab                                         /cygdrive/c/Embedded/GNUARM/bin/../lib/gcc/arm-elf/4.1.1/interwork/libgcc.a(_clz.o)
                                                  /cygdrive/c/Embedded/GNUARM/bin/../lib/gcc/arm-elf/4.1.1/interwork/libgcc.a(_umoddi3.o)
__ctxSwitchIsr_oshal_change_to_arm                /cygdrive/c/Embedded/GNUARM/bin/../lib/gcc/arm-elf/4.1.1/../../../../arm-elf/lib/interwork/libc.a(impure.o)
__ctxSwitchIsr_oshal_from_thumb                   /cygdrive/c/Embedded/GNUARM/bin/../lib/gcc/arm-elf/4.1.1/../../../../arm-elf/lib/interwork/libc.a(impure.o)
__ctxSwitch_oshal_change_to_arm                   /cygdrive/c/Embedded/GNUARM/bin/../lib/gcc/arm-elf/4.1.1/../../../../arm-elf/lib/interwork/libc.a(impure.o)
__ctxSwitch_oshal_from_thumb                      /cygdrive/c/Embedded/GNUARM/bin/../lib/gcc/arm-elf/4.1.1/../../../../arm-elf/lib/interwork/libc.a(impure.o)
__ctype_ptr                                       /cygdrive/c/Embedded/GNUARM/bin/../lib/gcc/arm-elf/4.1.1/../../../../arm-elf/lib/interwork/libc.a(ctype_.o)
                                                  /cygdrive/c/Embedded/GNUARM/bin/../lib/gcc/arm-elf/4.1.1/../../../../arm-elf/lib/interwork/libc.a(strtol.o)
__div0                                            /cygdrive/c/Embedded/GNUARM/bin/../lib/gcc/arm-elf/4.1.1/interwork/libgcc.a(_dvmd_tls.o)
                                                  /cygdrive/c/Embedded/GNUARM/bin/../lib/gcc/arm-elf/4.1.1/interwork/libgcc.a(_modsi3.o)
                                                  /cygdrive/c/Embedded/GNUARM/bin/../lib/gcc/arm-elf/4.1.1/interwork/libgcc.a(_umodsi3.o)
                                                  /cygdrive/c/Embedded/GNUARM/bin/../lib/gcc/arm-elf/4.1.1/interwork/libgcc.a(_divsi3.o)
                                                  /cygdrive/c/Embedded/GNUARM/bin/../lib/gcc/arm-elf/4.1.1/interwork/libgcc.a(_udivsi3.o)
__divsi3                                          /cygdrive/c/Embedded/GNUARM/bin/../lib/gcc/arm-elf/4.1.1/interwork/libgcc.a(_divsi3.o)
                                                  pre_emptive_os/pre_emptive_os.a(stack_usage.o)
                                                  secondLCD/secondLCD.o
__eaInit_change_to_arm                            /cygdrive/c/Embedded/GNUARM/bin/../lib/gcc/arm-elf/4.1.1/../../../../arm-elf/lib/interwork/libc.a(impure.o)
__eaInit_from_thumb                               /cygdrive/c/Embedded/GNUARM/bin/../lib/gcc/arm-elf/4.1.1/../../../../arm-elf/lib/interwork/libc.a(impure.o)
__halDisableInterrupts_oshal_change_to_arm        /cygdrive/c/Embedded/GNUARM/bin/../lib/gcc/arm-elf/4.1.1/../../../../arm-elf/lib/interwork/libc.a(impure.o)
__halDisableInterrupts_oshal_from_thumb           /cygdrive/c/Embedded/GNUARM/bin/../lib/gcc/arm-elf/4.1.1/../../../../arm-elf/lib/interwork/libc.a(impure.o)
__halRestoreInterrupts_oshal_change_to_arm        /cygdrive/c/Embedded/GNUARM/bin/../lib/gcc/arm-elf/4.1.1/../../../../arm-elf/lib/interwork/libc.a(impure.o)
__halRestoreInterrupts_oshal_from_thumb           /cygdrive/c/Embedded/GNUARM/bin/../lib/gcc/arm-elf/4.1.1/../../../../arm-elf/lib/interwork/libc.a(impure.o)
__initTimer_oshal_change_to_arm                   /cygdrive/c/Embedded/GNUARM/bin/../lib/gcc/arm-elf/4.1.1/../../../../arm-elf/lib/interwork/libc.a(impure.o)
__initTimer_oshal_from_thumb                      /cygdrive/c/Embedded/GNUARM/bin/../lib/gcc/arm-elf/4.1.1/../../../../arm-elf/lib/interwork/libc.a(impure.o)
__memcpy_change_to_arm                            /cygdrive/c/Embedded/GNUARM/bin/../lib/gcc/arm-elf/4.1.1/../../../../arm-elf/lib/interwork/libc.a(impure.o)
__memcpy_from_thumb                               /cygdrive/c/Embedded/GNUARM/bin/../lib/gcc/arm-elf/4.1.1/../../../../arm-elf/lib/interwork/libc.a(impure.o)
__memset_change_to_arm                            /cygdrive/c/Embedded/GNUARM/bin/../lib/gcc/arm-elf/4.1.1/../../../../arm-elf/lib/interwork/libc.a(impure.o)
__memset_from_thumb                               /cygdrive/c/Embedded/GNUARM/bin/../lib/gcc/arm-elf/4.1.1/../../../../arm-elf/lib/interwork/libc.a(impure.o)
__modsi3                                          /cygdrive/c/Embedded/GNUARM/bin/../lib/gcc/arm-elf/4.1.1/interwork/libgcc.a(_modsi3.o)
                                                  secondLCD/secondLCD.o
                                                  snake.o
__osISRExit_from_arm                              /cygdrive/c/Embedded/GNUARM/bin/../lib/gcc/arm-elf/4.1.1/../../../../arm-elf/lib/interwork/libc.a(impure.o)
__osTick_from_arm                                 /cygdrive/c/Embedded/GNUARM/bin/../lib/gcc/arm-elf/4.1.1/../../../../arm-elf/lib/interwork/libc.a(impure.o)
__rand_change_to_arm                              /cygdrive/c/Embedded/GNUARM/bin/../lib/gcc/arm-elf/4.1.1/../../../../arm-elf/lib/interwork/libc.a(impure.o)
__rand_from_thumb                                 /cygdrive/c/Embedded/GNUARM/bin/../lib/gcc/arm-elf/4.1.1/../../../../arm-elf/lib/interwork/libc.a(impure.o)
__simplePrintf_change_to_arm                      /cygdrive/c/Embedded/GNUARM/bin/../lib/gcc/arm-elf/4.1.1/../../../../arm-elf/lib/interwork/libc.a(impure.o)
__simplePrintf_from_thumb                         /cygdrive/c/Embedded/GNUARM/bin/../lib/gcc/arm-elf/4.1.1/../../../../arm-elf/lib/interwork/libc.a(impure.o)
__srand_change_to_arm                             /cygdrive/c/Embedded/GNUARM/bin/../lib/gcc/arm-elf/4.1.1/../../../../arm-elf/lib/interwork/libc.a(impure.o)
__srand_from_thumb                                /cygdrive/c/Embedded/GNUARM/bin/../lib/gcc/arm-elf/4.1.1/../../../../arm-elf/lib/interwork/libc.a(impure.o)
__startHighProc_oshal_change_to_arm               /cygdrive/c/Embedded/GNUARM/bin/../lib/gcc/arm-elf/4.1.1/../../../../arm-elf/lib/interwork/libc.a(impure.o)
__startHighProc_oshal_from_thumb                  /cygdrive/c/Embedded/GNUARM/bin/../lib/gcc/arm-elf/4.1.1/../../../../arm-elf/lib/interwork/libc.a(impure.o)
__stkFrameInit_oshal_change_to_arm                /cygdrive/c/Embedded/GNUARM/bin/../lib/gcc/arm-elf/4.1.1/../../../../arm-elf/lib/interwork/libc.a(impure.o)
__stkFrameInit_oshal_from_thumb                   /cygdrive/c/Embedded/GNUARM/bin/../lib/gcc/arm-elf/4.1.1/../../../../arm-elf/lib/interwork/libc.a(impure.o)
__strlen_change_to_arm                            /cygdrive/c/Embedded/GNUARM/bin/../lib/gcc/arm-elf/4.1.1/../../../../arm-elf/lib/interwork/libc.a(impure.o)
__strlen_from_thumb                               /cygdrive/c/Embedded/GNUARM/bin/../lib/gcc/arm-elf/4.1.1/../../../../arm-elf/lib/interwork/libc.a(impure.o)
__strncpy_change_to_arm                           /cygdrive/c/Embedded/GNUARM/bin/../lib/gcc/arm-elf/4.1.1/../../../../arm-elf/lib/interwork/libc.a(impure.o)
__strncpy_from_thumb                              /cygdrive/c/Embedded/GNUARM/bin/../lib/gcc/arm-elf/4.1.1/../../../../arm-elf/lib/interwork/libc.a(impure.o)
__strtok_change_to_arm                            /cygdrive/c/Embedded/GNUARM/bin/../lib/gcc/arm-elf/4.1.1/../../../../arm-elf/lib/interwork/libc.a(impure.o)
__strtok_from_thumb                               /cygdrive/c/Embedded/GNUARM/bin/../lib/gcc/arm-elf/4.1.1/../../../../arm-elf/lib/interwork/libc.a(impure.o)
__strtok_r                                        /cygdrive/c/Embedded/GNUARM/bin/../lib/gcc/arm-elf/4.1.1/../../../../arm-elf/lib/interwork/libc.a(strtok_r.o)
                                                  /cygdrive/c/Embedded/GNUARM/bin/../lib/gcc/arm-elf/4.1.1/../../../../arm-elf/lib/interwork/libc.a(strtok.o)
__udivsi3                                         /cygdrive/c/Embedded/GNUARM/bin/../lib/gcc/arm-elf/4.1.1/interwork/libgcc.a(_udivsi3.o)
                                                  /cygdrive/c/Embedded/GNUARM/bin/../lib/gcc/arm-elf/4.1.1/../../../../arm-elf/lib/interwork/libc.a(strtol.o)
                                                  /cygdrive/c/Embedded/GNUARM/bin/../lib/gcc/arm-elf/4.1.1/interwork/libgcc.a(_umoddi3.o)
                                                  pre_emptive_os/pre_emptive_os.a(stack_usage.o)
                                                  startup/libea_startup_thumb.a(consol.o)
                                                  speaker/speaker.o
                                                  secondLCD/secondLCD.o
                                                  sd/pff.o
__umoddi3                                         /cygdrive/c/Embedded/GNUARM/bin/../lib/gcc/arm-elf/4.1.1/interwork/libgcc.a(_umoddi3.o)
                                                  speaker/speaker.o
__umodsi3                                         /cygdrive/c/Embedded/GNUARM/bin/../lib/gcc/arm-elf/4.1.1/interwork/libgcc.a(_umodsi3.o)
                                                  /cygdrive/c/Embedded/GNUARM/bin/../lib/gcc/arm-elf/4.1.1/../../../../arm-elf/lib/interwork/libc.a(strtol.o)
                                                  /cygdrive/c/Embedded/GNUARM/bin/../lib/gcc/arm-elf/4.1.1/interwork/libgcc.a(_umoddi3.o)
                                                  startup/libea_startup_thumb.a(consol.o)
                                                  secondLCD/secondLCD.o
                                                  sd/pff.o
_atoi_r                                           /cygdrive/c/Embedded/GNUARM/bin/../lib/gcc/arm-elf/4.1.1/../../../../arm-elf/lib/interwork/libc.a(atoi.o)
_call_via_fp                                      /cygdrive/c/Embedded/GNUARM/bin/../lib/gcc/arm-elf/4.1.1/interwork/libgcc.a(_call_via_rX.o)